[2016.02.07-14.32.36:122][  0]Log file open, 02/07/16 23:32:36
[2016.02.07-14.32.36:122][  0]LogInit:Display: Running engine for game: DJYamabiko
[2016.02.07-14.32.36:122][  0]LogPlatformFile: Not using cached read wrapper
[2016.02.07-14.32.36:122][  0]LogInit:Display: RandInit(926016388) SRandInit(926016389).
[2016.02.07-14.32.36:122][  0]LogTaskGraph: Started task graph with 4 named threads and 5 total threads.
[2016.02.07-14.32.36:122][  0]LogStats: Stats thread started at 0.052979
[2016.02.07-14.32.36:122][  0]LogInit: Version: 4.10.2-2818068+++depot+UE4-Releases+4.10
[2016.02.07-14.32.36:122][  0]LogInit: API Version: 2758231
[2016.02.07-14.32.36:122][  0]LogInit: Compiled (64-bit): Jan  6 2016 17:36:42
[2016.02.07-14.32.36:122][  0]LogInit: Compiled with Visual C++: 19.00.23026.00
[2016.02.07-14.32.36:122][  0]LogInit: Build Configuration: Development
[2016.02.07-14.32.36:122][  0]LogInit: Branch Name: ++depot+UE4-Releases+4.10
[2016.02.07-14.32.36:122][  0]LogInit: Command line: 
[2016.02.07-14.32.36:122][  0]LogInit: Base directory: C:/Program Files (x86)/Epic Games/4.10/Engine/Binaries/Win64/
[2016.02.07-14.32.36:122][  0]LogInit: Rocket: 1
[2016.02.07-14.32.36:126][  0]LogInit: Using libcurl 7.41.0
[2016.02.07-14.32.36:126][  0]LogInit:  - built for x86_64-pc-win32
[2016.02.07-14.32.36:126][  0]LogInit:  - supports SSL with WinSSL
[2016.02.07-14.32.36:126][  0]LogInit:  - other features:
[2016.02.07-14.32.36:126][  0]LogInit:      CURL_VERSION_SSL
[2016.02.07-14.32.36:126][  0]LogInit:      CURL_VERSION_IPV6
[2016.02.07-14.32.36:126][  0]LogInit:      CURL_VERSION_ASYNCHDNS
[2016.02.07-14.32.36:126][  0]LogInit:      CURL_VERSION_LARGEFILE
[2016.02.07-14.32.36:126][  0]LogInit:      CURL_VERSION_IDN
[2016.02.07-14.32.36:126][  0]LogInit:  CurlRequestOptions (configurable via config and command line):
[2016.02.07-14.32.36:126][  0]LogInit:  - bVerifyPeer = true  - Libcurl will verify peer certificate
[2016.02.07-14.32.36:126][  0]LogInit:  - bUseHttpProxy = false  - Libcurl will NOT use HTTP proxy
[2016.02.07-14.32.36:126][  0]LogInit:  - bDontReuseConnections = false  - Libcurl will reuse connections
[2016.02.07-14.32.36:126][  0]LogInit:  - CertBundlePath = nullptr  - Libcurl will use whatever was configured at build time.
[2016.02.07-14.32.36:130][  0]LogInit: Presizing for 0 objects not considered by GC, pre-allocating 0 bytes.
[2016.02.07-14.32.36:135][  0]LogInit: Object subsystem initialized
[2016.02.07-14.32.36:137][  0]LogInit: Selected Device Profile: [Windows]
[2016.02.07-14.32.36:137][  0]LogInit: Applying CVar settings loaded from the selected device profile: [Windows]
[2016.02.07-14.32.36:154][  0]LogInit: Computer: DESKTOP-6H4BEHG
[2016.02.07-14.32.36:154][  0]LogInit: User: kotaoue
[2016.02.07-14.32.36:154][  0]LogInit: CPU Page size=4096, Cores=2
[2016.02.07-14.32.36:154][  0]LogInit: High frequency timer resolution =2.742187 MHz
[2016.02.07-14.32.36:154][  0]LogMemory: Memory total: Physical=7.9GB (8GB approx)
[2016.02.07-14.32.36:154][  0]LogMemory: Platform Memory Stats for Windows
[2016.02.07-14.32.36:154][  0]LogMemory: Process Physical Memory: 55.85 MB used, 55.85 MB peak
[2016.02.07-14.32.36:154][  0]LogMemory: Process Virtual Memory: 57.47 MB used, 57.47 MB peak
[2016.02.07-14.32.36:154][  0]LogMemory: Physical Memory: 3741.49 MB used, 8115.96 MB total
[2016.02.07-14.32.36:154][  0]LogMemory: Virtual Memory: 382.29 MB used, 134217728.00 MB total
[2016.02.07-14.32.36:183][  0]LogTextLocalizationManager: No specific translations for ('ja-JP') exist, so ('ja') translations will be used.
[2016.02.07-14.32.36:266][  0]LogTextLocalizationManager:Warning: Loaded localization resources contain conflicting entries for (Namespace:K2Node, Key:false):
Localization Resource: (C:/Program Files (x86)/Epic Games/4.10/Engine/Content/Localization/EditorTutorials/ja/EditorTutorials.locres) Source String Hash: (816077464) Localized String: (偽)
Localization Resource: (C:/Program Files (x86)/Epic Games/4.10/Engine/Content/Localization/Engine/ja/Engine.locres) Source String Hash: (816077464) Localized String: (false)
[2016.02.07-14.32.36:266][  0]LogTextLocalizationManager:Warning: Loaded localization resources contain conflicting entries for (Namespace:K2Node, Key:true):
Localization Resource: (C:/Program Files (x86)/Epic Games/4.10/Engine/Content/Localization/EditorTutorials/ja/EditorTutorials.locres) Source String Hash: (-942328987) Localized String: (真)
Localization Resource: (C:/Program Files (x86)/Epic Games/4.10/Engine/Content/Localization/Engine/ja/Engine.locres) Source String Hash: (-942328987) Localized String: (true)
[2016.02.07-14.32.36:266][  0]LogTextLocalizationManager:Warning: Loaded localization resources contain conflicting entries for (Namespace:UObjectToolTips, Key:AnimNode_BlendSpacePlayer:bLoop):
Localization Resource: (C:/Program Files (x86)/Epic Games/4.10/Engine/Content/Localization/EditorTutorials/ja/EditorTutorials.locres) Source String Hash: (2133979316) Localized String: (再生が最後まで終わった後、ロープ再生するようにしますか？)
Localization Resource: (C:/Program Files (x86)/Epic Games/4.10/Engine/Content/Localization/ToolTips/ja/ToolTips.locres) Source String Hash: (2133979316) Localized String: (ループが最後まで到達した時に、アニメーションのループを継続するべきか？)
[2016.02.07-14.32.36:266][  0]LogTextLocalizationManager:Warning: Loaded localization resources contain conflicting entries for (Namespace:UObjectToolTips, Key:AnimNode_BlendSpacePlayer:X):
Localization Resource: (C:/Program Files (x86)/Epic Games/4.10/Engine/Content/Localization/EditorTutorials/ja/EditorTutorials.locres) Source String Hash: (2060772590) Localized String: (ブレンドスペースで値を取得するX座標)
Localization Resource: (C:/Program Files (x86)/Epic Games/4.10/Engine/Content/Localization/ToolTips/ja/ToolTips.locres) Source String Hash: (2060772590) Localized String: (ブレンドスペースでサンプリングするX座標)
[2016.02.07-14.32.36:266][  0]LogTextLocalizationManager:Warning: Loaded localization resources contain conflicting entries for (Namespace:UObjectToolTips, Key:AnimNode_BlendSpacePlayer:Y):
Localization Resource: (C:/Program Files (x86)/Epic Games/4.10/Engine/Content/Localization/EditorTutorials/ja/EditorTutorials.locres) Source String Hash: (-1719607538) Localized String: (ブレンドスペースで値を取得するY座標)
Localization Resource: (C:/Program Files (x86)/Epic Games/4.10/Engine/Content/Localization/ToolTips/ja/ToolTips.locres) Source String Hash: (-1719607538) Localized String: (ブレンドスペースでサンプリングするY座標)
[2016.02.07-14.32.36:266][  0]LogTextLocalizationManager:Warning: Loaded localization resources contain conflicting entries for (Namespace:UObjectToolTips, Key:AnimNode_BlendSpacePlayer:Z):
Localization Resource: (C:/Program Files (x86)/Epic Games/4.10/Engine/Content/Localization/EditorTutorials/ja/EditorTutorials.locres) Source String Hash: (1728943471) Localized String: (ブレンドスペースで値を取得するZ座標)
Localization Resource: (C:/Program Files (x86)/Epic Games/4.10/Engine/Content/Localization/ToolTips/ja/ToolTips.locres) Source String Hash: (1728943471) Localized String: (ブレンドスペースでサンプリングするZ座標)
[2016.02.07-14.32.36:266][  0]LogTextLocalizationManager:Warning: Loaded localization resources contain conflicting entries for (Namespace:UObjectToolTips, Key:AnimNode_BlendSpacePlayer:BlendSpace):
Localization Resource: (C:/Program Files (x86)/Epic Games/4.10/Engine/Content/Localization/EditorTutorials/ja/EditorTutorials.locres) Source String Hash: (1599043277) Localized String: (再生するブレンドスペースのアセット)
Localization Resource: (C:/Program Files (x86)/Epic Games/4.10/Engine/Content/Localization/ToolTips/ja/ToolTips.locres) Source String Hash: (1599043277) Localized String: (再生するブレンド空間アセット)
[2016.02.07-14.32.36:266][  0]LogTextLocalizationManager:Warning: Loaded localization resources contain conflicting entries for (Namespace:UObjectToolTips, Key:AnimNode_StateMachine:MaxTransitionsPerFrame):
Localization Resource: (C:/Program Files (x86)/Epic Games/4.10/Engine/Content/Localization/EditorTutorials/ja/EditorTutorials.locres) Source String Hash: (1567650430) Localized String: (このマシーンで1フレームあたりに同時に処理できるトランジションの最大数)
Localization Resource: (C:/Program Files (x86)/Epic Games/4.10/Engine/Content/Localization/ToolTips/ja/ToolTips.locres) Source String Hash: (1567650430) Localized String: (単一フレームでマシーンが「同時」に受け取れる遷移の最大数)
[2016.02.07-14.32.36:266][  0]LogTextLocalizationManager:Warning: Loaded localization resources contain conflicting entries for (Namespace:UObjectToolTips, Key:AnimNode_BlendSpacePlayer:PlayRate):
Localization Resource: (C:/Program Files (x86)/Epic Games/4.10/Engine/Content/Localization/EditorTutorials/ja/EditorTutorials.locres) Source String Hash: (-1274923958) Localized String: (再生速度の倍率です。負の数値も使う事ができます。その場合逆再生になります。)
Localization Resource: (C:/Program Files (x86)/Epic Games/4.10/Engine/Content/Localization/ToolTips/ja/ToolTips.locres) Source String Hash: (-1274923958) Localized String: (再生レート乗数。アニメーションを逆再生する負の値にすることができます。)
[2016.02.07-14.32.36:496][  0]LogD3D11RHI: Found D3D11 adapter 0: NVIDIA GeForce GPU (Feature Level 11_0)
[2016.02.07-14.32.36:496][  0]LogD3D11RHI: Adapter has 975MB of dedicated video memory, 0MB of dedicated system memory, and 4057MB of shared system memory, 1 output[s]
[2016.02.07-14.32.36:504][  0]LogD3D11RHI: Found D3D11 adapter 1: Intel(R) HD Graphics 520 (Feature Level 11_0)
[2016.02.07-14.32.36:504][  0]LogD3D11RHI: Adapter has 128MB of dedicated video memory, 0MB of dedicated system memory, and 4057MB of shared system memory, 0 output[s]
[2016.02.07-14.32.36:505][  0]LogD3D11RHI: Found D3D11 adapter 2: Microsoft Basic Render Driver (Feature Level 11_0)
[2016.02.07-14.32.36:505][  0]LogD3D11RHI: Adapter has 0MB of dedicated video memory, 0MB of dedicated system memory, and 4057MB of shared system memory, 0 output[s]
[2016.02.07-14.32.36:505][  0]LogD3D11RHI: Chosen D3D11 Adapter Id = 0
[2016.02.07-14.32.36:509][  0]LogD3D11RHI: !Direct3DDevice
[2016.02.07-14.32.36:509][  0]LogRHI: Texture pool is 683 MB (70% of 975 MB)
[2016.02.07-14.32.36:524][  0]LogD3D11RHI: Async texture creation enabled
[2016.02.07-14.32.36:542][  0]LogShaderCompilers: Guid format shader working directory is -19 characters bigger than the processId version (../../../../../../Users/kotaoue/Documents/Unreal Projects/DJYamabiko/Intermediate/Shaders/WorkingDirectory/480/).
[2016.02.07-14.32.36:542][  0]LogShaderCompilers: Cleaned the shader compiler working directory 'C:/Users/kotaoue/AppData/Local/Temp/UnrealShaderWorkingDir/070E957C42330B1FBBFC79BF8276EF96/'.
[2016.02.07-14.32.36:542][  0]LogShaderCompilers:Display: Using Local Shader Compiler.
[2016.02.07-14.32.37:297][  0]LogTemp:Display: Loaded TP AllDesktopTargetPlatform
[2016.02.07-14.32.37:301][  0]LogTemp:Display: Loaded TP WindowsClientTargetPlatform
[2016.02.07-14.32.37:305][  0]LogTemp:Display: Loaded TP WindowsNoEditorTargetPlatform
[2016.02.07-14.32.37:310][  0]LogTemp:Display: Loaded TP WindowsServerTargetPlatform
[2016.02.07-14.32.37:313][  0]LogTemp:Display: Loaded TP WindowsTargetPlatform
[2016.02.07-14.32.37:315][  0]LogTemp:Display: Loaded TP AndroidTargetPlatform
[2016.02.07-14.32.37:318][  0]LogTemp:Display: Loaded TP Android_ASTCTargetPlatform
[2016.02.07-14.32.37:321][  0]LogTemp:Display: Loaded TP Android_ATCTargetPlatform
[2016.02.07-14.32.37:324][  0]LogTemp:Display: Loaded TP Android_DXTTargetPlatform
[2016.02.07-14.32.37:326][  0]LogTemp:Display: Loaded TP Android_ETC1TargetPlatform
[2016.02.07-14.32.37:329][  0]LogTemp:Display: Loaded TP Android_ETC2TargetPlatform
[2016.02.07-14.32.37:334][  0]LogTemp:Display: Loaded TP Android_MultiTargetPlatform
[2016.02.07-14.32.37:334][  0]LogTemp:Display: Loaded TP Android_PVRTCTargetPlatform
[2016.02.07-14.32.37:335][  0]LogTemp:Display: Loaded TP HTML5TargetPlatform
[2016.02.07-14.32.37:351][  0]LogTemp:Display: Loaded TP IOSTargetPlatform
[2016.02.07-14.32.37:360][  0]LogTemp:Display: Loaded TP LinuxNoEditorTargetPlatform
[2016.02.07-14.32.37:370][  0]LogTemp:Display: Loaded TP LinuxServerTargetPlatform
[2016.02.07-14.32.37:380][  0]LogTemp:Display: Loaded TP LinuxTargetPlatform
[2016.02.07-14.32.37:380][  0]LogTargetPlatformManager:Display: Building Assets For Windows
[2016.02.07-14.32.37:452][  0]LogDerivedDataCache:Display: Max Cache Size: 512 MB
[2016.02.07-14.32.37:492][  0]LogDerivedDataCache: Loaded boot cache 0.04s 41MB C:/Users/kotaoue/AppData/Local/UnrealEngine/4.10/DerivedDataCache/Boot.ddc.
[2016.02.07-14.32.37:492][  0]LogDerivedDataCache:Display: Loaded Boot cache: C:/Users/kotaoue/AppData/Local/UnrealEngine/4.10/DerivedDataCache/Boot.ddc
[2016.02.07-14.32.37:492][  0]LogDerivedDataCache: FDerivedDataBackendGraph:  Pak pak cache file ../../../../../../Users/kotaoue/Documents/Unreal Projects/DJYamabiko/DerivedDataCache/DDC.ddp not found, will not use a pak cache.
[2016.02.07-14.32.37:492][  0]LogDerivedDataCache: Unable to find inner node Pak for hierarchical cache Hierarchy.
[2016.02.07-14.32.37:492][  0]LogDerivedDataCache: FDerivedDataBackendGraph:  CompressedPak pak cache file ../../../../../../Users/kotaoue/Documents/Unreal Projects/DJYamabiko/DerivedDataCache/Compressed.ddp not found, will not use a pak cache.
[2016.02.07-14.32.37:492][  0]LogDerivedDataCache: Unable to find inner node CompressedPak for hierarchical cache Hierarchy.
[2016.02.07-14.32.37:544][  0]LogDerivedDataCache:Display: Pak cache opened for reading ../../../Engine/DerivedDataCache/Compressed.ddp.
[2016.02.07-14.32.37:555][  0]LogDerivedDataCache: Using Local data cache path C:/Users/kotaoue/AppData/Local/UnrealEngine/Common/DerivedDataCache: Writable
[2016.02.07-14.32.37:718][  0]LogInit: Selected Device Profile: [Windows]
[2016.02.07-14.32.37:721][  0]LogContentStreaming: Texture pool size is 0.000000MB
[2016.02.07-14.32.37:819][  0]LogMeshUtilities: No automatic mesh reduction module available
[2016.02.07-14.32.37:819][  0]LogMeshUtilities: No automatic mesh merging module available
[2016.02.07-14.32.38:000][  0]LogInit: WinSock: version 1.1 (2.2), MaxSocks=32767, MaxUdp=65467
[2016.02.07-14.32.38:610][  0]UdpMessaging: Initializing bridge on interface 0.0.0.0:0 to multicast group 230.0.0.1:6666.
[2016.02.07-14.32.38:699][  0]LogAssetRegistry: FAssetRegistry took 0.0113 seconds to start up
[2016.02.07-14.32.38:845][  0]SourceControl: 情報 ソースコントロールは無効です
[2016.02.07-14.32.38:847][  0]SourceControl: 情報 ソースコントロールは無効です
[2016.02.07-14.32.38:856][  0]SourceControl: 情報 ソースコントロールは無効です
[2016.02.07-14.32.38:863][  0]SourceControl: 情報 ソースコントロールは無効です
[2016.02.07-14.32.39:032][  0]LogObj: 28633 objects as part of root set at end of initial load.
[2016.02.07-14.32.39:032][  0]LogUObjectAllocator: 6099752 out of 0 bytes used by permanent object pool.
[2016.02.07-14.32.39:082][  0]LogEngine: Initializing Engine...
[2016.02.07-14.32.39:084][  0]LogHMD: Can't find Oculus library dev build: is proper Runtime installed? Version: 0.8.0.0
[2016.02.07-14.32.39:085][  0]LogHMD: SteamVR failed to initialize.  Err: 110
[2016.02.07-14.32.39:192][  0]LogAIModule: Creating AISystem for world NewWorld
[2016.02.07-14.32.39:195][  0]LogInit: XAudio2 using 'スピーカー (Realtek High Definition Audio(SST))' : 2 channels at 48 kHz using 32 bits per sample (channel mask 0x3)
[2016.02.07-14.32.39:285][  0]LogInit: FAudioDevice initialized.
[2016.02.07-14.32.39:307][  0]LogDerivedDataCache: Saved boot cache 0.02s 41MB C:/Users/kotaoue/AppData/Local/UnrealEngine/4.10/DerivedDataCache/Boot.ddc.
[2016.02.07-14.32.39:311][  0]LogInit: Texture streaming: Enabled
[2016.02.07-14.32.39:314][  0]LogAnalytics: Creating configured Analytics provider AnalyticsET
[2016.02.07-14.32.39:314][  0]LogAnalytics: [UEEditor.Rocket.Release] APIServer = http://et2.epicgames.com/ET2/. AppVersion = 4.10.2-2818068+++depot+UE4-Releases+4.10
[2016.02.07-14.32.39:314][  0]LogAnalytics: [UEEditor.Rocket.Release] SetUserId e6a45628499ebad7e50ee59e90a624e2|e9f0bced813a41ad9e36b4a9379bc38d|b25a5126-ec2c-468a-9d1d-b80f0e81c3bf
[2016.02.07-14.32.39:314][  0]LogAnalytics: [UEEditor.Rocket.Release] AnalyticsET::StartSession
[2016.02.07-14.32.39:322][  0]LogInit: Transaction tracking system initialized
[2016.02.07-14.32.39:339][  0]BlueprintLog: New page: エディタの読み込み
[2016.02.07-14.32.39:416][  0]LocalizationService: 情報 ローカライズのサービスが無効になりました
[2016.02.07-14.32.39:477][  0]LogConsoleResponse:Display: 
[2016.02.07-14.32.39:589][  0]LogCook:Display: Done creating registry. It took  0.00s.
[2016.02.07-14.32.39:632][  0]LogFileCache: Scanning file cache for directory 'C:/Users/kotaoue/Documents/Unreal Projects/DJYamabiko/Content/' took 0.02s
[2016.02.07-14.32.39:632][  0]SourceControl: 情報 ソースコントロールは無効です
[2016.02.07-14.32.39:633][  0]Cmd: MAP LOAD FILE="../../../../../../Users/kotaoue/Documents/Unreal Projects/DJYamabiko/Content/RollingBP/Maps/RollingBPExampleMap.umap" TEMPLATE=0 SHOWPROGRESS=1 FEATURELEVEL=3
[2016.02.07-14.32.39:637][  0]LightingResults: New page: ライティングのビルド
[2016.02.07-14.32.39:639][  0]MapCheck: New page: マップをチェック
[2016.02.07-14.32.39:639][  0]LightingResults: New page: <何も選択されていません>
[2016.02.07-14.32.39:657][  0]LogParticles: Destroying 0 GPU particle simulations for FXSystem 0x0000025A6540B740
[2016.02.07-14.32.40:709][  0]LogAIModule: Creating AISystem for world RollingBPExampleMap
[2016.02.07-14.32.40:718][  0]LogEditorServer: Finished looking for orphan Actors (0.000 secs)
[2016.02.07-14.32.40:720][  0]Cmd: MAP CHECKDEP NOCLEARLOG
[2016.02.07-14.32.40:756][  0]MapCheck: 情報 マップチェックが完了: 0 エラー、 0 警告、完了に 35.595ミリ秒かかりました。
[2016.02.07-14.32.40:756][  0]LogFileHelpers: Loading map 'RollingBPExampleMap' took 1.123
[2016.02.07-14.32.40:933][  0]LogCollectionManager: Loaded 0 collections in 0.001160 seconds
[2016.02.07-14.32.40:997][  0]LogFileCache: Scanning file cache for directory 'C:/Users/kotaoue/Documents/Unreal Projects/DJYamabiko/Saved/Collections/' took 0.01s
[2016.02.07-14.32.40:997][  0]LogFileCache: Scanning file cache for directory 'C:/Users/kotaoue/Documents/Unreal Projects/DJYamabiko/Content/Developers/kotaoue/Collections/' took 0.01s
[2016.02.07-14.32.40:997][  0]LogFileCache: Scanning file cache for directory 'C:/Users/kotaoue/Documents/Unreal Projects/DJYamabiko/Content/Collections/' took 0.01s
[2016.02.07-14.32.40:997][  0]LogCollectionManager: Rebuilt the GUID cache for 0 collections in 0.000002 seconds
[2016.02.07-14.32.41:010][  0]LogContentBrowser: Native class hierarchy populated in 0.0123 seconds. Added 1893 classes and 338 folders.
[2016.02.07-14.32.41:022][  0]LogContentBrowser: Native class hierarchy updated for 'WidgetCarousel' in 0.0003 seconds. Added 0 classes and 0 folders.
[2016.02.07-14.32.41:366][  0]LogContentBrowser: Native class hierarchy updated for 'AddContentDialog' in 0.0003 seconds. Added 0 classes and 0 folders.
[2016.02.07-14.32.41:380][  0]LogContentBrowser: Native class hierarchy updated for 'SceneOutliner' in 0.0004 seconds. Added 1 classes and 2 folders.
[2016.02.07-14.32.41:479][  0]LogCrashTracker: Crashtracker disabled due to settings.
[2016.02.07-14.32.41:494][  0]LogUObjectGlobals:Warning: オブジェクト 'Class なし.' が見つかりませんでした
[2016.02.07-14.32.41:518][  0]LogLoad: Full Startup: 5.80 seconds (BP compile: 0.05 seconds)
[2016.02.07-14.32.41:548][  0]LogWindowsTextInputMethodSystem:Display: IME system now activated using TSF (Microsoft IME).
[2016.02.07-14.32.41:548][  0]LogWindowsTextInputMethodSystem:Display: IME system now activated using TSF (Microsoft IME).
[2016.02.07-14.32.41:556][  0]LogOcInput: Can't find Oculus library dev build: is proper Runtime installed? Version: 0.8.0.0
[2016.02.07-14.32.41:683][  0]LogContentStreaming: Texture pool size now 1000 MB
[2016.02.07-14.32.41:828][  0]LogRenderer: Reallocating scene render targets to support 944x520 (Frame:2).
[2016.02.07-14.32.42:303][  3]LogAssetRegistry: Asset discovery search completed in 3.6154 seconds
[2016.02.07-14.32.42:303][  3]LogCollectionManager: Rebuilt the object cache for 0 collections in 0.000001 seconds (found 0 objects)
[2016.02.07-14.32.42:303][  3]LogCollectionManager: Fixed up redirectors for 0 collections in 0.000021 seconds (updated 0 objects)
[2016.02.07-14.33.20:791][181]LogBlueprintUserMessages: Early PlayInEditor Detection: Level '/Game/RollingBP/Maps/RollingBPExampleMap.RollingBPExampleMap:PersistentLevel' has LevelScriptBlueprint '/Game/RollingBP/Maps/RollingBPExampleMap.RollingBPExampleMap:PersistentLevel.RollingBPExampleMap' with GeneratedClass '/Game/RollingBP/Maps/RollingBPExampleMap.RollingBPExampleMap_C' with ClassGeneratedBy '/Game/RollingBP/Maps/RollingBPExampleMap.RollingBPExampleMap:PersistentLevel.RollingBPExampleMap'
[2016.02.07-14.33.20:791][181]LogPlayLevel: PlayLevel: No blueprints needed recompiling
[2016.02.07-14.33.20:792][181]PIE: New page: PIEセッション: RollingBPExampleMap (2016/02/08 8:33:20)
[2016.02.07-14.33.20:792][181]LogPlayLevel: Creating play world package: /Game/RollingBP/Maps/UEDPIE_0_RollingBPExampleMap
[2016.02.07-14.33.20:821][181]LogPlayLevel: PIE: StaticDuplicateObject took: (0.029595s)
[2016.02.07-14.33.20:822][181]LogAIModule: Creating AISystem for world RollingBPExampleMap
[2016.02.07-14.33.20:822][181]LogPlayLevel: PIE: World Init took: (0.001030s)
[2016.02.07-14.33.20:823][181]LogPlayLevel: PIE: Created PIE world by copying editor world from /Game/RollingBP/Maps/RollingBPExampleMap.RollingBPExampleMap to /Game/RollingBP/Maps/UEDPIE_0_RollingBPExampleMap.RollingBPExampleMap (0.030983s)
[2016.02.07-14.33.20:856][181]LogInit: XAudio2 using 'スピーカー (Realtek High Definition Audio(SST))' : 2 channels at 48 kHz using 32 bits per sample (channel mask 0x3)
[2016.02.07-14.33.20:861][181]LogInit: FAudioDevice initialized.
[2016.02.07-14.33.20:919][181]LogWorld: Game class is 'RollingGameMode_C'
[2016.02.07-14.33.20:929][181]LogWorld: Bringing World /Game/RollingBP/Maps/UEDPIE_0_RollingBPExampleMap.RollingBPExampleMap up for play (max tick rate 60) at 2016.02.07-23.33.20
[2016.02.07-14.33.20:929][181]LogActor:Warning: GameSession /Game/RollingBP/Maps/UEDPIE_0_RollingBPExampleMap.RollingBPExampleMap:PersistentLevel.GameSession_0 has natively added scene component(s), but none of them were set as the actor's RootComponent - picking one arbitrarily
[2016.02.07-14.33.20:929][181]LogActor:Warning: GameNetworkManager /Game/RollingBP/Maps/UEDPIE_0_RollingBPExampleMap.RollingBPExampleMap:PersistentLevel.GameNetworkManager_0 has natively added scene component(s), but none of them were set as the actor's RootComponent - picking one arbitrarily
[2016.02.07-14.33.20:930][181]LogWorld: Bringing up level for play took: 0.007824
[2016.02.07-14.33.20:946][181]PIE: 情報 /Game/RollingBP/Maps/UEDPIE_0_RollingBPExampleMap 0.939のプレイ イン エディタの開始時間
[2016.02.07-14.33.20:946][181]LogBlueprintUserMessages: Late PlayInEditor Detection: Level '/Game/RollingBP/Maps/RollingBPExampleMap.RollingBPExampleMap:PersistentLevel' has LevelScriptBlueprint '/Game/RollingBP/Maps/RollingBPExampleMap.RollingBPExampleMap:PersistentLevel.RollingBPExampleMap' with GeneratedClass '/Game/RollingBP/Maps/RollingBPExampleMap.RollingBPExampleMap_C' with ClassGeneratedBy '/Game/RollingBP/Maps/RollingBPExampleMap.RollingBPExampleMap:PersistentLevel.RollingBPExampleMap'
[2016.02.07-14.33.31:093][783]LogBlueprintUserMessages: Early EndPlayMap Detection: Level '/Game/RollingBP/Maps/RollingBPExampleMap.RollingBPExampleMap:PersistentLevel' has LevelScriptBlueprint '/Game/RollingBP/Maps/RollingBPExampleMap.RollingBPExampleMap:PersistentLevel.RollingBPExampleMap' with GeneratedClass '/Game/RollingBP/Maps/RollingBPExampleMap.RollingBPExampleMap_C' with ClassGeneratedBy '/Game/RollingBP/Maps/RollingBPExampleMap.RollingBPExampleMap:PersistentLevel.RollingBPExampleMap'
[2016.02.07-14.33.31:163][783]LogBlueprintUserMessages: Late EndPlayMap Detection: Level '/Game/RollingBP/Maps/RollingBPExampleMap.RollingBPExampleMap:PersistentLevel' has LevelScriptBlueprint '/Game/RollingBP/Maps/RollingBPExampleMap.RollingBPExampleMap:PersistentLevel.RollingBPExampleMap' with GeneratedClass '/Game/RollingBP/Maps/RollingBPExampleMap.RollingBPExampleMap_C' with ClassGeneratedBy '/Game/RollingBP/Maps/RollingBPExampleMap.RollingBPExampleMap:PersistentLevel.RollingBPExampleMap'
[2016.02.07-14.33.31:183][783]LogParticles: Destroying 0 GPU particle simulations for FXSystem 0x0000025A719D5580
[2016.02.07-14.33.38:085][129]LogLinker:Warning: Asset '../../../Engine/Content/ArtTools/RenderToTexture/Macros/RenderToTextureMacros.uasset' has been saved with empty engine version. The asset will be loaded but may be incompatible.
[2016.02.07-14.33.38:569][129]LogContentBrowser: Native class hierarchy updated for 'BlueprintGraph' in 0.0006 seconds. Added 107 classes and 0 folders.
[2016.02.07-14.36.52:040][207]LogRenderer: Reallocating scene render targets to support 944x820 (Frame:5804).
[2016.02.07-14.40.56:482][868]LogBlueprintUserMessages: Early PlayInEditor Detection: Level '/Game/RollingBP/Maps/RollingBPExampleMap.RollingBPExampleMap:PersistentLevel' has LevelScriptBlueprint '/Game/RollingBP/Maps/RollingBPExampleMap.RollingBPExampleMap:PersistentLevel.RollingBPExampleMap' with GeneratedClass '/Game/RollingBP/Maps/RollingBPExampleMap.RollingBPExampleMap_C' with ClassGeneratedBy '/Game/RollingBP/Maps/RollingBPExampleMap.RollingBPExampleMap:PersistentLevel.RollingBPExampleMap'
[2016.02.07-14.40.56:482][868]BlueprintLog: New page: Pre-Play auto-recompile
[2016.02.07-14.40.56:501][868]LogPlayLevel: [PlayLevel] Compiling PhysicsBallBP before play...
[2016.02.07-14.40.56:586][868]LogPlayLevel: PlayLevel: Blueprint regeneration took 103 ms (1 blueprints)
[2016.02.07-14.40.56:620][868]LogParticles: Destroying 0 GPU particle simulations for FXSystem 0x0000025A719D7920
[2016.02.07-14.40.56:625][868]PIE: New page: PIEセッション: RollingBPExampleMap (2016/02/08 8:40:56)
[2016.02.07-14.40.56:625][868]LogPlayLevel: Creating play world package: /Game/RollingBP/Maps/UEDPIE_0_RollingBPExampleMap
[2016.02.07-14.40.56:652][868]LogPlayLevel: PIE: StaticDuplicateObject took: (0.026995s)
[2016.02.07-14.40.56:653][868]LogAIModule: Creating AISystem for world RollingBPExampleMap
[2016.02.07-14.40.56:653][868]LogPlayLevel: PIE: World Init took: (0.001009s)
[2016.02.07-14.40.56:653][868]LogPlayLevel: PIE: Created PIE world by copying editor world from /Game/RollingBP/Maps/RollingBPExampleMap.RollingBPExampleMap to /Game/RollingBP/Maps/UEDPIE_0_RollingBPExampleMap.RollingBPExampleMap (0.028294s)
[2016.02.07-14.40.56:694][868]LogInit: XAudio2 using 'スピーカー (Realtek High Definition Audio(SST))' : 2 channels at 48 kHz using 32 bits per sample (channel mask 0x3)
[2016.02.07-14.40.56:700][868]LogInit: FAudioDevice initialized.
[2016.02.07-14.40.56:736][868]LogWorld: Game class is 'RollingGameMode_C'
[2016.02.07-14.40.56:744][868]LogWorld: Bringing World /Game/RollingBP/Maps/UEDPIE_0_RollingBPExampleMap.RollingBPExampleMap up for play (max tick rate 60) at 2016.02.07-23.40.56
[2016.02.07-14.40.56:744][868]LogActor:Warning: GameSession /Game/RollingBP/Maps/UEDPIE_0_RollingBPExampleMap.RollingBPExampleMap:PersistentLevel.GameSession_1 has natively added scene component(s), but none of them were set as the actor's RootComponent - picking one arbitrarily
[2016.02.07-14.40.56:744][868]LogActor:Warning: GameNetworkManager /Game/RollingBP/Maps/UEDPIE_0_RollingBPExampleMap.RollingBPExampleMap:PersistentLevel.GameNetworkManager_1 has natively added scene component(s), but none of them were set as the actor's RootComponent - picking one arbitrarily
[2016.02.07-14.40.56:745][868]LogWorld: Bringing up level for play took: 0.008295
[2016.02.07-14.40.56:746][868]PIE: 情報 /Game/RollingBP/Maps/UEDPIE_0_RollingBPExampleMap 0.738のプレイ イン エディタの開始時間
[2016.02.07-14.40.56:746][868]LogBlueprintUserMessages: Late PlayInEditor Detection: Level '/Game/RollingBP/Maps/RollingBPExampleMap.RollingBPExampleMap:PersistentLevel' has LevelScriptBlueprint '/Game/RollingBP/Maps/RollingBPExampleMap.RollingBPExampleMap:PersistentLevel.RollingBPExampleMap' with GeneratedClass '/Game/RollingBP/Maps/RollingBPExampleMap.RollingBPExampleMap_C' with ClassGeneratedBy '/Game/RollingBP/Maps/RollingBPExampleMap.RollingBPExampleMap:PersistentLevel.RollingBPExampleMap'
[2016.02.07-14.41.01:736][ 92]LogBlueprintUserMessages: Early EndPlayMap Detection: Level '/Game/RollingBP/Maps/RollingBPExampleMap.RollingBPExampleMap:PersistentLevel' has LevelScriptBlueprint '/Game/RollingBP/Maps/RollingBPExampleMap.RollingBPExampleMap:PersistentLevel.RollingBPExampleMap' with GeneratedClass '/Game/RollingBP/Maps/RollingBPExampleMap.RollingBPExampleMap_C' with ClassGeneratedBy '/Game/RollingBP/Maps/RollingBPExampleMap.RollingBPExampleMap:PersistentLevel.RollingBPExampleMap'
[2016.02.07-14.41.01:785][ 92]LogBlueprintUserMessages: Late EndPlayMap Detection: Level '/Game/RollingBP/Maps/RollingBPExampleMap.RollingBPExampleMap:PersistentLevel' has LevelScriptBlueprint '/Game/RollingBP/Maps/RollingBPExampleMap.RollingBPExampleMap:PersistentLevel.RollingBPExampleMap' with GeneratedClass '/Game/RollingBP/Maps/RollingBPExampleMap.RollingBPExampleMap_C' with ClassGeneratedBy '/Game/RollingBP/Maps/RollingBPExampleMap.RollingBPExampleMap:PersistentLevel.RollingBPExampleMap'
[2016.02.07-14.41.01:924][ 93]LogParticles: Destroying 0 GPU particle simulations for FXSystem 0x0000025A109AA980
[2016.02.07-14.41.05:146][240]LogBlueprintUserMessages: Early PlayInEditor Detection: Level '/Game/RollingBP/Maps/RollingBPExampleMap.RollingBPExampleMap:PersistentLevel' has LevelScriptBlueprint '/Game/RollingBP/Maps/RollingBPExampleMap.RollingBPExampleMap:PersistentLevel.RollingBPExampleMap' with GeneratedClass '/Game/RollingBP/Maps/RollingBPExampleMap.RollingBPExampleMap_C' with ClassGeneratedBy '/Game/RollingBP/Maps/RollingBPExampleMap.RollingBPExampleMap:PersistentLevel.RollingBPExampleMap'
[2016.02.07-14.41.05:146][240]LogPlayLevel: PlayLevel: No blueprints needed recompiling
[2016.02.07-14.41.05:147][240]PIE: New page: PIEセッション: RollingBPExampleMap (2016/02/08 8:41:05)
[2016.02.07-14.41.05:147][240]LogPlayLevel: Creating play world package: /Game/RollingBP/Maps/UEDPIE_0_RollingBPExampleMap
[2016.02.07-14.41.05:170][240]LogPlayLevel: PIE: StaticDuplicateObject took: (0.023134s)
[2016.02.07-14.41.05:171][240]LogAIModule: Creating AISystem for world RollingBPExampleMap
[2016.02.07-14.41.05:171][240]LogPlayLevel: PIE: World Init took: (0.001335s)
[2016.02.07-14.41.05:171][240]LogPlayLevel: PIE: Created PIE world by copying editor world from /Game/RollingBP/Maps/RollingBPExampleMap.RollingBPExampleMap to /Game/RollingBP/Maps/UEDPIE_0_RollingBPExampleMap.RollingBPExampleMap (0.024826s)
[2016.02.07-14.41.05:218][240]LogParticles: Destroying 0 GPU particle simulations for FXSystem 0x0000025A0FF17880
[2016.02.07-14.41.05:224][240]LogInit: XAudio2 using 'スピーカー (Realtek High Definition Audio(SST))' : 2 channels at 48 kHz using 32 bits per sample (channel mask 0x3)
[2016.02.07-14.41.05:231][240]LogInit: FAudioDevice initialized.
[2016.02.07-14.41.05:268][240]LogWorld: Game class is 'RollingGameMode_C'
[2016.02.07-14.41.05:277][240]LogWorld: Bringing World /Game/RollingBP/Maps/UEDPIE_0_RollingBPExampleMap.RollingBPExampleMap up for play (max tick rate 60) at 2016.02.07-23.41.05
[2016.02.07-14.41.05:277][240]LogActor:Warning: GameSession /Game/RollingBP/Maps/UEDPIE_0_RollingBPExampleMap.RollingBPExampleMap:PersistentLevel.GameSession_2 has natively added scene component(s), but none of them were set as the actor's RootComponent - picking one arbitrarily
[2016.02.07-14.41.05:277][240]LogActor:Warning: GameNetworkManager /Game/RollingBP/Maps/UEDPIE_0_RollingBPExampleMap.RollingBPExampleMap:PersistentLevel.GameNetworkManager_2 has natively added scene component(s), but none of them were set as the actor's RootComponent - picking one arbitrarily
[2016.02.07-14.41.05:278][240]LogWorld: Bringing up level for play took: 0.009469
[2016.02.07-14.41.05:278][240]PIE: 情報 /Game/RollingBP/Maps/UEDPIE_0_RollingBPExampleMap -0.729のプレイ イン エディタの開始時間
[2016.02.07-14.41.05:279][240]LogBlueprintUserMessages: Late PlayInEditor Detection: Level '/Game/RollingBP/Maps/RollingBPExampleMap.RollingBPExampleMap:PersistentLevel' has LevelScriptBlueprint '/Game/RollingBP/Maps/RollingBPExampleMap.RollingBPExampleMap:PersistentLevel.RollingBPExampleMap' with GeneratedClass '/Game/RollingBP/Maps/RollingBPExampleMap.RollingBPExampleMap_C' with ClassGeneratedBy '/Game/RollingBP/Maps/RollingBPExampleMap.RollingBPExampleMap:PersistentLevel.RollingBPExampleMap'
[2016.02.07-14.41.25:362][440]LogBlueprintUserMessages: Early EndPlayMap Detection: Level '/Game/RollingBP/Maps/RollingBPExampleMap.RollingBPExampleMap:PersistentLevel' has LevelScriptBlueprint '/Game/RollingBP/Maps/RollingBPExampleMap.RollingBPExampleMap:PersistentLevel.RollingBPExampleMap' with GeneratedClass '/Game/RollingBP/Maps/RollingBPExampleMap.RollingBPExampleMap_C' with ClassGeneratedBy '/Game/RollingBP/Maps/RollingBPExampleMap.RollingBPExampleMap:PersistentLevel.RollingBPExampleMap'
[2016.02.07-14.41.25:399][440]LogBlueprintUserMessages: Late EndPlayMap Detection: Level '/Game/RollingBP/Maps/RollingBPExampleMap.RollingBPExampleMap:PersistentLevel' has LevelScriptBlueprint '/Game/RollingBP/Maps/RollingBPExampleMap.RollingBPExampleMap:PersistentLevel.RollingBPExampleMap' with GeneratedClass '/Game/RollingBP/Maps/RollingBPExampleMap.RollingBPExampleMap_C' with ClassGeneratedBy '/Game/RollingBP/Maps/RollingBPExampleMap.RollingBPExampleMap:PersistentLevel.RollingBPExampleMap'
[2016.02.07-14.41.25:454][441]LogParticles: Destroying 0 GPU particle simulations for FXSystem 0x0000025A564DF060
[2016.02.07-14.41.50:946][666]LogEditorTransaction: Undo Addピン
[2016.02.07-14.43.54:721][ 62]LogBlueprintUserMessages: Early PlayInEditor Detection: Level '/Game/RollingBP/Maps/RollingBPExampleMap.RollingBPExampleMap:PersistentLevel' has LevelScriptBlueprint '/Game/RollingBP/Maps/RollingBPExampleMap.RollingBPExampleMap:PersistentLevel.RollingBPExampleMap' with GeneratedClass '/Game/RollingBP/Maps/RollingBPExampleMap.RollingBPExampleMap_C' with ClassGeneratedBy '/Game/RollingBP/Maps/RollingBPExampleMap.RollingBPExampleMap:PersistentLevel.RollingBPExampleMap'
[2016.02.07-14.43.54:721][ 62]BlueprintLog: New page: Pre-Play auto-recompile
[2016.02.07-14.43.54:737][ 62]LogPlayLevel: [PlayLevel] Compiling PhysicsBallBP before play...
[2016.02.07-14.43.54:803][ 62]LogPlayLevel: PlayLevel: Blueprint regeneration took 81 ms (1 blueprints)
[2016.02.07-14.43.54:842][ 62]PIE: New page: PIEセッション: RollingBPExampleMap (2016/02/08 8:43:54)
[2016.02.07-14.43.54:842][ 62]LogPlayLevel: Creating play world package: /Game/RollingBP/Maps/UEDPIE_0_RollingBPExampleMap
[2016.02.07-14.43.54:869][ 62]LogPlayLevel: PIE: StaticDuplicateObject took: (0.027322s)
[2016.02.07-14.43.54:870][ 62]LogAIModule: Creating AISystem for world RollingBPExampleMap
[2016.02.07-14.43.54:870][ 62]LogPlayLevel: PIE: World Init took: (0.000833s)
[2016.02.07-14.43.54:870][ 62]LogPlayLevel: PIE: Created PIE world by copying editor world from /Game/RollingBP/Maps/RollingBPExampleMap.RollingBPExampleMap to /Game/RollingBP/Maps/UEDPIE_0_RollingBPExampleMap.RollingBPExampleMap (0.028445s)
[2016.02.07-14.43.54:912][ 62]LogInit: XAudio2 using 'スピーカー (Realtek High Definition Audio(SST))' : 2 channels at 48 kHz using 32 bits per sample (channel mask 0x3)
[2016.02.07-14.43.54:917][ 62]LogInit: FAudioDevice initialized.
[2016.02.07-14.43.54:955][ 62]LogWorld: Game class is 'RollingGameMode_C'
[2016.02.07-14.43.54:963][ 62]LogWorld: Bringing World /Game/RollingBP/Maps/UEDPIE_0_RollingBPExampleMap.RollingBPExampleMap up for play (max tick rate 60) at 2016.02.07-23.43.54
[2016.02.07-14.43.54:963][ 62]LogActor:Warning: GameSession /Game/RollingBP/Maps/UEDPIE_0_RollingBPExampleMap.RollingBPExampleMap:PersistentLevel.GameSession_3 has natively added scene component(s), but none of them were set as the actor's RootComponent - picking one arbitrarily
[2016.02.07-14.43.54:963][ 62]LogActor:Warning: GameNetworkManager /Game/RollingBP/Maps/UEDPIE_0_RollingBPExampleMap.RollingBPExampleMap:PersistentLevel.GameNetworkManager_3 has natively added scene component(s), but none of them were set as the actor's RootComponent - picking one arbitrarily
[2016.02.07-14.43.54:963][ 62]LogWorld: Bringing up level for play took: 0.008346
[2016.02.07-14.43.54:964][ 62]PIE: 情報 /Game/RollingBP/Maps/UEDPIE_0_RollingBPExampleMap 0.956のプレイ イン エディタの開始時間
[2016.02.07-14.43.54:964][ 62]LogBlueprintUserMessages: Late PlayInEditor Detection: Level '/Game/RollingBP/Maps/RollingBPExampleMap.RollingBPExampleMap:PersistentLevel' has LevelScriptBlueprint '/Game/RollingBP/Maps/RollingBPExampleMap.RollingBPExampleMap:PersistentLevel.RollingBPExampleMap' with GeneratedClass '/Game/RollingBP/Maps/RollingBPExampleMap.RollingBPExampleMap_C' with ClassGeneratedBy '/Game/RollingBP/Maps/RollingBPExampleMap.RollingBPExampleMap:PersistentLevel.RollingBPExampleMap'
[2016.02.07-14.44.19:360][203]LogBlueprintUserMessages: Early EndPlayMap Detection: Level '/Game/RollingBP/Maps/RollingBPExampleMap.RollingBPExampleMap:PersistentLevel' has LevelScriptBlueprint '/Game/RollingBP/Maps/RollingBPExampleMap.RollingBPExampleMap:PersistentLevel.RollingBPExampleMap' with GeneratedClass '/Game/RollingBP/Maps/RollingBPExampleMap.RollingBPExampleMap_C' with ClassGeneratedBy '/Game/RollingBP/Maps/RollingBPExampleMap.RollingBPExampleMap:PersistentLevel.RollingBPExampleMap'
[2016.02.07-14.44.19:400][203]LogBlueprintUserMessages: Late EndPlayMap Detection: Level '/Game/RollingBP/Maps/RollingBPExampleMap.RollingBPExampleMap:PersistentLevel' has LevelScriptBlueprint '/Game/RollingBP/Maps/RollingBPExampleMap.RollingBPExampleMap:PersistentLevel.RollingBPExampleMap' with GeneratedClass '/Game/RollingBP/Maps/RollingBPExampleMap.RollingBPExampleMap_C' with ClassGeneratedBy '/Game/RollingBP/Maps/RollingBPExampleMap.RollingBPExampleMap:PersistentLevel.RollingBPExampleMap'
[2016.02.07-14.44.19:525][204]LogParticles: Destroying 0 GPU particle simulations for FXSystem 0x0000025A0F73E7A0
[2016.02.07-14.44.21:195][276]LogBlueprintUserMessages: Early PlayInEditor Detection: Level '/Game/RollingBP/Maps/RollingBPExampleMap.RollingBPExampleMap:PersistentLevel' has LevelScriptBlueprint '/Game/RollingBP/Maps/RollingBPExampleMap.RollingBPExampleMap:PersistentLevel.RollingBPExampleMap' with GeneratedClass '/Game/RollingBP/Maps/RollingBPExampleMap.RollingBPExampleMap_C' with ClassGeneratedBy '/Game/RollingBP/Maps/RollingBPExampleMap.RollingBPExampleMap:PersistentLevel.RollingBPExampleMap'
[2016.02.07-14.44.21:196][276]LogPlayLevel: PlayLevel: No blueprints needed recompiling
[2016.02.07-14.44.21:196][276]PIE: New page: PIEセッション: RollingBPExampleMap (2016/02/08 8:44:21)
[2016.02.07-14.44.21:196][276]LogPlayLevel: Creating play world package: /Game/RollingBP/Maps/UEDPIE_0_RollingBPExampleMap
[2016.02.07-14.44.21:222][276]LogPlayLevel: PIE: StaticDuplicateObject took: (0.026709s)
[2016.02.07-14.44.21:223][276]LogAIModule: Creating AISystem for world RollingBPExampleMap
[2016.02.07-14.44.21:223][276]LogPlayLevel: PIE: World Init took: (0.001014s)
[2016.02.07-14.44.21:224][276]LogPlayLevel: PIE: Created PIE world by copying editor world from /Game/RollingBP/Maps/RollingBPExampleMap.RollingBPExampleMap to /Game/RollingBP/Maps/UEDPIE_0_RollingBPExampleMap.RollingBPExampleMap (0.028042s)
[2016.02.07-14.44.21:269][276]LogInit: XAudio2 using 'スピーカー (Realtek High Definition Audio(SST))' : 2 channels at 48 kHz using 32 bits per sample (channel mask 0x3)
[2016.02.07-14.44.21:274][276]LogInit: FAudioDevice initialized.
[2016.02.07-14.44.21:326][276]LogWorld: Game class is 'RollingGameMode_C'
[2016.02.07-14.44.21:335][276]LogWorld: Bringing World /Game/RollingBP/Maps/UEDPIE_0_RollingBPExampleMap.RollingBPExampleMap up for play (max tick rate 60) at 2016.02.07-23.44.21
[2016.02.07-14.44.21:335][276]LogActor:Warning: GameSession /Game/RollingBP/Maps/UEDPIE_0_RollingBPExampleMap.RollingBPExampleMap:PersistentLevel.GameSession_4 has natively added scene component(s), but none of them were set as the actor's RootComponent - picking one arbitrarily
[2016.02.07-14.44.21:336][276]LogActor:Warning: GameNetworkManager /Game/RollingBP/Maps/UEDPIE_0_RollingBPExampleMap.RollingBPExampleMap:PersistentLevel.GameNetworkManager_4 has natively added scene component(s), but none of them were set as the actor's RootComponent - picking one arbitrarily
[2016.02.07-14.44.21:336][276]LogWorld: Bringing up level for play took: 0.009526
[2016.02.07-14.44.21:337][276]PIE: 情報 /Game/RollingBP/Maps/UEDPIE_0_RollingBPExampleMap -0.671のプレイ イン エディタの開始時間
[2016.02.07-14.44.21:337][276]LogBlueprintUserMessages: Late PlayInEditor Detection: Level '/Game/RollingBP/Maps/RollingBPExampleMap.RollingBPExampleMap:PersistentLevel' has LevelScriptBlueprint '/Game/RollingBP/Maps/RollingBPExampleMap.RollingBPExampleMap:PersistentLevel.RollingBPExampleMap' with GeneratedClass '/Game/RollingBP/Maps/RollingBPExampleMap.RollingBPExampleMap_C' with ClassGeneratedBy '/Game/RollingBP/Maps/RollingBPExampleMap.RollingBPExampleMap:PersistentLevel.RollingBPExampleMap'
[2016.02.07-14.44.23:436][369]LogBlueprintUserMessages: Early EndPlayMap Detection: Level '/Game/RollingBP/Maps/RollingBPExampleMap.RollingBPExampleMap:PersistentLevel' has LevelScriptBlueprint '/Game/RollingBP/Maps/RollingBPExampleMap.RollingBPExampleMap:PersistentLevel.RollingBPExampleMap' with GeneratedClass '/Game/RollingBP/Maps/RollingBPExampleMap.RollingBPExampleMap_C' with ClassGeneratedBy '/Game/RollingBP/Maps/RollingBPExampleMap.RollingBPExampleMap:PersistentLevel.RollingBPExampleMap'
[2016.02.07-14.44.23:491][369]LogBlueprintUserMessages: Late EndPlayMap Detection: Level '/Game/RollingBP/Maps/RollingBPExampleMap.RollingBPExampleMap:PersistentLevel' has LevelScriptBlueprint '/Game/RollingBP/Maps/RollingBPExampleMap.RollingBPExampleMap:PersistentLevel.RollingBPExampleMap' with GeneratedClass '/Game/RollingBP/Maps/RollingBPExampleMap.RollingBPExampleMap_C' with ClassGeneratedBy '/Game/RollingBP/Maps/RollingBPExampleMap.RollingBPExampleMap:PersistentLevel.RollingBPExampleMap'
[2016.02.07-14.44.23:622][370]LogParticles: Destroying 0 GPU particle simulations for FXSystem 0x0000025A0FA3D1C0
[2016.02.07-14.44.27:104][534]LogBlueprintUserMessages: Early PlayInEditor Detection: Level '/Game/RollingBP/Maps/RollingBPExampleMap.RollingBPExampleMap:PersistentLevel' has LevelScriptBlueprint '/Game/RollingBP/Maps/RollingBPExampleMap.RollingBPExampleMap:PersistentLevel.RollingBPExampleMap' with GeneratedClass '/Game/RollingBP/Maps/RollingBPExampleMap.RollingBPExampleMap_C' with ClassGeneratedBy '/Game/RollingBP/Maps/RollingBPExampleMap.RollingBPExampleMap:PersistentLevel.RollingBPExampleMap'
[2016.02.07-14.44.27:104][534]LogPlayLevel: PlayLevel: No blueprints needed recompiling
[2016.02.07-14.44.27:105][534]PIE: New page: PIEセッション: RollingBPExampleMap (2016/02/08 8:44:27)
[2016.02.07-14.44.27:105][534]LogPlayLevel: Creating play world package: /Game/RollingBP/Maps/UEDPIE_0_RollingBPExampleMap
[2016.02.07-14.44.27:128][534]LogPlayLevel: PIE: StaticDuplicateObject took: (0.023753s)
[2016.02.07-14.44.27:129][534]LogAIModule: Creating AISystem for world RollingBPExampleMap
[2016.02.07-14.44.27:129][534]LogPlayLevel: PIE: World Init took: (0.001016s)
[2016.02.07-14.44.27:130][534]LogPlayLevel: PIE: Created PIE world by copying editor world from /Game/RollingBP/Maps/RollingBPExampleMap.RollingBPExampleMap to /Game/RollingBP/Maps/UEDPIE_0_RollingBPExampleMap.RollingBPExampleMap (0.025054s)
[2016.02.07-14.44.27:168][534]LogInit: XAudio2 using 'スピーカー (Realtek High Definition Audio(SST))' : 2 channels at 48 kHz using 32 bits per sample (channel mask 0x3)
[2016.02.07-14.44.27:173][534]LogInit: FAudioDevice initialized.
[2016.02.07-14.44.27:231][534]LogWorld: Game class is 'RollingGameMode_C'
[2016.02.07-14.44.27:246][534]LogWorld: Bringing World /Game/RollingBP/Maps/UEDPIE_0_RollingBPExampleMap.RollingBPExampleMap up for play (max tick rate 60) at 2016.02.07-23.44.27
[2016.02.07-14.44.27:246][534]LogActor:Warning: GameSession /Game/RollingBP/Maps/UEDPIE_0_RollingBPExampleMap.RollingBPExampleMap:PersistentLevel.GameSession_5 has natively added scene component(s), but none of them were set as the actor's RootComponent - picking one arbitrarily
[2016.02.07-14.44.27:246][534]LogActor:Warning: GameNetworkManager /Game/RollingBP/Maps/UEDPIE_0_RollingBPExampleMap.RollingBPExampleMap:PersistentLevel.GameNetworkManager_5 has natively added scene component(s), but none of them were set as the actor's RootComponent - picking one arbitrarily
[2016.02.07-14.44.27:247][534]LogWorld: Bringing up level for play took: 0.014867
[2016.02.07-14.44.27:248][534]PIE: 情報 /Game/RollingBP/Maps/UEDPIE_0_RollingBPExampleMap -0.76のプレイ イン エディタの開始時間
[2016.02.07-14.44.27:248][534]LogBlueprintUserMessages: Late PlayInEditor Detection: Level '/Game/RollingBP/Maps/RollingBPExampleMap.RollingBPExampleMap:PersistentLevel' has LevelScriptBlueprint '/Game/RollingBP/Maps/RollingBPExampleMap.RollingBPExampleMap:PersistentLevel.RollingBPExampleMap' with GeneratedClass '/Game/RollingBP/Maps/RollingBPExampleMap.RollingBPExampleMap_C' with ClassGeneratedBy '/Game/RollingBP/Maps/RollingBPExampleMap.RollingBPExampleMap:PersistentLevel.RollingBPExampleMap'
[2016.02.07-14.44.33:993][933]LogBlueprintUserMessages: Early EndPlayMap Detection: Level '/Game/RollingBP/Maps/RollingBPExampleMap.RollingBPExampleMap:PersistentLevel' has LevelScriptBlueprint '/Game/RollingBP/Maps/RollingBPExampleMap.RollingBPExampleMap:PersistentLevel.RollingBPExampleMap' with GeneratedClass '/Game/RollingBP/Maps/RollingBPExampleMap.RollingBPExampleMap_C' with ClassGeneratedBy '/Game/RollingBP/Maps/RollingBPExampleMap.RollingBPExampleMap:PersistentLevel.RollingBPExampleMap'
[2016.02.07-14.44.34:029][933]LogBlueprintUserMessages: Late EndPlayMap Detection: Level '/Game/RollingBP/Maps/RollingBPExampleMap.RollingBPExampleMap:PersistentLevel' has LevelScriptBlueprint '/Game/RollingBP/Maps/RollingBPExampleMap.RollingBPExampleMap:PersistentLevel.RollingBPExampleMap' with GeneratedClass '/Game/RollingBP/Maps/RollingBPExampleMap.RollingBPExampleMap_C' with ClassGeneratedBy '/Game/RollingBP/Maps/RollingBPExampleMap.RollingBPExampleMap:PersistentLevel.RollingBPExampleMap'
[2016.02.07-14.44.34:086][934]LogParticles: Destroying 0 GPU particle simulations for FXSystem 0x0000025A1D14EF20
[2016.02.07-14.44.34:756][969]MapCheck: New page: マップをチェック
[2016.02.07-14.44.34:849][969]Cmd: MAP REBUILD ALLVISIBLE
[2016.02.07-14.44.34:850][969]LogEditorServer: Rebuildmap Clear paths rebuilt
[2016.02.07-14.44.34:918][969]LogParticles: Destroying 0 GPU particle simulations for FXSystem 0x0000025A0FF16020
[2016.02.07-14.44.34:922][969]MapCheck:Warning: 警告 WorldInfo_0 Hierarchical LOD System is disabled or no HLOD level settings available, unable to build LOD actors. 
[2016.02.07-14.44.34:922][969]LogStats:          STAT_HLOD_BuildClusters - 36.746 ms
[2016.02.07-14.44.34:923][969]LightingResults: New page: ライティングのビルド - 2016/02/08 8:44:34
[2016.02.07-14.44.38:226][969]LogStaticLightingSystem: Running Lightmass w/ ImmediateImport mode ENABLED
[2016.02.07-14.44.38:226][969]LogStaticLightingSystem: Running Lightmass w/ ImmediateProcess mode ENABLED
[2016.02.07-14.44.38:226][969]LogStaticLightingSystem: Running Lightmass w/ Sorting mode ENABLED
[2016.02.07-14.44.38:226][969]LogStaticLightingSystem: Running Lightmass w/ Mapping paddings ENABLED
[2016.02.07-14.44.38:226][969]LogStaticLightingSystem: Running Lightmass w/ Mapping debug paddings DISABLED
[2016.02.07-14.44.38:382][969]LogEditorBuildUtils: Build time 0:00:03
[2016.02.07-14.45.36:354][802]LogSavePackage: Save=6958.046875ms
[2016.02.07-14.45.36:354][802]LogSavePackage: Moving '../../../../../../Users/kotaoue/Documents/Unreal Projects/DJYamabiko/Saved/RollingBPExampleMap_Auto1ED27887F4B23A60C12A474A9393CA80E.tmp' to '../../../../../../Users/kotaoue/Documents/Unreal Projects/DJYamabiko/Saved/Autosaves/Game/RollingBP/Maps/RollingBPExampleMap_Auto1.umap'
[2016.02.07-14.45.36:356][802]LogSavePackage: Total save time: 7090.839174ms
[2016.02.07-14.45.36:356][802]LogSavePackage:Display: Finished SavePackage ../../../../../../Users/kotaoue/Documents/Unreal Projects/DJYamabiko/Saved/Autosaves/Game/RollingBP/Maps/RollingBPExampleMap_Auto1.umap
[2016.02.07-14.45.36:383][802]LogFileHelpers: Editor autosave (incl. sublevels) for '/Game/RollingBP/Maps/RollingBPExampleMap' took 7.228
[2016.02.07-14.45.36:383][802]LogFileHelpers: Editor autosave (incl. sublevels) for all levels took 7.228
[2016.02.07-14.45.36:392][802]OBJ SavePackage: Generating thumbnails for [1] asset(s) in package [/Game/RollingBP/Blueprints/PhysicsBallBP] ([1] browsable assets)...
[2016.02.07-14.45.36:434][802]OBJ SavePackage:     Rendered thumbnail for [Blueprint /Game/RollingBP/Blueprints/PhysicsBallBP.PhysicsBallBP]
[2016.02.07-14.45.36:434][802]OBJ SavePackage: Finished generating thumbnails for package [/Game/RollingBP/Blueprints/PhysicsBallBP]
[2016.02.07-14.45.36:586][802]LogSavePackage: Save=142.613907ms
[2016.02.07-14.45.36:587][802]LogSavePackage: Moving '../../../../../../Users/kotaoue/Documents/Unreal Projects/DJYamabiko/Saved/PhysicsBallBP_Auto12DD20F1C4167AD5B164494A00A8DC858.tmp' to '../../../../../../Users/kotaoue/Documents/Unreal Projects/DJYamabiko/Saved/Autosaves/Game/RollingBP/Blueprints/PhysicsBallBP_Auto1.uasset'
[2016.02.07-14.45.36:588][802]LogSavePackage: Total save time: 152.207706ms
[2016.02.07-14.45.36:588][802]LogSavePackage:Display: Finished SavePackage ../../../../../../Users/kotaoue/Documents/Unreal Projects/DJYamabiko/Saved/Autosaves/Game/RollingBP/Blueprints/PhysicsBallBP_Auto1.uasset
[2016.02.07-14.45.36:588][802]LogFileHelpers: Auto-saving content packages took 0.203
[2016.02.07-14.46.04:325][886]Job is a success!
[2016.02.07-14.46.06:286][887]LogTexture:Display: テクスチャをビルド中: SkyOcclusion1_1 (AutoDXT)
[2016.02.07-14.46.07:283][887]LogTexture:Display: テクスチャをビルド中: LQ_Lightmap_1_22 (DXT1)
[2016.02.07-14.46.07:288][887]LogTexture:Display: テクスチャをビルド中: HQ_Lightmap1_22 (AutoDXT)
[2016.02.07-14.46.07:288][887]LogTexture:Display: テクスチャをビルド中: SkyOcclusion1_22 (AutoDXT)
[2016.02.07-14.46.07:292][887]LogTexture:Display: テクスチャをビルド中: LQ_Lightmap_0_21 (DXT1)
[2016.02.07-14.46.07:322][887]LogTexture:Display: テクスチャをビルド中: HQ_Lightmap0_21 (AutoDXT)
[2016.02.07-14.46.07:359][887]LogTexture:Display: テクスチャをビルド中: SkyOcclusion0_21 (AutoDXT)
[2016.02.07-14.46.07:380][887]LogTexture:Display: テクスチャをビルド中: LQ_Lightmap_0_20 (DXT1)
[2016.02.07-14.46.07:406][887]LogTexture:Display: テクスチャをビルド中: HQ_Lightmap0_20 (AutoDXT)
[2016.02.07-14.46.07:462][887]LogTexture:Display: テクスチャをビルド中: SkyOcclusion0_20 (AutoDXT)
[2016.02.07-14.46.07:511][887]LogTexture:Display: テクスチャをビルド中: LQ_Lightmap_0_19 (DXT1)
[2016.02.07-14.46.07:554][887]LogTexture:Display: テクスチャをビルド中: HQ_Lightmap0_19 (AutoDXT)
[2016.02.07-14.46.07:653][887]LogTexture:Display: テクスチャをビルド中: SkyOcclusion0_19 (AutoDXT)
[2016.02.07-14.46.07:699][887]LogTexture:Display: テクスチャをビルド中: LQ_Lightmap_0_18 (DXT1)
[2016.02.07-14.46.07:720][887]LogTexture:Display: テクスチャをビルド中: HQ_Lightmap0_18 (AutoDXT)
[2016.02.07-14.46.07:760][887]LogTexture:Display: テクスチャをビルド中: SkyOcclusion0_18 (AutoDXT)
[2016.02.07-14.46.07:782][887]LogTexture:Display: テクスチャをビルド中: LQ_Lightmap_0_17 (DXT1)
[2016.02.07-14.46.07:823][887]LogTexture:Display: テクスチャをビルド中: HQ_Lightmap0_17 (AutoDXT)
[2016.02.07-14.46.07:885][887]LogTexture:Display: テクスチャをビルド中: SkyOcclusion0_17 (AutoDXT)
[2016.02.07-14.46.07:916][887]LogTexture:Display: テクスチャをビルド中: LQ_Lightmap_0_16 (DXT1)
[2016.02.07-14.46.07:971][887]LogTexture:Display: テクスチャをビルド中: HQ_Lightmap0_16 (AutoDXT)
[2016.02.07-14.46.08:082][887]LogTexture:Display: テクスチャをビルド中: SkyOcclusion0_16 (AutoDXT)
[2016.02.07-14.46.08:134][887]LogTexture:Display: テクスチャをビルド中: LQ_Lightmap_1_15 (DXT1)
[2016.02.07-14.46.08:165][887]LogTexture:Display: テクスチャをビルド中: HQ_Lightmap1_15 (AutoDXT)
[2016.02.07-14.46.08:229][887]LogTexture:Display: テクスチャをビルド中: SkyOcclusion1_15 (AutoDXT)
[2016.02.07-14.46.08:263][887]LogTexture:Display: テクスチャをビルド中: LQ_Lightmap_0_14 (DXT1)
[2016.02.07-14.46.08:283][887]LogTexture:Display: テクスチャをビルド中: HQ_Lightmap0_14 (AutoDXT)
[2016.02.07-14.46.08:326][887]LogTexture:Display: テクスチャをビルド中: SkyOcclusion0_14 (AutoDXT)
[2016.02.07-14.46.08:353][887]LogTexture:Display: テクスチャをビルド中: LQ_Lightmap_0_13 (DXT1)
[2016.02.07-14.46.08:376][887]LogTexture:Display: テクスチャをビルド中: HQ_Lightmap0_13 (AutoDXT)
[2016.02.07-14.46.08:454][887]LogTexture:Display: テクスチャをビルド中: SkyOcclusion0_13 (AutoDXT)
[2016.02.07-14.46.08:495][887]LogTexture:Display: テクスチャをビルド中: LQ_Lightmap_1_12 (DXT1)
[2016.02.07-14.46.08:529][887]LogTexture:Display: テクスチャをビルド中: HQ_Lightmap1_12 (AutoDXT)
[2016.02.07-14.46.08:595][887]LogTexture:Display: テクスチャをビルド中: SkyOcclusion1_12 (AutoDXT)
[2016.02.07-14.46.08:634][887]LogTexture:Display: テクスチャをビルド中: LQ_Lightmap_0_11 (DXT1)
[2016.02.07-14.46.08:662][887]LogTexture:Display: テクスチャをビルド中: HQ_Lightmap0_11 (AutoDXT)
[2016.02.07-14.46.08:731][887]LogTexture:Display: テクスチャをビルド中: SkyOcclusion0_11 (AutoDXT)
[2016.02.07-14.46.08:766][887]LogTexture:Display: テクスチャをビルド中: LQ_Lightmap_1_10 (DXT1)
[2016.02.07-14.46.08:807][887]LogTexture:Display: テクスチャをビルド中: HQ_Lightmap1_10 (AutoDXT)
[2016.02.07-14.46.08:904][887]LogTexture:Display: テクスチャをビルド中: SkyOcclusion1_10 (AutoDXT)
[2016.02.07-14.46.08:946][887]LogTexture:Display: テクスチャをビルド中: LQ_Lightmap_0_9 (DXT1)
[2016.02.07-14.46.09:009][887]LogTexture:Display: テクスチャをビルド中: HQ_Lightmap0_9 (AutoDXT)
[2016.02.07-14.46.09:136][887]LogTexture:Display: テクスチャをビルド中: SkyOcclusion0_9 (AutoDXT)
[2016.02.07-14.46.09:196][887]LogTexture:Display: テクスチャをビルド中: LQ_Lightmap_1_8 (DXT1)
[2016.02.07-14.46.09:528][887]LogTexture:Display: テクスチャをビルド中: HQ_Lightmap1_8 (AutoDXT)
[2016.02.07-14.46.10:387][887]LogTexture:Display: テクスチャをビルド中: SkyOcclusion1_8 (AutoDXT)
[2016.02.07-14.46.10:575][887]LogTexture:Display: テクスチャをビルド中: LQ_Lightmap_1_7 (DXT1)
[2016.02.07-14.46.10:953][887]LogTexture:Display: テクスチャをビルド中: HQ_Lightmap1_7 (AutoDXT)
[2016.02.07-14.46.12:335][887]LogTexture:Display: テクスチャをビルド中: SkyOcclusion1_7 (AutoDXT)
[2016.02.07-14.46.12:739][887]LogTexture:Display: テクスチャをビルド中: LQ_Lightmap_1_6 (DXT1)
[2016.02.07-14.46.13:160][887]LogTexture:Display: テクスチャをビルド中: HQ_Lightmap1_6 (AutoDXT)
[2016.02.07-14.46.14:297][887]LogTexture:Display: テクスチャをビルド中: SkyOcclusion1_6 (AutoDXT)
[2016.02.07-14.46.14:823][887]LogTexture:Display: テクスチャをビルド中: LQ_Lightmap_1_5 (DXT1)
[2016.02.07-14.46.15:256][887]LogTexture:Display: テクスチャをビルド中: HQ_Lightmap1_5 (AutoDXT)
[2016.02.07-14.46.16:528][887]LogTexture:Display: テクスチャをビルド中: SkyOcclusion1_5 (AutoDXT)
[2016.02.07-14.46.16:972][887]LogTexture:Display: テクスチャをビルド中: LQ_Lightmap_1_4 (DXT1)
[2016.02.07-14.46.17:556][887]LogTexture:Display: テクスチャをビルド中: HQ_Lightmap1_4 (AutoDXT)
[2016.02.07-14.46.18:498][887]LogTexture:Display: テクスチャをビルド中: SkyOcclusion1_4 (AutoDXT)
[2016.02.07-14.46.18:827][887]LogTexture:Display: テクスチャをビルド中: LQ_Lightmap_1_3 (DXT1)
[2016.02.07-14.46.19:198][887]LogTexture:Display: テクスチャをビルド中: HQ_Lightmap1_3 (AutoDXT)
[2016.02.07-14.46.20:155][887]LogTexture:Display: テクスチャをビルド中: SkyOcclusion1_3 (AutoDXT)
[2016.02.07-14.46.20:588][887]LogTexture:Display: テクスチャをビルド中: LQ_Lightmap_1_2 (DXT1)
[2016.02.07-14.46.20:974][887]LogTexture:Display: テクスチャをビルド中: HQ_Lightmap1_2 (AutoDXT)
[2016.02.07-14.46.21:988][887]LogTexture:Display: テクスチャをビルド中: SkyOcclusion1_2 (AutoDXT)
[2016.02.07-14.46.22:367][887]LogTexture:Display: テクスチャをビルド中: LQ_Lightmap_1_1 (DXT1)
[2016.02.07-14.46.22:979][887]LogTexture:Display: テクスチャをビルド中: HQ_Lightmap1_1 (AutoDXT)
[2016.02.07-14.46.24:974][887]LogTexture:Display: テクスチャをビルド中: ShadowMapTexture2D_5 (G8)
[2016.02.07-14.46.25:470][887]LogTexture:Display: テクスチャをビルド中: ShadowMapTexture2D_8 (G8)
[2016.02.07-14.46.25:955][887]LogTexture:Display: テクスチャをビルド中: ShadowMapTexture2D_9 (G8)
[2016.02.07-14.46.26:460][887]LogTexture:Display: テクスチャをビルド中: ShadowMapTexture2D_10 (G8)
[2016.02.07-14.46.26:967][887]LogTexture:Display: テクスチャをビルド中: ShadowMapTexture2D_12 (G8)
[2016.02.07-14.46.27:071][887]LogTexture:Display: テクスチャをビルド中: ShadowMapTexture2D_13 (G8)
[2016.02.07-14.46.27:106][887]LogTexture:Display: テクスチャをビルド中: ShadowMapTexture2D_14 (G8)
[2016.02.07-14.46.27:150][887]LogTexture:Display: テクスチャをビルド中: ShadowMapTexture2D_15 (G8)
[2016.02.07-14.46.27:192][887]LogTexture:Display: テクスチャをビルド中: ShadowMapTexture2D_16 (G8)
[2016.02.07-14.46.27:202][887]LogTexture:Display: テクスチャをビルド中: ShadowMapTexture2D_17 (G8)
[2016.02.07-14.46.27:234][887]LogTexture:Display: テクスチャをビルド中: ShadowMapTexture2D_19 (G8)
[2016.02.07-14.46.27:266][887]LogTexture:Display: テクスチャをビルド中: ShadowMapTexture2D_21 (G8)
[2016.02.07-14.46.27:301][887]LogTexture:Display: テクスチャをビルド中: ShadowMapTexture2D_22 (G8)
[2016.02.07-14.46.27:312][887]LogTexture:Display: テクスチャをビルド中: ShadowMapTexture2D_23 (G8)
[2016.02.07-14.46.27:341][887]LogTexture:Display: テクスチャをビルド中: ShadowMapTexture2D_24 (G8)
[2016.02.07-14.46.27:352][887]LogTexture:Display: テクスチャをビルド中: ShadowMapTexture2D_25 (G8)
[2016.02.07-14.46.27:361][887]LogTexture:Display: テクスチャをビルド中: ShadowMapTexture2D_26 (G8)
[2016.02.07-14.46.27:364][887]LogTexture:Display: テクスチャをビルド中: ShadowMapTexture2D_27 (G8)
[2016.02.07-14.46.27:403][887]Lightmass on DESKTOP-6H4BEHG: 1:48 min total, 147 ms importing, 5 ms setup, 5.22 sec photons, 1:42 min processing, 0 ms extra exporting [69/69 mappings]. Threads: 6:51 min total, 3:58 min processing.
[2016.02.07-14.46.27:468][887]LogStaticLightingSystem: Illumination: 1:52 min (21.9 sec encoding lightmaps)
[2016.02.07-14.46.27:468][887]LogStaticLightingSystem: Lightmap texture memory:  18.0 MB (18.0 MB streaming, 0.0 MB non-streaming), 44 textures
[2016.02.07-14.46.27:468][887]LogStaticLightingSystem: Shadowmap texture memory: 14.8 MB (14.8 MB streaming, 0.0 MB non-streaming), 18 textures
[2016.02.07-14.46.28:293][888]Cmd: MAP CHECK NOTIFYRESULTS
[2016.02.07-14.46.28:293][888]MapCheck: New page: RollingBPExampleMap - 2016/02/08 8:46:28
[2016.02.07-14.46.28:297][888]MapCheck:Error: エラー EditorCube17_7 コンポーネントは静的タイプですがライトマップ設定が無効です！間接光は黒になります。主な原因は、ライトマップの解像度が0、LightmapCoordinateIndexが範囲外であることが考えられます。 
[2016.02.07-14.46.28:297][888]MapCheck:Warning: 警告 EditorCube17_7 スタティックメッシュアクタに NULL のStaticMesh プロパティがあります 
[2016.02.07-14.46.28:297][888]MapCheck:Warning: 警告 EditorCube17_7 スタティックメッシュアクタに NULL のStaticMesh プロパティがあります 
[2016.02.07-14.46.28:354][888]MapCheck: 情報 マップチェックが完了: 1 エラー、 2 警告、完了に 60.914ミリ秒かかりました。
[2016.02.07-14.48.57:706][430]LogBlueprintUserMessages: Early PlayInEditor Detection: Level '/Game/RollingBP/Maps/RollingBPExampleMap.RollingBPExampleMap:PersistentLevel' has LevelScriptBlueprint '/Game/RollingBP/Maps/RollingBPExampleMap.RollingBPExampleMap:PersistentLevel.RollingBPExampleMap' with GeneratedClass '/Game/RollingBP/Maps/RollingBPExampleMap.RollingBPExampleMap_C' with ClassGeneratedBy '/Game/RollingBP/Maps/RollingBPExampleMap.RollingBPExampleMap:PersistentLevel.RollingBPExampleMap'
[2016.02.07-14.48.57:706][430]LogPlayLevel: PlayLevel: No blueprints needed recompiling
[2016.02.07-14.48.57:706][430]PIE: New page: PIEセッション: RollingBPExampleMap (2016/02/08 8:48:57)
[2016.02.07-14.48.57:706][430]LogPlayLevel: Creating play world package: /Game/RollingBP/Maps/UEDPIE_0_RollingBPExampleMap
[2016.02.07-14.48.57:731][430]LogPlayLevel: PIE: StaticDuplicateObject took: (0.024546s)
[2016.02.07-14.48.57:732][430]LogAIModule: Creating AISystem for world RollingBPExampleMap
[2016.02.07-14.48.57:732][430]LogPlayLevel: PIE: World Init took: (0.001272s)
[2016.02.07-14.48.57:732][430]LogPlayLevel: PIE: Created PIE world by copying editor world from /Game/RollingBP/Maps/RollingBPExampleMap.RollingBPExampleMap to /Game/RollingBP/Maps/UEDPIE_0_RollingBPExampleMap.RollingBPExampleMap (0.026284s)
[2016.02.07-14.48.57:790][430]LogInit: XAudio2 using 'スピーカー (Realtek High Definition Audio(SST))' : 2 channels at 48 kHz using 32 bits per sample (channel mask 0x3)
[2016.02.07-14.48.57:796][430]LogInit: FAudioDevice initialized.
[2016.02.07-14.48.57:830][430]LogWorld: Game class is 'RollingGameMode_C'
[2016.02.07-14.48.57:838][430]LogWorld: Bringing World /Game/RollingBP/Maps/UEDPIE_0_RollingBPExampleMap.RollingBPExampleMap up for play (max tick rate 60) at 2016.02.07-23.48.57
[2016.02.07-14.48.57:838][430]LogActor:Warning: GameSession /Game/RollingBP/Maps/UEDPIE_0_RollingBPExampleMap.RollingBPExampleMap:PersistentLevel.GameSession_6 has natively added scene component(s), but none of them were set as the actor's RootComponent - picking one arbitrarily
[2016.02.07-14.48.57:838][430]LogActor:Warning: GameNetworkManager /Game/RollingBP/Maps/UEDPIE_0_RollingBPExampleMap.RollingBPExampleMap:PersistentLevel.GameNetworkManager_6 has natively added scene component(s), but none of them were set as the actor's RootComponent - picking one arbitrarily
[2016.02.07-14.48.57:839][430]LogWorld: Bringing up level for play took: 0.007897
[2016.02.07-14.48.57:840][430]PIE: 情報 /Game/RollingBP/Maps/UEDPIE_0_RollingBPExampleMap -0.168のプレイ イン エディタの開始時間
[2016.02.07-14.48.57:840][430]LogBlueprintUserMessages: Late PlayInEditor Detection: Level '/Game/RollingBP/Maps/RollingBPExampleMap.RollingBPExampleMap:PersistentLevel' has LevelScriptBlueprint '/Game/RollingBP/Maps/RollingBPExampleMap.RollingBPExampleMap:PersistentLevel.RollingBPExampleMap' with GeneratedClass '/Game/RollingBP/Maps/RollingBPExampleMap.RollingBPExampleMap_C' with ClassGeneratedBy '/Game/RollingBP/Maps/RollingBPExampleMap.RollingBPExampleMap:PersistentLevel.RollingBPExampleMap'
[2016.02.07-14.49.12:695][296]LogBlueprintUserMessages: Early EndPlayMap Detection: Level '/Game/RollingBP/Maps/RollingBPExampleMap.RollingBPExampleMap:PersistentLevel' has LevelScriptBlueprint '/Game/RollingBP/Maps/RollingBPExampleMap.RollingBPExampleMap:PersistentLevel.RollingBPExampleMap' with GeneratedClass '/Game/RollingBP/Maps/RollingBPExampleMap.RollingBPExampleMap_C' with ClassGeneratedBy '/Game/RollingBP/Maps/RollingBPExampleMap.RollingBPExampleMap:PersistentLevel.RollingBPExampleMap'
[2016.02.07-14.49.12:728][296]LogBlueprintUserMessages: Late EndPlayMap Detection: Level '/Game/RollingBP/Maps/RollingBPExampleMap.RollingBPExampleMap:PersistentLevel' has LevelScriptBlueprint '/Game/RollingBP/Maps/RollingBPExampleMap.RollingBPExampleMap:PersistentLevel.RollingBPExampleMap' with GeneratedClass '/Game/RollingBP/Maps/RollingBPExampleMap.RollingBPExampleMap_C' with ClassGeneratedBy '/Game/RollingBP/Maps/RollingBPExampleMap.RollingBPExampleMap:PersistentLevel.RollingBPExampleMap'
[2016.02.07-14.49.12:784][297]LogParticles: Destroying 0 GPU particle simulations for FXSystem 0x0000025A0D398860
[2016.02.07-14.49.19:808][371]LogSavePackage: Save=82.316048ms
[2016.02.07-14.49.19:808][371]LogSavePackage: Moving '../../../../../../Users/kotaoue/Documents/Unreal Projects/DJYamabiko/Saved/PhysicsBallBPD21002DD430D49050E2FBD9C871F4AAE.tmp' to '../../../../../../Users/kotaoue/Documents/Unreal Projects/DJYamabiko/Content/RollingBP/Blueprints/PhysicsBallBP.uasset'
[2016.02.07-14.49.19:838][371]LogSavePackage: Total save time: 117.627282ms
[2016.02.07-14.49.19:838][371]LogSavePackage:Display: Finished SavePackage ../../../../../../Users/kotaoue/Documents/Unreal Projects/DJYamabiko/Content/RollingBP/Blueprints/PhysicsBallBP.uasset
[2016.02.07-14.49.23:845][371]LogSavePackage: Save=3924.425293ms
[2016.02.07-14.49.23:845][371]LogSavePackage: Moving '../../../../../../Users/kotaoue/Documents/Unreal Projects/DJYamabiko/Saved/RollingBPExampleMap0702B0DA4DB1647EA7D6B8A8C8346861.tmp' to '../../../../../../Users/kotaoue/Documents/Unreal Projects/DJYamabiko/Content/RollingBP/Maps/RollingBPExampleMap.umap'
[2016.02.07-14.49.23:854][371]LogSavePackage: Total save time: 3933.890358ms
[2016.02.07-14.49.23:854][371]LogSavePackage:Display: Finished SavePackage ../../../../../../Users/kotaoue/Documents/Unreal Projects/DJYamabiko/Content/RollingBP/Maps/RollingBPExampleMap.umap
[2016.02.07-14.49.23:901][371]LogFileHelpers: Saving map 'RollingBPExampleMap' took 4.060
[2016.02.07-14.49.23:971][371]LogWindowsTextInputMethodSystem:Display: IME system now activated using TSF (Microsoft IME).
[2016.02.07-14.49.23:972][371]LogWindowsTextInputMethodSystem:Display: IME system now activated using TSF (Microsoft IME).
[2016.02.07-14.49.23:996][371]LogWindowsTextInputMethodSystem:Display: IME system now activated using TSF (Microsoft IME).
[2016.02.07-14.49.23:996][371]LogWindowsTextInputMethodSystem:Display: IME system now activated using TSF (Microsoft IME).
[2016.02.07-14.49.24:293][372]Cmd: QUIT_EDITOR
[2016.02.07-14.49.24:978][372]LogWindowsTextInputMethodSystem:Display: IME system now activated using TSF (Microsoft IME).
[2016.02.07-14.49.24:980][372]LogWindowsTextInputMethodSystem:Display: IME system now activated using TSF (Microsoft IME).
[2016.02.07-14.49.25:064][372]LogExit: Preparing to exit.
[2016.02.07-14.49.26:014][372]LogExit: Editor shut down
[2016.02.07-14.49.26:014][372]LogExit: Transaction tracking system shut down
[2016.02.07-14.49.26:017][372]LogParticles: Destroying 0 GPU particle simulations for FXSystem 0x0000025A57817920
[2016.02.07-14.49.26:017][372]LogParticles: Destroying 0 GPU particle simulations for FXSystem 0x0000025A7193B880
[2016.02.07-14.49.26:017][372]LogParticles: Destroying 0 GPU particle simulations for FXSystem 0x0000025A5CAB3100
[2016.02.07-14.49.26:193][372]LogExit: Object subsystem successfully closed.
[2016.02.07-14.49.26:203][372]LogD3D11RHI: Shutdown
[2016.02.07-14.49.26:203][372]LogD3D11RHI: CleanupD3DDevice
[2016.02.07-14.49.26:205][372]LogD3D11RHI: ~FD3D11DynamicRHI
[2016.02.07-14.49.26:343][372]LogModuleManager: Shutting down and abandoning module CookingStats (200)
[2016.02.07-14.49.26:343][372]LogModuleManager: Shutting down and abandoning module BlueprintGraph (199)
[2016.02.07-14.49.26:343][372]LogModuleManager: Shutting down and abandoning module CrashTracker (198)
[2016.02.07-14.49.26:343][372]LogModuleManager: Shutting down and abandoning module SceneOutliner (197)
[2016.02.07-14.49.26:343][372]LogModuleManager: Shutting down and abandoning module SuperSearch (196)
[2016.02.07-14.49.26:343][372]LogModuleManager: Shutting down and abandoning module WidgetCarousel (195)
[2016.02.07-14.49.26:343][372]LogModuleManager: Shutting down and abandoning module AddContentDialog (194)
[2016.02.07-14.49.26:344][372]LogModuleManager: Shutting down and abandoning module EditorWidgets (193)
[2016.02.07-14.49.26:344][372]LogModuleManager: Shutting down and abandoning module CollectionManager (192)
[2016.02.07-14.49.26:344][372]LogModuleManager: Shutting down and abandoning module StatsViewer (191)
[2016.02.07-14.49.26:344][372]LogModuleManager: Shutting down and abandoning module FoliageEdit (190)
[2016.02.07-14.49.26:344][372]LogModuleManager: Shutting down and abandoning module LandscapeEditor (189)
[2016.02.07-14.49.26:344][372]LogModuleManager: Shutting down and abandoning module ActorPickerMode (188)
[2016.02.07-14.49.26:344][372]LogModuleManager: Shutting down and abandoning module GeometryMode (187)
[2016.02.07-14.49.26:344][372]LogModuleManager: Shutting down and abandoning module TextureAlignMode (186)
[2016.02.07-14.49.26:344][372]LogModuleManager: Shutting down and abandoning module BspMode (185)
[2016.02.07-14.49.26:344][372]LogModuleManager: Shutting down and abandoning module PlacementMode (184)
[2016.02.07-14.49.26:344][372]LogModuleManager: Shutting down and abandoning module AutomationWorker (183)
[2016.02.07-14.49.26:344][372]LogModuleManager: Shutting down and abandoning module CharacterAI (182)
[2016.02.07-14.49.26:344][372]LogModuleManager: Shutting down and abandoning module SmartSnapping (181)
[2016.02.07-14.49.26:344][372]LogModuleManager: Shutting down and abandoning module ViewportSnapping (180)
[2016.02.07-14.49.26:344][372]LogModuleManager: Shutting down and abandoning module LogVisualizer (179)
[2016.02.07-14.49.26:344][372]LogModuleManager: Shutting down and abandoning module GameProjectGeneration (178)
[2016.02.07-14.49.26:344][372]LogModuleManager: Shutting down and abandoning module IntroTutorials (177)
[2016.02.07-14.49.26:344][372]LogModuleManager: Shutting down and abandoning module EditorLiveStreaming (176)
[2016.02.07-14.49.26:344][372]LogModuleManager: Shutting down and abandoning module IOSPlatformEditor (175)
[2016.02.07-14.49.26:344][372]LogModuleManager: Shutting down and abandoning module HTML5PlatformEditor (174)
[2016.02.07-14.49.26:344][372]LogModuleManager: Shutting down and abandoning module AndroidDeviceDetection (173)
[2016.02.07-14.49.27:218][372]LogModuleManager: Shutting down and abandoning module AndroidPlatformEditor (172)
[2016.02.07-14.49.27:218][372]LogModuleManager: Shutting down and abandoning module IOSRuntimeSettings (171)
[2016.02.07-14.49.27:218][372]LogModuleManager: Shutting down and abandoning module AndroidRuntimeSettings (170)
[2016.02.07-14.49.27:218][372]LogModuleManager: Shutting down and abandoning module MergeActors (169)
[2016.02.07-14.49.27:218][372]LogModuleManager: Shutting down and abandoning module SizeMap (168)
[2016.02.07-14.49.27:219][372]LogModuleManager: Shutting down and abandoning module TreeMap (167)
[2016.02.07-14.49.27:219][372]LogModuleManager: Shutting down and abandoning module ReferenceViewer (166)
[2016.02.07-14.49.27:219][372]LogModuleManager: Shutting down and abandoning module LocalizationService (165)
[2016.02.07-14.49.27:219][372]LogModuleManager: Shutting down and abandoning module LocalizationDashboard (164)
[2016.02.07-14.49.27:219][372]LogModuleManager: Shutting down and abandoning module HardwareTargeting (163)
[2016.02.07-14.49.27:219][372]LogModuleManager: Shutting down and abandoning module DeviceProfileEditor (162)
[2016.02.07-14.49.27:219][372]LogModuleManager: Shutting down and abandoning module UndoHistory (161)
[2016.02.07-14.49.27:219][372]LogModuleManager: Shutting down and abandoning module GameplayTagsEditor (160)
[2016.02.07-14.49.27:219][372]LogModuleManager: Shutting down and abandoning module UserFeedback (159)
[2016.02.07-14.49.27:220][372]LogModuleManager: Shutting down and abandoning module XmlParser (158)
[2016.02.07-14.49.27:220][372]LogModuleManager: Shutting down and abandoning module Blutility (157)
[2016.02.07-14.49.27:220][372]LogModuleManager: Shutting down and abandoning module ProjectTargetPlatformEditor (156)
[2016.02.07-14.49.27:220][372]LogModuleManager: Shutting down and abandoning module ProjectSettingsViewer (155)
[2016.02.07-14.49.27:220][372]LogModuleManager: Shutting down and abandoning module InputBindingEditor (154)
[2016.02.07-14.49.27:221][372]LogModuleManager: Shutting down and abandoning module EditorSettingsViewer (153)
[2016.02.07-14.49.27:221][372]LogModuleManager: Shutting down and abandoning module SettingsEditor (152)
[2016.02.07-14.49.27:221][372]LogModuleManager: Shutting down and abandoning module ProjectLauncher (151)
[2016.02.07-14.49.27:221][372]LogModuleManager: Shutting down and abandoning module SessionFrontend (150)
[2016.02.07-14.49.27:221][372]LogModuleManager: Shutting down and abandoning module ProfilerClient (149)
[2016.02.07-14.49.27:221][372]LogModuleManager: Shutting down and abandoning module TargetDeviceServices (148)
[2016.02.07-14.49.27:221][372]LogModuleManager: Shutting down and abandoning module DeviceManager (147)
[2016.02.07-14.49.27:222][372]LogModuleManager: Shutting down and abandoning module AutomationController (146)
[2016.02.07-14.49.27:222][372]LogModuleManager: Shutting down and abandoning module AutomationWindow (145)
[2016.02.07-14.49.27:222][372]LogModuleManager: Shutting down and abandoning module Layers (144)
[2016.02.07-14.49.27:222][372]LogModuleManager: Shutting down and abandoning module ComponentVisualizers (143)
[2016.02.07-14.49.27:222][372]LogModuleManager: Shutting down and abandoning module DetailCustomizations (142)
[2016.02.07-14.49.27:222][372]LogModuleManager: Shutting down and abandoning module PackagesDialog (141)
[2016.02.07-14.49.27:223][372]LogModuleManager: Shutting down and abandoning module Persona (140)
[2016.02.07-14.49.27:223][372]LogModuleManager: Shutting down and abandoning module Kismet (139)
[2016.02.07-14.49.27:223][372]LogModuleManager: Shutting down and abandoning module GraphEditor (138)
[2016.02.07-14.49.27:224][372]LogModuleManager: Shutting down and abandoning module ClassViewer (137)
[2016.02.07-14.49.27:224][372]LogModuleManager: Shutting down and abandoning module Toolbox (136)
[2016.02.07-14.49.27:224][372]LogModuleManager: Shutting down and abandoning module ModuleUI (135)
[2016.02.07-14.49.27:224][372]LogModuleManager: Shutting down and abandoning module MovieSceneTools (134)
[2016.02.07-14.49.27:224][372]LogModuleManager: Shutting down and abandoning module OutputLog (133)
[2016.02.07-14.49.27:224][372]LogModuleManager: Shutting down and abandoning module GammaUI (132)
[2016.02.07-14.49.27:224][372]LogModuleManager: Shutting down and abandoning module Documentation (131)
[2016.02.07-14.49.27:224][372]LogModuleManager: Shutting down and abandoning module GameLiveStreaming (130)
[2016.02.07-14.49.27:224][372]LogModuleManager: Shutting down and abandoning module StreamingPauseRendering (129)
[2016.02.07-14.49.27:224][372]LogModuleManager: Shutting down and abandoning module AnalyticsET (128)
[2016.02.07-14.49.27:224][372]LogModuleManager: Shutting down and abandoning module Analytics (127)
[2016.02.07-14.49.27:224][372]LogModuleManager: Shutting down and abandoning module AITestSuite (126)
[2016.02.07-14.49.27:225][372]LogModuleManager: Shutting down and abandoning module GameplayDebugger (125)
[2016.02.07-14.49.27:225][372]LogModuleManager: Shutting down and abandoning module AIModule (124)
[2016.02.07-14.49.27:225][372]LogModuleManager: Shutting down and abandoning module ProfilerService (123)
[2016.02.07-14.49.27:385][372]LogModuleManager: Shutting down and abandoning module TaskGraph (122)
[2016.02.07-14.49.27:386][372]LogModuleManager: Shutting down and abandoning module SlateRemote (121)
[2016.02.07-14.49.27:386][372]LogModuleManager: Shutting down and abandoning module SteamVRController (120)
[2016.02.07-14.49.27:386][372]LogModuleManager: Shutting down and abandoning module SteamVR (119)
[2016.02.07-14.49.27:386][372]LogModuleManager: Shutting down and abandoning module ProceduralMeshComponent (118)
[2016.02.07-14.49.27:386][372]LogModuleManager: Shutting down and abandoning module OculusLibrary (117)
[2016.02.07-14.49.27:386][372]LogModuleManager: Shutting down and abandoning module OculusInput (116)
[2016.02.07-14.49.27:386][372]LogModuleManager: Shutting down and abandoning module LeapMotionController (115)
[2016.02.07-14.49.27:414][372]LogModuleManager: Shutting down and abandoning module CustomMeshComponent (114)
[2016.02.07-14.49.27:414][372]LogModuleManager: Shutting down and abandoning module CableComponent (113)
[2016.02.07-14.49.27:414][372]LogModuleManager: Shutting down and abandoning module ArchVisCharacter (112)
[2016.02.07-14.49.27:414][372]LogModuleManager: Shutting down and abandoning module MessagingDebugger (111)
[2016.02.07-14.49.27:414][372]LogModuleManager: Shutting down and abandoning module MediaPlayerEditor (110)
[2016.02.07-14.49.27:414][372]LogModuleManager: Shutting down and abandoning module HTML5Networking (109)
[2016.02.07-14.49.27:414][372]LogModuleManager: Shutting down and abandoning module SpeedTreeImporter (108)
[2016.02.07-14.49.27:414][372]LogModuleManager: Shutting down and abandoning module PluginBrowser (107)
[2016.02.07-14.49.27:414][372]LogModuleManager: Shutting down and abandoning module EpicSurvey (106)
[2016.02.07-14.49.27:414][372]LogModuleManager: Shutting down and abandoning module DesktopPlatform (105)
[2016.02.07-14.49.27:414][372]LogModuleManager: Shutting down and abandoning module VisualStudioSourceCodeAccess (104)
[2016.02.07-14.49.27:414][372]LogModuleManager: Shutting down and abandoning module UObjectPlugin (103)
[2016.02.07-14.49.27:414][372]LogModuleManager: Shutting down and abandoning module SubversionSourceControl (102)
[2016.02.07-14.49.27:414][372]LogModuleManager: Shutting down and abandoning module PerforceSourceControl (101)
[2016.02.07-14.49.27:414][372]LogModuleManager: Shutting down and abandoning module SourceControl (100)
[2016.02.07-14.49.27:414][372]LogModuleManager: Shutting down and abandoning module GitSourceControl (99)
[2016.02.07-14.49.27:414][372]LogModuleManager: Shutting down and abandoning module LightPropagationVolumeEditor (98)
[2016.02.07-14.49.27:414][372]LogModuleManager: Shutting down and abandoning module PaperTiledImporter (97)
[2016.02.07-14.49.27:414][372]LogModuleManager: Shutting down and abandoning module PaperSpriteSheetImporter (96)
[2016.02.07-14.49.27:414][372]LogModuleManager: Shutting down and abandoning module MeshPaint (95)
[2016.02.07-14.49.27:414][372]LogModuleManager: Shutting down and abandoning module SlateReflector (94)
[2016.02.07-14.49.27:414][372]LogModuleManager: Shutting down and abandoning module HotReload (93)
[2016.02.07-14.49.27:415][372]LogModuleManager: Shutting down and abandoning module MainFrame (92)
[2016.02.07-14.49.27:415][372]LogModuleManager: Shutting down and abandoning module LevelEditor (91)
[2016.02.07-14.49.27:415][372]LogModuleManager: Shutting down and abandoning module DirectoryWatcher (90)
[2016.02.07-14.49.27:416][372]LogModuleManager: Shutting down and abandoning module AssetRegistry (89)
[2016.02.07-14.49.27:522][372]LogModuleManager: Shutting down and abandoning module ContentBrowser (88)
[2016.02.07-14.49.27:522][372]LogModuleManager: Shutting down and abandoning module Paper2DEditor (87)
[2016.02.07-14.49.27:522][372]LogModuleManager: Shutting down and abandoning module UdpMessaging (86)
[2016.02.07-14.49.27:624][372]LogModuleManager: Shutting down and abandoning module LightPropagationVolumeRuntime (85)
[2016.02.07-14.49.27:624][372]LogModuleManager: Shutting down and abandoning module Paper2D (84)
[2016.02.07-14.49.27:624][372]LogModuleManager: Shutting down and abandoning module WindowsMoviePlayer (83)
[2016.02.07-14.49.27:628][372]LogModuleManager: Shutting down and abandoning module Media (82)
[2016.02.07-14.49.27:628][372]LogModuleManager: Shutting down and abandoning module WmfMedia (81)
[2016.02.07-14.49.27:628][372]LogModuleManager: Shutting down and abandoning module OnlineBlueprintSupport (80)
[2016.02.07-14.49.27:628][372]LogModuleManager: Shutting down and abandoning module GameplayTasksEditor (79)
[2016.02.07-14.49.27:628][372]LogModuleManager: Shutting down and abandoning module PropertyEditor (78)
[2016.02.07-14.49.27:628][372]LogModuleManager: Shutting down and abandoning module BehaviorTreeEditor (77)
[2016.02.07-14.49.27:628][372]LogModuleManager: Shutting down and abandoning module FunctionalTesting (76)
[2016.02.07-14.49.27:628][372]LogModuleManager: Shutting down and abandoning module CollisionAnalyzer (75)
[2016.02.07-14.49.27:628][372]LogModuleManager: Shutting down and abandoning module WorkspaceMenuStructure (74)
[2016.02.07-14.49.27:628][372]LogModuleManager: Shutting down and abandoning module MessageLog (73)
[2016.02.07-14.49.27:628][372]LogModuleManager: Shutting down and abandoning module Sequencer (72)
[2016.02.07-14.49.27:628][372]LogModuleManager: Shutting down and abandoning module AssetTools (71)
[2016.02.07-14.49.27:628][372]LogModuleManager: Shutting down and abandoning module UMGEditor (70)
[2016.02.07-14.49.27:628][372]LogModuleManager: Shutting down and abandoning module UMG (69)
[2016.02.07-14.49.27:628][372]LogModuleManager: Shutting down and abandoning module Slate (68)
[2016.02.07-14.49.27:628][372]LogModuleManager: Shutting down and abandoning module EditorStyle (67)
[2016.02.07-14.49.27:632][372]LogModuleManager: Shutting down and abandoning module SessionServices (66)
[2016.02.07-14.49.27:632][372]LogModuleManager: Shutting down and abandoning module SourceCodeAccess (65)
[2016.02.07-14.49.27:632][372]LogModuleManager: Shutting down and abandoning module HeadMountedDisplay (64)
[2016.02.07-14.49.27:632][372]LogModuleManager: Shutting down and abandoning module XAudio2 (63)
[2016.02.07-14.49.27:632][372]LogModuleManager: Shutting down and abandoning module Networking (61)
[2016.02.07-14.49.27:632][372]LogModuleManager: Shutting down and abandoning module Core (60)
[2016.02.07-14.49.27:632][372]LogModuleManager: Shutting down and abandoning module KismetCompiler (59)
[2016.02.07-14.49.27:632][372]LogModuleManager: Shutting down and abandoning module PhysXFormats (58)
[2016.02.07-14.49.27:632][372]LogModuleManager: Shutting down and abandoning module MeshUtilities (57)
[2016.02.07-14.49.27:632][372]LogModuleManager: Shutting down and abandoning module DerivedDataCache (56)
[2016.02.07-14.49.27:654][372]LogDerivedDataCache: Shutdown
[2016.02.07-14.49.27:654][372]LogModuleManager: Shutting down and abandoning module ShaderFormatOpenGL (55)
[2016.02.07-14.49.27:654][372]LogModuleManager: Shutting down and abandoning module ShaderFormatD3D (54)
[2016.02.07-14.49.27:654][372]LogModuleManager: Shutting down and abandoning module MetalShaderFormat (53)
[2016.02.07-14.49.27:654][372]LogModuleManager: Shutting down and abandoning module TextureFormatUncompressed (52)
[2016.02.07-14.49.27:654][372]LogModuleManager: Shutting down and abandoning module TextureFormatPVR (51)
[2016.02.07-14.49.27:654][372]LogModuleManager: Shutting down and abandoning module TextureFormatIntelISPCTexComp (50)
[2016.02.07-14.49.27:654][372]LogModuleManager: Shutting down and abandoning module TextureFormatDXT (49)
[2016.02.07-14.49.27:654][372]LogModuleManager: Shutting down and abandoning module ImageWrapper (48)
[2016.02.07-14.49.27:654][372]LogModuleManager: Shutting down and abandoning module TextureFormatASTC (47)
[2016.02.07-14.49.27:654][372]LogModuleManager: Shutting down and abandoning module TextureFormatAndroid (46)
[2016.02.07-14.49.27:654][372]LogModuleManager: Shutting down and abandoning module AudioFormatOpus (45)
[2016.02.07-14.49.27:655][372]LogModuleManager: Shutting down and abandoning module AudioFormatOgg (44)
[2016.02.07-14.49.27:655][372]LogModuleManager: Shutting down and abandoning module AudioFormatADPCM (43)
[2016.02.07-14.49.27:655][372]LogModuleManager: Shutting down and abandoning module LinuxTargetPlatform (42)
[2016.02.07-14.49.27:655][372]LogModuleManager: Shutting down and abandoning module LinuxServerTargetPlatform (41)
[2016.02.07-14.49.27:655][372]LogModuleManager: Shutting down and abandoning module LinuxNoEditorTargetPlatform (40)
[2016.02.07-14.49.27:655][372]LogModuleManager: Shutting down and abandoning module Messaging (39)
[2016.02.07-14.49.27:655][372]LogModuleManager: Shutting down and abandoning module IOSTargetPlatform (38)
[2016.02.07-14.49.27:655][372]LogModuleManager: Shutting down and abandoning module HTML5TargetPlatform (37)
[2016.02.07-14.49.27:655][372]LogModuleManager: Shutting down and abandoning module Android_PVRTCTargetPlatform (36)
[2016.02.07-14.49.27:655][372]LogModuleManager: Shutting down and abandoning module Android_MultiTargetPlatform (35)
[2016.02.07-14.49.27:655][372]LogModuleManager: Shutting down and abandoning module Android_ETC2TargetPlatform (34)
[2016.02.07-14.49.27:655][372]LogModuleManager: Shutting down and abandoning module Android_ETC1TargetPlatform (33)
[2016.02.07-14.49.27:655][372]LogModuleManager: Shutting down and abandoning module Android_DXTTargetPlatform (32)
[2016.02.07-14.49.27:655][372]LogModuleManager: Shutting down and abandoning module Android_ATCTargetPlatform (31)
[2016.02.07-14.49.27:655][372]LogModuleManager: Shutting down and abandoning module Android_ASTCTargetPlatform (30)
[2016.02.07-14.49.27:655][372]LogModuleManager: Shutting down and abandoning module AndroidTargetPlatform (29)
[2016.02.07-14.49.27:655][372]LogModuleManager: Shutting down and abandoning module WindowsTargetPlatform (28)
[2016.02.07-14.49.27:655][372]LogModuleManager: Shutting down and abandoning module WindowsServerTargetPlatform (27)
[2016.02.07-14.49.27:655][372]LogModuleManager: Shutting down and abandoning module WindowsNoEditorTargetPlatform (26)
[2016.02.07-14.49.27:655][372]LogModuleManager: Shutting down and abandoning module WindowsClientTargetPlatform (25)
[2016.02.07-14.49.27:655][372]LogModuleManager: Shutting down and abandoning module AllDesktopTargetPlatform (24)
[2016.02.07-14.49.27:655][372]LogModuleManager: Shutting down and abandoning module TargetPlatform (23)
[2016.02.07-14.49.27:655][372]LogModuleManager: Shutting down and abandoning module InputCore (22)
[2016.02.07-14.49.27:655][372]LogModuleManager: Shutting down and abandoning module Settings (21)
[2016.02.07-14.49.27:655][372]LogModuleManager: Shutting down and abandoning module OnlineSubsystem (19)
[2016.02.07-14.49.27:655][372]LogModuleManager: Shutting down and abandoning module HTTP (18)
[2016.02.07-14.49.28:657][372]LogModuleManager: Shutting down and abandoning module XMPP (17)
[2016.02.07-14.49.28:658][372]LogModuleManager: Shutting down and abandoning module OculusRift (16)
[2016.02.07-14.49.28:658][372]LogModuleManager: Shutting down and abandoning module ExampleDeviceProfileSelector (15)
[2016.02.07-14.49.28:658][372]LogModuleManager: Shutting down and abandoning module TextureCompressor (14)
[2016.02.07-14.49.28:658][372]LogModuleManager: Shutting down and abandoning module ShaderCore (13)
[2016.02.07-14.49.28:658][372]LogModuleManager: Shutting down and abandoning module Landscape (12)
[2016.02.07-14.49.28:658][372]LogModuleManager: Shutting down and abandoning module SlateRHIRenderer (11)
[2016.02.07-14.49.28:668][372]LogModuleManager: Shutting down and abandoning module OpenGLDrv (10)
[2016.02.07-14.49.28:669][372]LogModuleManager: Shutting down and abandoning module D3D11RHI (9)
[2016.02.07-14.49.28:669][372]LogModuleManager: Shutting down and abandoning module AnimGraphRuntime (8)
[2016.02.07-14.49.28:669][372]LogModuleManager: Shutting down and abandoning module Renderer (7)
[2016.02.07-14.49.28:669][372]LogModuleManager: Shutting down and abandoning module Engine (6)
[2016.02.07-14.49.28:669][372]LogModuleManager: Shutting down and abandoning module CoreUObject (5)
[2016.02.07-14.49.28:669][372]LogModuleManager: Shutting down and abandoning module NetworkFile (4)
[2016.02.07-14.49.28:669][372]LogModuleManager: Shutting down and abandoning module StreamingFile (3)
[2016.02.07-14.49.28:669][372]LogModuleManager: Shutting down and abandoning module SandboxFile (2)
[2016.02.07-14.49.28:669][372]LogModuleManager: Shutting down and abandoning module PakFile (1)
[2016.02.07-14.49.28:674][372]LogExit: Exiting.
[2016.02.07-14.49.28:677][372]Log file closed, 02/07/16 23:49:28
