[2016.02.08-13.30.34:094][  0]Log file open, 02/08/16 22:30:34
[2016.02.08-13.30.34:094][  0]LogInit:Display: Running engine for game: DJYamabiko
[2016.02.08-13.30.34:094][  0]LogPlatformFile: Not using cached read wrapper
[2016.02.08-13.30.34:094][  0]LogInit:Display: RandInit(-1632952802) SRandInit(-1632952800).
[2016.02.08-13.30.34:094][  0]LogTaskGraph: Started task graph with 4 named threads and 5 total threads.
[2016.02.08-13.30.34:094][  0]LogStats: Stats thread started at 0.057303
[2016.02.08-13.30.34:094][  0]LogInit: Version: 4.10.2-2818068+++depot+UE4-Releases+4.10
[2016.02.08-13.30.34:094][  0]LogInit: API Version: 2758231
[2016.02.08-13.30.34:094][  0]LogInit: Compiled (64-bit): Jan  6 2016 17:36:42
[2016.02.08-13.30.34:094][  0]LogInit: Compiled with Visual C++: 19.00.23026.00
[2016.02.08-13.30.34:094][  0]LogInit: Build Configuration: Development
[2016.02.08-13.30.34:094][  0]LogInit: Branch Name: ++depot+UE4-Releases+4.10
[2016.02.08-13.30.34:094][  0]LogInit: Command line: 
[2016.02.08-13.30.34:094][  0]LogInit: Base directory: C:/Program Files (x86)/Epic Games/4.10/Engine/Binaries/Win64/
[2016.02.08-13.30.34:094][  0]LogInit: Rocket: 1
[2016.02.08-13.30.34:101][  0]LogInit: Using libcurl 7.41.0
[2016.02.08-13.30.34:101][  0]LogInit:  - built for x86_64-pc-win32
[2016.02.08-13.30.34:101][  0]LogInit:  - supports SSL with WinSSL
[2016.02.08-13.30.34:101][  0]LogInit:  - other features:
[2016.02.08-13.30.34:101][  0]LogInit:      CURL_VERSION_SSL
[2016.02.08-13.30.34:101][  0]LogInit:      CURL_VERSION_IPV6
[2016.02.08-13.30.34:101][  0]LogInit:      CURL_VERSION_ASYNCHDNS
[2016.02.08-13.30.34:101][  0]LogInit:      CURL_VERSION_LARGEFILE
[2016.02.08-13.30.34:101][  0]LogInit:      CURL_VERSION_IDN
[2016.02.08-13.30.34:101][  0]LogInit:  CurlRequestOptions (configurable via config and command line):
[2016.02.08-13.30.34:101][  0]LogInit:  - bVerifyPeer = true  - Libcurl will verify peer certificate
[2016.02.08-13.30.34:101][  0]LogInit:  - bUseHttpProxy = false  - Libcurl will NOT use HTTP proxy
[2016.02.08-13.30.34:101][  0]LogInit:  - bDontReuseConnections = false  - Libcurl will reuse connections
[2016.02.08-13.30.34:101][  0]LogInit:  - CertBundlePath = nullptr  - Libcurl will use whatever was configured at build time.
[2016.02.08-13.30.34:107][  0]LogInit: Presizing for 0 objects not considered by GC, pre-allocating 0 bytes.
[2016.02.08-13.30.34:114][  0]LogInit: Object subsystem initialized
[2016.02.08-13.30.34:115][  0]LogInit: Selected Device Profile: [Windows]
[2016.02.08-13.30.34:115][  0]LogInit: Applying CVar settings loaded from the selected device profile: [Windows]
[2016.02.08-13.30.34:128][  0]LogInit: Computer: DESKTOP-6H4BEHG
[2016.02.08-13.30.34:128][  0]LogInit: User: kotaoue
[2016.02.08-13.30.34:128][  0]LogInit: CPU Page size=4096, Cores=2
[2016.02.08-13.30.34:128][  0]LogInit: High frequency timer resolution =2.742190 MHz
[2016.02.08-13.30.34:128][  0]LogMemory: Memory total: Physical=7.9GB (8GB approx)
[2016.02.08-13.30.34:128][  0]LogMemory: Platform Memory Stats for Windows
[2016.02.08-13.30.34:128][  0]LogMemory: Process Physical Memory: 55.96 MB used, 55.96 MB peak
[2016.02.08-13.30.34:128][  0]LogMemory: Process Virtual Memory: 57.44 MB used, 57.44 MB peak
[2016.02.08-13.30.34:128][  0]LogMemory: Physical Memory: 3016.13 MB used, 8115.96 MB total
[2016.02.08-13.30.34:128][  0]LogMemory: Virtual Memory: 382.29 MB used, 134217728.00 MB total
[2016.02.08-13.30.34:157][  0]LogTextLocalizationManager: No specific translations for ('ja-JP') exist, so ('ja') translations will be used.
[2016.02.08-13.30.34:240][  0]LogTextLocalizationManager:Warning: Loaded localization resources contain conflicting entries for (Namespace:K2Node, Key:false):
Localization Resource: (C:/Program Files (x86)/Epic Games/4.10/Engine/Content/Localization/EditorTutorials/ja/EditorTutorials.locres) Source String Hash: (816077464) Localized String: (偽)
Localization Resource: (C:/Program Files (x86)/Epic Games/4.10/Engine/Content/Localization/Engine/ja/Engine.locres) Source String Hash: (816077464) Localized String: (false)
[2016.02.08-13.30.34:240][  0]LogTextLocalizationManager:Warning: Loaded localization resources contain conflicting entries for (Namespace:K2Node, Key:true):
Localization Resource: (C:/Program Files (x86)/Epic Games/4.10/Engine/Content/Localization/EditorTutorials/ja/EditorTutorials.locres) Source String Hash: (-942328987) Localized String: (真)
Localization Resource: (C:/Program Files (x86)/Epic Games/4.10/Engine/Content/Localization/Engine/ja/Engine.locres) Source String Hash: (-942328987) Localized String: (true)
[2016.02.08-13.30.34:240][  0]LogTextLocalizationManager:Warning: Loaded localization resources contain conflicting entries for (Namespace:UObjectToolTips, Key:AnimNode_BlendSpacePlayer:bLoop):
Localization Resource: (C:/Program Files (x86)/Epic Games/4.10/Engine/Content/Localization/EditorTutorials/ja/EditorTutorials.locres) Source String Hash: (2133979316) Localized String: (再生が最後まで終わった後、ロープ再生するようにしますか？)
Localization Resource: (C:/Program Files (x86)/Epic Games/4.10/Engine/Content/Localization/ToolTips/ja/ToolTips.locres) Source String Hash: (2133979316) Localized String: (ループが最後まで到達した時に、アニメーションのループを継続するべきか？)
[2016.02.08-13.30.34:240][  0]LogTextLocalizationManager:Warning: Loaded localization resources contain conflicting entries for (Namespace:UObjectToolTips, Key:AnimNode_BlendSpacePlayer:X):
Localization Resource: (C:/Program Files (x86)/Epic Games/4.10/Engine/Content/Localization/EditorTutorials/ja/EditorTutorials.locres) Source String Hash: (2060772590) Localized String: (ブレンドスペースで値を取得するX座標)
Localization Resource: (C:/Program Files (x86)/Epic Games/4.10/Engine/Content/Localization/ToolTips/ja/ToolTips.locres) Source String Hash: (2060772590) Localized String: (ブレンドスペースでサンプリングするX座標)
[2016.02.08-13.30.34:240][  0]LogTextLocalizationManager:Warning: Loaded localization resources contain conflicting entries for (Namespace:UObjectToolTips, Key:AnimNode_BlendSpacePlayer:Y):
Localization Resource: (C:/Program Files (x86)/Epic Games/4.10/Engine/Content/Localization/EditorTutorials/ja/EditorTutorials.locres) Source String Hash: (-1719607538) Localized String: (ブレンドスペースで値を取得するY座標)
Localization Resource: (C:/Program Files (x86)/Epic Games/4.10/Engine/Content/Localization/ToolTips/ja/ToolTips.locres) Source String Hash: (-1719607538) Localized String: (ブレンドスペースでサンプリングするY座標)
[2016.02.08-13.30.34:240][  0]LogTextLocalizationManager:Warning: Loaded localization resources contain conflicting entries for (Namespace:UObjectToolTips, Key:AnimNode_BlendSpacePlayer:Z):
Localization Resource: (C:/Program Files (x86)/Epic Games/4.10/Engine/Content/Localization/EditorTutorials/ja/EditorTutorials.locres) Source String Hash: (1728943471) Localized String: (ブレンドスペースで値を取得するZ座標)
Localization Resource: (C:/Program Files (x86)/Epic Games/4.10/Engine/Content/Localization/ToolTips/ja/ToolTips.locres) Source String Hash: (1728943471) Localized String: (ブレンドスペースでサンプリングするZ座標)
[2016.02.08-13.30.34:240][  0]LogTextLocalizationManager:Warning: Loaded localization resources contain conflicting entries for (Namespace:UObjectToolTips, Key:AnimNode_BlendSpacePlayer:BlendSpace):
Localization Resource: (C:/Program Files (x86)/Epic Games/4.10/Engine/Content/Localization/EditorTutorials/ja/EditorTutorials.locres) Source String Hash: (1599043277) Localized String: (再生するブレンドスペースのアセット)
Localization Resource: (C:/Program Files (x86)/Epic Games/4.10/Engine/Content/Localization/ToolTips/ja/ToolTips.locres) Source String Hash: (1599043277) Localized String: (再生するブレンド空間アセット)
[2016.02.08-13.30.34:240][  0]LogTextLocalizationManager:Warning: Loaded localization resources contain conflicting entries for (Namespace:UObjectToolTips, Key:AnimNode_StateMachine:MaxTransitionsPerFrame):
Localization Resource: (C:/Program Files (x86)/Epic Games/4.10/Engine/Content/Localization/EditorTutorials/ja/EditorTutorials.locres) Source String Hash: (1567650430) Localized String: (このマシーンで1フレームあたりに同時に処理できるトランジションの最大数)
Localization Resource: (C:/Program Files (x86)/Epic Games/4.10/Engine/Content/Localization/ToolTips/ja/ToolTips.locres) Source String Hash: (1567650430) Localized String: (単一フレームでマシーンが「同時」に受け取れる遷移の最大数)
[2016.02.08-13.30.34:240][  0]LogTextLocalizationManager:Warning: Loaded localization resources contain conflicting entries for (Namespace:UObjectToolTips, Key:AnimNode_BlendSpacePlayer:PlayRate):
Localization Resource: (C:/Program Files (x86)/Epic Games/4.10/Engine/Content/Localization/EditorTutorials/ja/EditorTutorials.locres) Source String Hash: (-1274923958) Localized String: (再生速度の倍率です。負の数値も使う事ができます。その場合逆再生になります。)
Localization Resource: (C:/Program Files (x86)/Epic Games/4.10/Engine/Content/Localization/ToolTips/ja/ToolTips.locres) Source String Hash: (-1274923958) Localized String: (再生レート乗数。アニメーションを逆再生する負の値にすることができます。)
[2016.02.08-13.30.34:456][  0]LogD3D11RHI: Found D3D11 adapter 0: Intel(R) HD Graphics 520 (Feature Level 11_0)
[2016.02.08-13.30.34:456][  0]LogD3D11RHI: Adapter has 128MB of dedicated video memory, 0MB of dedicated system memory, and 4057MB of shared system memory, 1 output[s]
[2016.02.08-13.30.34:458][  0]LogD3D11RHI: Found D3D11 adapter 1: Microsoft Basic Render Driver (Feature Level 11_0)
[2016.02.08-13.30.34:458][  0]LogD3D11RHI: Adapter has 0MB of dedicated video memory, 0MB of dedicated system memory, and 4057MB of shared system memory, 0 output[s]
[2016.02.08-13.30.34:458][  0]LogD3D11RHI: Chosen D3D11 Adapter Id = 0
[2016.02.08-13.30.34:462][  0]LogD3D11RHI: !Direct3DDevice
[2016.02.08-13.30.34:462][  0]LogRHI: Texture pool is 1361 MB (70% of 1945 MB)
[2016.02.08-13.30.34:469][  0]LogD3D11RHI: Async texture creation enabled
[2016.02.08-13.30.34:474][  0]LogShaderCompilers: Guid format shader working directory is -20 characters bigger than the processId version (../../../../../../Users/kotaoue/Documents/Unreal Projects/DJYamabiko/Intermediate/Shaders/WorkingDirectory/7028/).
[2016.02.08-13.30.34:474][  0]LogShaderCompilers: Cleaned the shader compiler working directory 'C:/Users/kotaoue/AppData/Local/Temp/UnrealShaderWorkingDir/5F3210524CC45CE6B2754FAFABC6A8B7/'.
[2016.02.08-13.30.34:474][  0]LogShaderCompilers:Display: Using Local Shader Compiler.
[2016.02.08-13.30.35:427][  0]LogTemp:Display: Loaded TP AllDesktopTargetPlatform
[2016.02.08-13.30.35:436][  0]LogTemp:Display: Loaded TP WindowsClientTargetPlatform
[2016.02.08-13.30.35:442][  0]LogTemp:Display: Loaded TP WindowsNoEditorTargetPlatform
[2016.02.08-13.30.35:448][  0]LogTemp:Display: Loaded TP WindowsServerTargetPlatform
[2016.02.08-13.30.35:453][  0]LogTemp:Display: Loaded TP WindowsTargetPlatform
[2016.02.08-13.30.35:455][  0]LogTemp:Display: Loaded TP AndroidTargetPlatform
[2016.02.08-13.30.35:458][  0]LogTemp:Display: Loaded TP Android_ASTCTargetPlatform
[2016.02.08-13.30.35:461][  0]LogTemp:Display: Loaded TP Android_ATCTargetPlatform
[2016.02.08-13.30.35:466][  0]LogTemp:Display: Loaded TP Android_DXTTargetPlatform
[2016.02.08-13.30.35:470][  0]LogTemp:Display: Loaded TP Android_ETC1TargetPlatform
[2016.02.08-13.30.35:474][  0]LogTemp:Display: Loaded TP Android_ETC2TargetPlatform
[2016.02.08-13.30.35:481][  0]LogTemp:Display: Loaded TP Android_MultiTargetPlatform
[2016.02.08-13.30.35:481][  0]LogTemp:Display: Loaded TP Android_PVRTCTargetPlatform
[2016.02.08-13.30.35:482][  0]LogTemp:Display: Loaded TP HTML5TargetPlatform
[2016.02.08-13.30.35:499][  0]LogTemp:Display: Loaded TP IOSTargetPlatform
[2016.02.08-13.30.35:502][  0]LogTemp:Display: Loaded TP LinuxNoEditorTargetPlatform
[2016.02.08-13.30.35:505][  0]LogTemp:Display: Loaded TP LinuxServerTargetPlatform
[2016.02.08-13.30.35:509][  0]LogTemp:Display: Loaded TP LinuxTargetPlatform
[2016.02.08-13.30.35:509][  0]LogTargetPlatformManager:Display: Building Assets For Windows
[2016.02.08-13.30.35:577][  0]LogDerivedDataCache:Display: Max Cache Size: 512 MB
[2016.02.08-13.30.35:636][  0]LogDerivedDataCache: Loaded boot cache 0.06s 41MB C:/Users/kotaoue/AppData/Local/UnrealEngine/4.10/DerivedDataCache/Boot.ddc.
[2016.02.08-13.30.35:636][  0]LogDerivedDataCache:Display: Loaded Boot cache: C:/Users/kotaoue/AppData/Local/UnrealEngine/4.10/DerivedDataCache/Boot.ddc
[2016.02.08-13.30.35:636][  0]LogDerivedDataCache: FDerivedDataBackendGraph:  Pak pak cache file ../../../../../../Users/kotaoue/Documents/Unreal Projects/DJYamabiko/DerivedDataCache/DDC.ddp not found, will not use a pak cache.
[2016.02.08-13.30.35:636][  0]LogDerivedDataCache: Unable to find inner node Pak for hierarchical cache Hierarchy.
[2016.02.08-13.30.35:636][  0]LogDerivedDataCache: FDerivedDataBackendGraph:  CompressedPak pak cache file ../../../../../../Users/kotaoue/Documents/Unreal Projects/DJYamabiko/DerivedDataCache/Compressed.ddp not found, will not use a pak cache.
[2016.02.08-13.30.35:636][  0]LogDerivedDataCache: Unable to find inner node CompressedPak for hierarchical cache Hierarchy.
[2016.02.08-13.30.35:723][  0]LogDerivedDataCache:Display: Pak cache opened for reading ../../../Engine/DerivedDataCache/Compressed.ddp.
[2016.02.08-13.30.35:735][  0]LogDerivedDataCache: Using Local data cache path C:/Users/kotaoue/AppData/Local/UnrealEngine/Common/DerivedDataCache: Writable
[2016.02.08-13.30.35:932][  0]LogInit: Selected Device Profile: [Windows]
[2016.02.08-13.30.35:936][  0]LogContentStreaming: Texture pool size is 0.000000MB
[2016.02.08-13.30.36:055][  0]LogMeshUtilities: No automatic mesh reduction module available
[2016.02.08-13.30.36:055][  0]LogMeshUtilities: No automatic mesh merging module available
[2016.02.08-13.30.36:293][  0]LogInit: WinSock: version 1.1 (2.2), MaxSocks=32767, MaxUdp=65467
[2016.02.08-13.30.36:947][  0]UdpMessaging: Initializing bridge on interface 0.0.0.0:0 to multicast group 230.0.0.1:6666.
[2016.02.08-13.30.37:051][  0]LogAssetRegistry: FAssetRegistry took 0.0116 seconds to start up
[2016.02.08-13.30.37:200][  0]SourceControl: 情報 ソースコントロールは無効です
[2016.02.08-13.30.37:201][  0]SourceControl: 情報 ソースコントロールは無効です
[2016.02.08-13.30.37:209][  0]SourceControl: 情報 ソースコントロールは無効です
[2016.02.08-13.30.37:218][  0]SourceControl: 情報 ソースコントロールは無効です
[2016.02.08-13.30.37:412][  0]LogObj: 28633 objects as part of root set at end of initial load.
[2016.02.08-13.30.37:412][  0]LogUObjectAllocator: 6099752 out of 0 bytes used by permanent object pool.
[2016.02.08-13.30.37:477][  0]LogEngine: Initializing Engine...
[2016.02.08-13.30.37:480][  0]LogHMD: Can't find Oculus library dev build: is proper Runtime installed? Version: 0.8.0.0
[2016.02.08-13.30.37:480][  0]LogHMD: SteamVR failed to initialize.  Err: 110
[2016.02.08-13.30.37:600][  0]LogAIModule: Creating AISystem for world NewWorld
[2016.02.08-13.30.37:604][  0]LogInit: XAudio2 using 'スピーカー (Realtek High Definition Audio(SST))' : 2 channels at 48 kHz using 32 bits per sample (channel mask 0x3)
[2016.02.08-13.30.37:690][  0]LogInit: FAudioDevice initialized.
[2016.02.08-13.30.37:718][  0]LogDerivedDataCache: Saved boot cache 0.03s 41MB C:/Users/kotaoue/AppData/Local/UnrealEngine/4.10/DerivedDataCache/Boot.ddc.
[2016.02.08-13.30.37:724][  0]LogInit: Texture streaming: Enabled
[2016.02.08-13.30.37:728][  0]LogAnalytics: Creating configured Analytics provider AnalyticsET
[2016.02.08-13.30.37:728][  0]LogAnalytics: [UEEditor.Rocket.Release] APIServer = http://et2.epicgames.com/ET2/. AppVersion = 4.10.2-2818068+++depot+UE4-Releases+4.10
[2016.02.08-13.30.37:728][  0]LogAnalytics: [UEEditor.Rocket.Release] SetUserId e6a45628499ebad7e50ee59e90a624e2|e9f0bced813a41ad9e36b4a9379bc38d|b25a5126-ec2c-468a-9d1d-b80f0e81c3bf
[2016.02.08-13.30.37:728][  0]LogAnalytics: [UEEditor.Rocket.Release] AnalyticsET::StartSession
[2016.02.08-13.30.37:736][  0]LogInit: Transaction tracking system initialized
[2016.02.08-13.30.37:758][  0]BlueprintLog: New page: エディタの読み込み
[2016.02.08-13.30.37:832][  0]LocalizationService: 情報 ローカライズのサービスが無効になりました
[2016.02.08-13.30.37:906][  0]LogConsoleResponse:Display: 
[2016.02.08-13.30.38:031][  0]LogCook:Display: Done creating registry. It took  0.00s.
[2016.02.08-13.30.38:077][  0]LogFileCache: Scanning file cache for directory 'C:/Users/kotaoue/Documents/Unreal Projects/DJYamabiko/Content/' took 0.02s
[2016.02.08-13.30.38:077][  0]SourceControl: 情報 ソースコントロールは無効です
[2016.02.08-13.30.38:077][  0]Cmd: MAP LOAD FILE="../../../../../../Users/kotaoue/Documents/Unreal Projects/DJYamabiko/Content/RollingBP/Maps/RollingBPExampleMap.umap" TEMPLATE=0 SHOWPROGRESS=1 FEATURELEVEL=3
[2016.02.08-13.30.38:082][  0]LightingResults: New page: ライティングのビルド
[2016.02.08-13.30.38:085][  0]MapCheck: New page: マップをチェック
[2016.02.08-13.30.38:085][  0]LightingResults: New page: <何も選択されていません>
[2016.02.08-13.30.38:104][  0]LogParticles: Destroying 0 GPU particle simulations for FXSystem 0x000001D3B59E3740
[2016.02.08-13.30.39:381][  0]LogAIModule: Creating AISystem for world RollingBPExampleMap
[2016.02.08-13.30.39:392][  0]LogEditorServer: Finished looking for orphan Actors (0.000 secs)
[2016.02.08-13.30.39:393][  0]Cmd: MAP CHECKDEP NOCLEARLOG
[2016.02.08-13.30.39:488][  0]MapCheck: 情報 マップチェックが完了: 0 エラー、 0 警告、完了に 94.927ミリ秒かかりました。
[2016.02.08-13.30.39:488][  0]LogFileHelpers: Loading map 'RollingBPExampleMap' took 1.411
[2016.02.08-13.30.39:650][  0]LogCollectionManager: Loaded 0 collections in 0.001865 seconds
[2016.02.08-13.30.39:715][  0]LogFileCache: Scanning file cache for directory 'C:/Users/kotaoue/Documents/Unreal Projects/DJYamabiko/Saved/Collections/' took 0.01s
[2016.02.08-13.30.39:715][  0]LogFileCache: Scanning file cache for directory 'C:/Users/kotaoue/Documents/Unreal Projects/DJYamabiko/Content/Developers/kotaoue/Collections/' took 0.01s
[2016.02.08-13.30.39:715][  0]LogFileCache: Scanning file cache for directory 'C:/Users/kotaoue/Documents/Unreal Projects/DJYamabiko/Content/Collections/' took 0.01s
[2016.02.08-13.30.39:715][  0]LogCollectionManager: Rebuilt the GUID cache for 0 collections in 0.000002 seconds
[2016.02.08-13.30.39:726][  0]LogContentBrowser: Native class hierarchy populated in 0.0091 seconds. Added 1893 classes and 338 folders.
[2016.02.08-13.30.39:742][  0]LogContentBrowser: Native class hierarchy updated for 'WidgetCarousel' in 0.0003 seconds. Added 0 classes and 0 folders.
[2016.02.08-13.30.40:082][  0]LogContentBrowser: Native class hierarchy updated for 'AddContentDialog' in 0.0004 seconds. Added 0 classes and 0 folders.
[2016.02.08-13.30.40:096][  0]LogContentBrowser: Native class hierarchy updated for 'SceneOutliner' in 0.0004 seconds. Added 1 classes and 2 folders.
[2016.02.08-13.30.40:224][  0]LogCrashTracker: Crashtracker disabled due to settings.
[2016.02.08-13.30.40:242][  0]LogUObjectGlobals:Warning: オブジェクト 'Class なし.' が見つかりませんでした
[2016.02.08-13.30.40:267][  0]LogLoad: Full Startup: 6.59 seconds (BP compile: 0.05 seconds)
[2016.02.08-13.30.40:615][  0]LogOcInput: Can't find Oculus library dev build: is proper Runtime installed? Version: 0.8.0.0
[2016.02.08-13.30.40:748][  0]LogContentStreaming: Texture pool size now 1000 MB
[2016.02.08-13.30.40:904][  0]LogRenderer: Reallocating scene render targets to support 944x520 (Frame:2).
[2016.02.08-13.30.42:748][  5]LogAssetRegistry: Asset discovery search completed in 5.7085 seconds
[2016.02.08-13.30.42:748][  5]LogCollectionManager: Rebuilt the object cache for 0 collections in 0.000000 seconds (found 0 objects)
[2016.02.08-13.30.42:748][  5]LogCollectionManager: Fixed up redirectors for 0 collections in 0.000078 seconds (updated 0 objects)
[2016.02.08-13.30.50:337][ 82]LogLinker:Warning: Asset '../../../Engine/Content/ArtTools/RenderToTexture/Macros/RenderToTextureMacros.uasset' has been saved with empty engine version. The asset will be loaded but may be incompatible.
[2016.02.08-13.30.50:884][ 82]LogContentBrowser: Native class hierarchy updated for 'BlueprintGraph' in 0.0007 seconds. Added 107 classes and 0 folders.
[2016.02.08-13.33.08:743][337]LogEditorViewport: Clicking on Actor (LMB): PhysicsBallBP_C (PhysicsBallBP)
[2016.02.08-13.33.38:685][686]LogBlueprintUserMessages: Early PlayInEditor Detection: Level '/Game/RollingBP/Maps/RollingBPExampleMap.RollingBPExampleMap:PersistentLevel' has LevelScriptBlueprint '/Game/RollingBP/Maps/RollingBPExampleMap.RollingBPExampleMap:PersistentLevel.RollingBPExampleMap' with GeneratedClass '/Game/RollingBP/Maps/RollingBPExampleMap.RollingBPExampleMap_C' with ClassGeneratedBy '/Game/RollingBP/Maps/RollingBPExampleMap.RollingBPExampleMap:PersistentLevel.RollingBPExampleMap'
[2016.02.08-13.33.38:685][686]LogPlayLevel: PlayLevel: No blueprints needed recompiling
[2016.02.08-13.33.38:687][686]PIE: New page: PIEセッション: RollingBPExampleMap (2016/02/09 7:33:38)
[2016.02.08-13.33.38:687][686]LogPlayLevel: Creating play world package: /Game/RollingBP/Maps/UEDPIE_0_RollingBPExampleMap
[2016.02.08-13.33.38:724][686]LogPlayLevel: PIE: StaticDuplicateObject took: (0.036509s)
[2016.02.08-13.33.38:724][686]LogAIModule: Creating AISystem for world RollingBPExampleMap
[2016.02.08-13.33.38:725][686]LogPlayLevel: PIE: World Init took: (0.000958s)
[2016.02.08-13.33.38:725][686]LogPlayLevel: PIE: Created PIE world by copying editor world from /Game/RollingBP/Maps/RollingBPExampleMap.RollingBPExampleMap to /Game/RollingBP/Maps/UEDPIE_0_RollingBPExampleMap.RollingBPExampleMap (0.037999s)
[2016.02.08-13.33.38:771][686]LogParticles: Destroying 0 GPU particle simulations for FXSystem 0x000001D3C1E48AE0
[2016.02.08-13.33.38:780][686]LogInit: XAudio2 using 'スピーカー (Realtek High Definition Audio(SST))' : 2 channels at 48 kHz using 32 bits per sample (channel mask 0x3)
[2016.02.08-13.33.38:789][686]LogInit: FAudioDevice initialized.
[2016.02.08-13.33.38:847][686]LogWorld: Game class is 'RollingGameMode_C'
[2016.02.08-13.33.38:859][686]LogWorld: Bringing World /Game/RollingBP/Maps/UEDPIE_0_RollingBPExampleMap.RollingBPExampleMap up for play (max tick rate 60) at 2016.02.08-22.33.38
[2016.02.08-13.33.38:859][686]LogActor:Warning: GameSession /Game/RollingBP/Maps/UEDPIE_0_RollingBPExampleMap.RollingBPExampleMap:PersistentLevel.GameSession_0 has natively added scene component(s), but none of them were set as the actor's RootComponent - picking one arbitrarily
[2016.02.08-13.33.38:859][686]LogActor:Warning: GameNetworkManager /Game/RollingBP/Maps/UEDPIE_0_RollingBPExampleMap.RollingBPExampleMap:PersistentLevel.GameNetworkManager_0 has natively added scene component(s), but none of them were set as the actor's RootComponent - picking one arbitrarily
[2016.02.08-13.33.38:860][686]LogWorld: Bringing up level for play took: 0.010337
[2016.02.08-13.33.38:881][686]PIE: 情報 /Game/RollingBP/Maps/UEDPIE_0_RollingBPExampleMap 0.873のプレイ イン エディタの開始時間
[2016.02.08-13.33.38:881][686]LogBlueprintUserMessages: Late PlayInEditor Detection: Level '/Game/RollingBP/Maps/RollingBPExampleMap.RollingBPExampleMap:PersistentLevel' has LevelScriptBlueprint '/Game/RollingBP/Maps/RollingBPExampleMap.RollingBPExampleMap:PersistentLevel.RollingBPExampleMap' with GeneratedClass '/Game/RollingBP/Maps/RollingBPExampleMap.RollingBPExampleMap_C' with ClassGeneratedBy '/Game/RollingBP/Maps/RollingBPExampleMap.RollingBPExampleMap:PersistentLevel.RollingBPExampleMap'
[2016.02.08-13.33.46:576][930]LogBlueprintUserMessages: Early EndPlayMap Detection: Level '/Game/RollingBP/Maps/RollingBPExampleMap.RollingBPExampleMap:PersistentLevel' has LevelScriptBlueprint '/Game/RollingBP/Maps/RollingBPExampleMap.RollingBPExampleMap:PersistentLevel.RollingBPExampleMap' with GeneratedClass '/Game/RollingBP/Maps/RollingBPExampleMap.RollingBPExampleMap_C' with ClassGeneratedBy '/Game/RollingBP/Maps/RollingBPExampleMap.RollingBPExampleMap:PersistentLevel.RollingBPExampleMap'
[2016.02.08-13.33.46:650][930]LogBlueprintUserMessages: Late EndPlayMap Detection: Level '/Game/RollingBP/Maps/RollingBPExampleMap.RollingBPExampleMap:PersistentLevel' has LevelScriptBlueprint '/Game/RollingBP/Maps/RollingBPExampleMap.RollingBPExampleMap:PersistentLevel.RollingBPExampleMap' with GeneratedClass '/Game/RollingBP/Maps/RollingBPExampleMap.RollingBPExampleMap_C' with ClassGeneratedBy '/Game/RollingBP/Maps/RollingBPExampleMap.RollingBPExampleMap:PersistentLevel.RollingBPExampleMap'
[2016.02.08-13.33.46:710][930]LogParticles: Destroying 0 GPU particle simulations for FXSystem 0x000001D3DECEEB60
[2016.02.08-13.33.59:196][672]LogEditorViewport: Clicking Background
[2016.02.08-13.34.01:703][820]LogEditorViewport: Clicking Background
[2016.02.08-13.34.11:764][226]LogEditorViewport: Clicking on Actor (LMB): BP_Sky_Sphere_C (SkyShereBlueprint)
[2016.02.08-13.34.12:940][251]LogEditorViewport: Clicking on Actor (LMB): PhysicsBallBP_C (PhysicsBallBP)
[2016.02.08-13.34.40:769][858]LogBlueprintUserMessages: Early PlayInEditor Detection: Level '/Game/RollingBP/Maps/RollingBPExampleMap.RollingBPExampleMap:PersistentLevel' has LevelScriptBlueprint '/Game/RollingBP/Maps/RollingBPExampleMap.RollingBPExampleMap:PersistentLevel.RollingBPExampleMap' with GeneratedClass '/Game/RollingBP/Maps/RollingBPExampleMap.RollingBPExampleMap_C' with ClassGeneratedBy '/Game/RollingBP/Maps/RollingBPExampleMap.RollingBPExampleMap:PersistentLevel.RollingBPExampleMap'
[2016.02.08-13.34.40:769][858]LogPlayLevel: PlayLevel: No blueprints needed recompiling
[2016.02.08-13.34.40:770][858]PIE: New page: PIEセッション: RollingBPExampleMap (2016/02/09 7:34:40)
[2016.02.08-13.34.40:770][858]LogPlayLevel: Creating play world package: /Game/RollingBP/Maps/UEDPIE_0_RollingBPExampleMap
[2016.02.08-13.34.40:806][858]LogPlayLevel: PIE: StaticDuplicateObject took: (0.036611s)
[2016.02.08-13.34.40:808][858]LogAIModule: Creating AISystem for world RollingBPExampleMap
[2016.02.08-13.34.40:808][858]LogPlayLevel: PIE: World Init took: (0.001463s)
[2016.02.08-13.34.40:808][858]LogPlayLevel: PIE: Created PIE world by copying editor world from /Game/RollingBP/Maps/RollingBPExampleMap.RollingBPExampleMap to /Game/RollingBP/Maps/UEDPIE_0_RollingBPExampleMap.RollingBPExampleMap (0.038370s)
[2016.02.08-13.34.40:882][858]LogInit: XAudio2 using 'スピーカー (Realtek High Definition Audio(SST))' : 2 channels at 48 kHz using 32 bits per sample (channel mask 0x3)
[2016.02.08-13.34.40:890][858]LogInit: FAudioDevice initialized.
[2016.02.08-13.34.40:931][858]LogWorld: Game class is 'RollingGameMode_C'
[2016.02.08-13.34.40:943][858]LogWorld: Bringing World /Game/RollingBP/Maps/UEDPIE_0_RollingBPExampleMap.RollingBPExampleMap up for play (max tick rate 60) at 2016.02.08-22.34.40
[2016.02.08-13.34.40:943][858]LogActor:Warning: GameSession /Game/RollingBP/Maps/UEDPIE_0_RollingBPExampleMap.RollingBPExampleMap:PersistentLevel.GameSession_1 has natively added scene component(s), but none of them were set as the actor's RootComponent - picking one arbitrarily
[2016.02.08-13.34.40:943][858]LogActor:Warning: GameNetworkManager /Game/RollingBP/Maps/UEDPIE_0_RollingBPExampleMap.RollingBPExampleMap:PersistentLevel.GameNetworkManager_1 has natively added scene component(s), but none of them were set as the actor's RootComponent - picking one arbitrarily
[2016.02.08-13.34.40:943][858]LogWorld: Bringing up level for play took: 0.011393
[2016.02.08-13.34.40:944][858]PIE: 情報 /Game/RollingBP/Maps/UEDPIE_0_RollingBPExampleMap 0.936のプレイ イン エディタの開始時間
[2016.02.08-13.34.40:944][858]LogBlueprintUserMessages: Late PlayInEditor Detection: Level '/Game/RollingBP/Maps/RollingBPExampleMap.RollingBPExampleMap:PersistentLevel' has LevelScriptBlueprint '/Game/RollingBP/Maps/RollingBPExampleMap.RollingBPExampleMap:PersistentLevel.RollingBPExampleMap' with GeneratedClass '/Game/RollingBP/Maps/RollingBPExampleMap.RollingBPExampleMap_C' with ClassGeneratedBy '/Game/RollingBP/Maps/RollingBPExampleMap.RollingBPExampleMap:PersistentLevel.RollingBPExampleMap'
[2016.02.08-13.34.44:131][955]LogBlueprintUserMessages: Early EndPlayMap Detection: Level '/Game/RollingBP/Maps/RollingBPExampleMap.RollingBPExampleMap:PersistentLevel' has LevelScriptBlueprint '/Game/RollingBP/Maps/RollingBPExampleMap.RollingBPExampleMap:PersistentLevel.RollingBPExampleMap' with GeneratedClass '/Game/RollingBP/Maps/RollingBPExampleMap.RollingBPExampleMap_C' with ClassGeneratedBy '/Game/RollingBP/Maps/RollingBPExampleMap.RollingBPExampleMap:PersistentLevel.RollingBPExampleMap'
[2016.02.08-13.34.44:201][955]LogBlueprintUserMessages: Late EndPlayMap Detection: Level '/Game/RollingBP/Maps/RollingBPExampleMap.RollingBPExampleMap:PersistentLevel' has LevelScriptBlueprint '/Game/RollingBP/Maps/RollingBPExampleMap.RollingBPExampleMap:PersistentLevel.RollingBPExampleMap' with GeneratedClass '/Game/RollingBP/Maps/RollingBPExampleMap.RollingBPExampleMap_C' with ClassGeneratedBy '/Game/RollingBP/Maps/RollingBPExampleMap.RollingBPExampleMap:PersistentLevel.RollingBPExampleMap'
[2016.02.08-13.34.44:254][955]LogParticles: Destroying 0 GPU particle simulations for FXSystem 0x000001D3BB56E200
[2016.02.08-13.34.47:139][ 10]MapCheck: New page: マップをチェック
[2016.02.08-13.34.47:228][ 10]Cmd: MAP REBUILD ALLVISIBLE
[2016.02.08-13.34.47:229][ 10]LogEditorServer: Rebuildmap Clear paths rebuilt
[2016.02.08-13.34.47:329][ 10]MapCheck:Warning: 警告 WorldInfo_0 Hierarchical LOD System is disabled or no HLOD level settings available, unable to build LOD actors. 
[2016.02.08-13.34.47:329][ 10]LogStats:          STAT_HLOD_BuildClusters - 38.136 ms
[2016.02.08-13.34.47:330][ 10]LightingResults: New page: ライティングのビルド - 2016/02/09 7:34:47
[2016.02.08-13.34.50:704][ 10]LogStaticLightingSystem: Running Lightmass w/ ImmediateImport mode ENABLED
[2016.02.08-13.34.50:704][ 10]LogStaticLightingSystem: Running Lightmass w/ ImmediateProcess mode ENABLED
[2016.02.08-13.34.50:704][ 10]LogStaticLightingSystem: Running Lightmass w/ Sorting mode ENABLED
[2016.02.08-13.34.50:704][ 10]LogStaticLightingSystem: Running Lightmass w/ Mapping paddings ENABLED
[2016.02.08-13.34.50:704][ 10]LogStaticLightingSystem: Running Lightmass w/ Mapping debug paddings DISABLED
[2016.02.08-13.34.50:894][ 10]LogEditorBuildUtils: Build time 0:00:03
[2016.02.08-13.37.04:260][780]Job is a success!
[2016.02.08-13.37.06:051][781]LogTexture:Display: テクスチャをビルド中: SkyOcclusion0_1 (AutoDXT)
[2016.02.08-13.37.07:039][781]LogTexture:Display: テクスチャをビルド中: LQ_Lightmap_0_22 (DXT1)
[2016.02.08-13.37.07:044][781]LogTexture:Display: テクスチャをビルド中: HQ_Lightmap0_22 (AutoDXT)
[2016.02.08-13.37.07:045][781]LogTexture:Display: テクスチャをビルド中: SkyOcclusion0_22 (AutoDXT)
[2016.02.08-13.37.07:048][781]LogTexture:Display: テクスチャをビルド中: LQ_Lightmap_1_21 (DXT1)
[2016.02.08-13.37.07:071][781]LogTexture:Display: テクスチャをビルド中: HQ_Lightmap1_21 (AutoDXT)
[2016.02.08-13.37.07:119][781]LogTexture:Display: テクスチャをビルド中: SkyOcclusion1_21 (AutoDXT)
[2016.02.08-13.37.07:142][781]LogTexture:Display: テクスチャをビルド中: LQ_Lightmap_1_20 (DXT1)
[2016.02.08-13.37.07:168][781]LogTexture:Display: テクスチャをビルド中: HQ_Lightmap1_20 (AutoDXT)
[2016.02.08-13.37.07:227][781]LogTexture:Display: テクスチャをビルド中: SkyOcclusion1_20 (AutoDXT)
[2016.02.08-13.37.07:267][781]LogTexture:Display: テクスチャをビルド中: LQ_Lightmap_1_19 (DXT1)
[2016.02.08-13.37.07:306][781]LogTexture:Display: テクスチャをビルド中: HQ_Lightmap1_19 (AutoDXT)
[2016.02.08-13.37.07:398][781]LogTexture:Display: テクスチャをビルド中: SkyOcclusion1_19 (AutoDXT)
[2016.02.08-13.37.07:444][781]LogTexture:Display: テクスチャをビルド中: LQ_Lightmap_1_18 (DXT1)
[2016.02.08-13.37.07:465][781]LogTexture:Display: テクスチャをビルド中: HQ_Lightmap1_18 (AutoDXT)
[2016.02.08-13.37.07:507][781]LogTexture:Display: テクスチャをビルド中: SkyOcclusion1_18 (AutoDXT)
[2016.02.08-13.37.07:530][781]LogTexture:Display: テクスチャをビルド中: LQ_Lightmap_1_17 (DXT1)
[2016.02.08-13.37.07:561][781]LogTexture:Display: テクスチャをビルド中: HQ_Lightmap1_17 (AutoDXT)
[2016.02.08-13.37.07:623][781]LogTexture:Display: テクスチャをビルド中: SkyOcclusion1_17 (AutoDXT)
[2016.02.08-13.37.07:658][781]LogTexture:Display: テクスチャをビルド中: LQ_Lightmap_1_16 (DXT1)
[2016.02.08-13.37.07:713][781]LogTexture:Display: テクスチャをビルド中: HQ_Lightmap1_16 (AutoDXT)
[2016.02.08-13.37.07:809][781]LogTexture:Display: テクスチャをビルド中: SkyOcclusion1_16 (AutoDXT)
[2016.02.08-13.37.07:864][781]LogTexture:Display: テクスチャをビルド中: LQ_Lightmap_0_15 (DXT1)
[2016.02.08-13.37.07:902][781]LogTexture:Display: テクスチャをビルド中: HQ_Lightmap0_15 (AutoDXT)
[2016.02.08-13.37.07:956][781]LogTexture:Display: テクスチャをビルド中: SkyOcclusion0_15 (AutoDXT)
[2016.02.08-13.37.07:996][781]LogTexture:Display: テクスチャをビルド中: LQ_Lightmap_1_14 (DXT1)
[2016.02.08-13.37.08:015][781]LogTexture:Display: テクスチャをビルド中: HQ_Lightmap1_14 (AutoDXT)
[2016.02.08-13.37.08:066][781]LogTexture:Display: テクスチャをビルド中: SkyOcclusion1_14 (AutoDXT)
[2016.02.08-13.37.08:092][781]LogTexture:Display: テクスチャをビルド中: LQ_Lightmap_1_13 (DXT1)
[2016.02.08-13.37.08:119][781]LogTexture:Display: テクスチャをビルド中: HQ_Lightmap1_13 (AutoDXT)
[2016.02.08-13.37.08:198][781]LogTexture:Display: テクスチャをビルド中: SkyOcclusion1_13 (AutoDXT)
[2016.02.08-13.37.08:239][781]LogTexture:Display: テクスチャをビルド中: LQ_Lightmap_0_12 (DXT1)
[2016.02.08-13.37.08:277][781]LogTexture:Display: テクスチャをビルド中: HQ_Lightmap0_12 (AutoDXT)
[2016.02.08-13.37.08:348][781]LogTexture:Display: テクスチャをビルド中: SkyOcclusion0_12 (AutoDXT)
[2016.02.08-13.37.08:381][781]LogTexture:Display: テクスチャをビルド中: LQ_Lightmap_1_11 (DXT1)
[2016.02.08-13.37.08:410][781]LogTexture:Display: テクスチャをビルド中: HQ_Lightmap1_11 (AutoDXT)
[2016.02.08-13.37.08:472][781]LogTexture:Display: テクスチャをビルド中: SkyOcclusion1_11 (AutoDXT)
[2016.02.08-13.37.08:505][781]LogTexture:Display: テクスチャをビルド中: LQ_Lightmap_0_10 (DXT1)
[2016.02.08-13.37.08:544][781]LogTexture:Display: テクスチャをビルド中: HQ_Lightmap0_10 (AutoDXT)
[2016.02.08-13.37.08:632][781]LogTexture:Display: テクスチャをビルド中: SkyOcclusion0_10 (AutoDXT)
[2016.02.08-13.37.08:673][781]LogTexture:Display: テクスチャをビルド中: LQ_Lightmap_1_9 (DXT1)
[2016.02.08-13.37.08:735][781]LogTexture:Display: テクスチャをビルド中: HQ_Lightmap1_9 (AutoDXT)
[2016.02.08-13.37.08:850][781]LogTexture:Display: テクスチャをビルド中: SkyOcclusion1_9 (AutoDXT)
[2016.02.08-13.37.08:905][781]LogTexture:Display: テクスチャをビルド中: LQ_Lightmap_0_8 (DXT1)
[2016.02.08-13.37.09:235][781]LogTexture:Display: テクスチャをビルド中: HQ_Lightmap0_8 (AutoDXT)
[2016.02.08-13.37.09:864][781]LogTexture:Display: テクスチャをビルド中: SkyOcclusion0_8 (AutoDXT)
[2016.02.08-13.37.10:043][781]LogTexture:Display: テクスチャをビルド中: LQ_Lightmap_0_7 (DXT1)
[2016.02.08-13.37.10:574][781]LogTexture:Display: テクスチャをビルド中: HQ_Lightmap0_7 (AutoDXT)
[2016.02.08-13.37.11:502][781]LogTexture:Display: テクスチャをビルド中: SkyOcclusion0_7 (AutoDXT)
[2016.02.08-13.37.11:878][781]LogTexture:Display: テクスチャをビルド中: LQ_Lightmap_0_6 (DXT1)
[2016.02.08-13.37.12:160][781]LogTexture:Display: テクスチャをビルド中: HQ_Lightmap0_6 (AutoDXT)
[2016.02.08-13.37.13:346][781]LogTexture:Display: テクスチャをビルド中: SkyOcclusion0_6 (AutoDXT)
[2016.02.08-13.37.13:737][781]LogTexture:Display: テクスチャをビルド中: LQ_Lightmap_0_5 (DXT1)
[2016.02.08-13.37.14:015][781]LogTexture:Display: テクスチャをビルド中: HQ_Lightmap0_5 (AutoDXT)
[2016.02.08-13.37.14:894][781]LogTexture:Display: テクスチャをビルド中: SkyOcclusion0_5 (AutoDXT)
[2016.02.08-13.37.15:235][781]LogTexture:Display: テクスチャをビルド中: LQ_Lightmap_0_4 (DXT1)
[2016.02.08-13.37.15:567][781]LogTexture:Display: テクスチャをビルド中: HQ_Lightmap0_4 (AutoDXT)
[2016.02.08-13.37.16:390][781]LogTexture:Display: テクスチャをビルド中: SkyOcclusion0_4 (AutoDXT)
[2016.02.08-13.37.16:724][781]LogTexture:Display: テクスチャをビルド中: LQ_Lightmap_0_3 (DXT1)
[2016.02.08-13.37.17:171][781]LogTexture:Display: テクスチャをビルド中: HQ_Lightmap0_3 (AutoDXT)
[2016.02.08-13.37.18:084][781]LogTexture:Display: テクスチャをビルド中: SkyOcclusion0_3 (AutoDXT)
[2016.02.08-13.37.18:497][781]LogTexture:Display: テクスチャをビルド中: LQ_Lightmap_0_2 (DXT1)
[2016.02.08-13.37.18:761][781]LogTexture:Display: テクスチャをビルド中: HQ_Lightmap0_2 (AutoDXT)
[2016.02.08-13.37.19:652][781]LogTexture:Display: テクスチャをビルド中: SkyOcclusion0_2 (AutoDXT)
[2016.02.08-13.37.20:026][781]LogTexture:Display: テクスチャをビルド中: LQ_Lightmap_0_1 (DXT1)
[2016.02.08-13.37.20:642][781]LogTexture:Display: テクスチャをビルド中: HQ_Lightmap0_1 (AutoDXT)
[2016.02.08-13.37.22:649][781]LogTexture:Display: テクスチャをビルド中: ShadowMapTexture2D_0 (G8)
[2016.02.08-13.37.23:141][781]LogTexture:Display: テクスチャをビルド中: ShadowMapTexture2D_1 (G8)
[2016.02.08-13.37.23:637][781]LogTexture:Display: テクスチャをビルド中: ShadowMapTexture2D_2 (G8)
[2016.02.08-13.37.24:131][781]LogTexture:Display: テクスチャをビルド中: ShadowMapTexture2D_3 (G8)
[2016.02.08-13.37.24:627][781]LogTexture:Display: テクスチャをビルド中: ShadowMapTexture2D_4 (G8)
[2016.02.08-13.37.24:738][781]LogTexture:Display: テクスチャをビルド中: ShadowMapTexture2D_6 (G8)
[2016.02.08-13.37.24:777][781]LogTexture:Display: テクスチャをビルド中: ShadowMapTexture2D_7 (G8)
[2016.02.08-13.37.24:811][781]LogTexture:Display: テクスチャをビルド中: ShadowMapTexture2D_11 (G8)
[2016.02.08-13.37.24:846][781]LogTexture:Display: テクスチャをビルド中: ShadowMapTexture2D_18 (G8)
[2016.02.08-13.37.24:858][781]LogTexture:Display: テクスチャをビルド中: ShadowMapTexture2D_20 (G8)
[2016.02.08-13.37.24:891][781]LogTexture:Display: テクスチャをビルド中: ShadowMapTexture2D_28 (G8)
[2016.02.08-13.37.24:924][781]LogTexture:Display: テクスチャをビルド中: ShadowMapTexture2D_29 (G8)
[2016.02.08-13.37.24:957][781]LogTexture:Display: テクスチャをビルド中: ShadowMapTexture2D_30 (G8)
[2016.02.08-13.37.24:968][781]LogTexture:Display: テクスチャをビルド中: ShadowMapTexture2D_31 (G8)
[2016.02.08-13.37.25:000][781]LogTexture:Display: テクスチャをビルド中: ShadowMapTexture2D_32 (G8)
[2016.02.08-13.37.25:011][781]LogTexture:Display: テクスチャをビルド中: ShadowMapTexture2D_33 (G8)
[2016.02.08-13.37.25:020][781]LogTexture:Display: テクスチャをビルド中: ShadowMapTexture2D_34 (G8)
[2016.02.08-13.37.25:023][781]LogTexture:Display: テクスチャをビルド中: ShadowMapTexture2D_35 (G8)
[2016.02.08-13.37.25:062][781]Lightmass on DESKTOP-6H4BEHG: 2:33 min total, 214 ms importing, 9 ms setup, 6.00 sec photons, 2:27 min processing, 0 ms extra exporting [69/69 mappings]. Threads: 9:48 min total, 6:18 min processing.
[2016.02.08-13.37.25:115][781]LogStaticLightingSystem: Illumination: 2:37 min (19.8 sec encoding lightmaps)
[2016.02.08-13.37.25:115][781]LogStaticLightingSystem: Lightmap texture memory:  18.0 MB (18.0 MB streaming, 0.0 MB non-streaming), 44 textures
[2016.02.08-13.37.25:115][781]LogStaticLightingSystem: Shadowmap texture memory: 14.8 MB (14.8 MB streaming, 0.0 MB non-streaming), 18 textures
[2016.02.08-13.37.25:785][782]Cmd: MAP CHECK NOTIFYRESULTS
[2016.02.08-13.37.25:785][782]MapCheck: New page: RollingBPExampleMap - 2016/02/09 7:37:25
[2016.02.08-13.37.25:786][782]MapCheck:Error: エラー EditorCube17_7 コンポーネントは静的タイプですがライトマップ設定が無効です！間接光は黒になります。主な原因は、ライトマップの解像度が0、LightmapCoordinateIndexが範囲外であることが考えられます。 
[2016.02.08-13.37.25:786][782]MapCheck:Warning: 警告 EditorCube17_7 スタティックメッシュアクタに NULL のStaticMesh プロパティがあります 
[2016.02.08-13.37.25:786][782]MapCheck:Warning: 警告 EditorCube17_7 スタティックメッシュアクタに NULL のStaticMesh プロパティがあります 
[2016.02.08-13.37.25:832][782]MapCheck: 情報 マップチェックが完了: 1 エラー、 2 警告、完了に 47.894ミリ秒かかりました。
[2016.02.08-13.38.22:874][905]LogBlueprintUserMessages: Early PlayInEditor Detection: Level '/Game/RollingBP/Maps/RollingBPExampleMap.RollingBPExampleMap:PersistentLevel' has LevelScriptBlueprint '/Game/RollingBP/Maps/RollingBPExampleMap.RollingBPExampleMap:PersistentLevel.RollingBPExampleMap' with GeneratedClass '/Game/RollingBP/Maps/RollingBPExampleMap.RollingBPExampleMap_C' with ClassGeneratedBy '/Game/RollingBP/Maps/RollingBPExampleMap.RollingBPExampleMap:PersistentLevel.RollingBPExampleMap'
[2016.02.08-13.38.22:874][905]LogPlayLevel: PlayLevel: No blueprints needed recompiling
[2016.02.08-13.38.22:874][905]PIE: New page: PIEセッション: RollingBPExampleMap (2016/02/09 7:38:22)
[2016.02.08-13.38.22:874][905]LogPlayLevel: Creating play world package: /Game/RollingBP/Maps/UEDPIE_0_RollingBPExampleMap
[2016.02.08-13.38.22:906][905]LogPlayLevel: PIE: StaticDuplicateObject took: (0.032090s)
[2016.02.08-13.38.22:907][905]LogAIModule: Creating AISystem for world RollingBPExampleMap
[2016.02.08-13.38.22:907][905]LogPlayLevel: PIE: World Init took: (0.001142s)
[2016.02.08-13.38.22:908][905]LogPlayLevel: PIE: Created PIE world by copying editor world from /Game/RollingBP/Maps/RollingBPExampleMap.RollingBPExampleMap to /Game/RollingBP/Maps/UEDPIE_0_RollingBPExampleMap.RollingBPExampleMap (0.033556s)
[2016.02.08-13.38.22:985][905]LogInit: XAudio2 using 'スピーカー (Realtek High Definition Audio(SST))' : 2 channels at 48 kHz using 32 bits per sample (channel mask 0x3)
[2016.02.08-13.38.22:992][905]LogInit: FAudioDevice initialized.
[2016.02.08-13.38.23:028][905]LogWorld: Game class is 'RollingGameMode_C'
[2016.02.08-13.38.23:036][905]LogWorld: Bringing World /Game/RollingBP/Maps/UEDPIE_0_RollingBPExampleMap.RollingBPExampleMap up for play (max tick rate 60) at 2016.02.08-22.38.23
[2016.02.08-13.38.23:036][905]LogActor:Warning: GameSession /Game/RollingBP/Maps/UEDPIE_0_RollingBPExampleMap.RollingBPExampleMap:PersistentLevel.GameSession_2 has natively added scene component(s), but none of them were set as the actor's RootComponent - picking one arbitrarily
[2016.02.08-13.38.23:037][905]LogActor:Warning: GameNetworkManager /Game/RollingBP/Maps/UEDPIE_0_RollingBPExampleMap.RollingBPExampleMap:PersistentLevel.GameNetworkManager_2 has natively added scene component(s), but none of them were set as the actor's RootComponent - picking one arbitrarily
[2016.02.08-13.38.23:037][905]LogWorld: Bringing up level for play took: 0.008313
[2016.02.08-13.38.23:038][905]PIE: 情報 /Game/RollingBP/Maps/UEDPIE_0_RollingBPExampleMap 1.03のプレイ イン エディタの開始時間
[2016.02.08-13.38.23:038][905]LogBlueprintUserMessages: Late PlayInEditor Detection: Level '/Game/RollingBP/Maps/RollingBPExampleMap.RollingBPExampleMap:PersistentLevel' has LevelScriptBlueprint '/Game/RollingBP/Maps/RollingBPExampleMap.RollingBPExampleMap:PersistentLevel.RollingBPExampleMap' with GeneratedClass '/Game/RollingBP/Maps/RollingBPExampleMap.RollingBPExampleMap_C' with ClassGeneratedBy '/Game/RollingBP/Maps/RollingBPExampleMap.RollingBPExampleMap:PersistentLevel.RollingBPExampleMap'
[2016.02.08-13.38.39:453][245]LogWindowsTextInputMethodSystem:Display: IME system now activated using TSF (Microsoft IME).
[2016.02.08-13.38.39:453][245]LogWindowsTextInputMethodSystem:Display: IME system now activated using TSF (Microsoft IME).
[2016.02.08-13.38.39:495][245]LogWindowsTextInputMethodSystem:Display: IME system now activated using TSF (Microsoft IME).
[2016.02.08-13.38.39:495][245]LogWindowsTextInputMethodSystem:Display: IME system now activated using TSF (Microsoft IME).
[2016.02.08-13.38.39:666][245]LogBlueprintUserMessages: Early EndPlayMap Detection: Level '/Game/RollingBP/Maps/RollingBPExampleMap.RollingBPExampleMap:PersistentLevel' has LevelScriptBlueprint '/Game/RollingBP/Maps/RollingBPExampleMap.RollingBPExampleMap:PersistentLevel.RollingBPExampleMap' with GeneratedClass '/Game/RollingBP/Maps/RollingBPExampleMap.RollingBPExampleMap_C' with ClassGeneratedBy '/Game/RollingBP/Maps/RollingBPExampleMap.RollingBPExampleMap:PersistentLevel.RollingBPExampleMap'
[2016.02.08-13.38.39:706][245]LogBlueprintUserMessages: Late EndPlayMap Detection: Level '/Game/RollingBP/Maps/RollingBPExampleMap.RollingBPExampleMap:PersistentLevel' has LevelScriptBlueprint '/Game/RollingBP/Maps/RollingBPExampleMap.RollingBPExampleMap:PersistentLevel.RollingBPExampleMap' with GeneratedClass '/Game/RollingBP/Maps/RollingBPExampleMap.RollingBPExampleMap_C' with ClassGeneratedBy '/Game/RollingBP/Maps/RollingBPExampleMap.RollingBPExampleMap:PersistentLevel.RollingBPExampleMap'
[2016.02.08-13.38.39:777][245]LogParticles: Destroying 0 GPU particle simulations for FXSystem 0x000001D3DE87D3A0
[2016.02.08-13.38.39:948][246]Cmd: QUIT_EDITOR
[2016.02.08-13.38.40:511][246]LogWindowsTextInputMethodSystem:Display: IME system now activated using TSF (Microsoft IME).
[2016.02.08-13.38.40:511][246]LogWindowsTextInputMethodSystem:Display: IME system now activated using TSF (Microsoft IME).
[2016.02.08-13.38.40:615][246]LogExit: Preparing to exit.
[2016.02.08-13.38.41:255][246]LogExit: Editor shut down
[2016.02.08-13.38.41:255][246]LogExit: Transaction tracking system shut down
[2016.02.08-13.38.41:257][246]LogParticles: Destroying 0 GPU particle simulations for FXSystem 0x000001D3A904F9C0
[2016.02.08-13.38.41:258][246]LogParticles: Destroying 0 GPU particle simulations for FXSystem 0x000001D3BB4CF880
[2016.02.08-13.38.41:258][246]LogParticles: Destroying 0 GPU particle simulations for FXSystem 0x000001D3BEA8B100
[2016.02.08-13.38.41:460][246]LogExit: Object subsystem successfully closed.
[2016.02.08-13.38.41:470][246]LogD3D11RHI: Shutdown
[2016.02.08-13.38.41:470][246]LogD3D11RHI: CleanupD3DDevice
[2016.02.08-13.38.41:614][246]LogD3D11RHI: ~FD3D11DynamicRHI
[2016.02.08-13.38.41:626][246]LogModuleManager: Shutting down and abandoning module BlueprintGraph (199)
[2016.02.08-13.38.41:626][246]LogModuleManager: Shutting down and abandoning module CrashTracker (198)
[2016.02.08-13.38.41:626][246]LogModuleManager: Shutting down and abandoning module SceneOutliner (197)
[2016.02.08-13.38.41:627][246]LogModuleManager: Shutting down and abandoning module SuperSearch (196)
[2016.02.08-13.38.41:627][246]LogModuleManager: Shutting down and abandoning module WidgetCarousel (195)
[2016.02.08-13.38.41:627][246]LogModuleManager: Shutting down and abandoning module AddContentDialog (194)
[2016.02.08-13.38.41:629][246]LogModuleManager: Shutting down and abandoning module EditorWidgets (193)
[2016.02.08-13.38.41:629][246]LogModuleManager: Shutting down and abandoning module CollectionManager (192)
[2016.02.08-13.38.41:629][246]LogModuleManager: Shutting down and abandoning module StatsViewer (191)
[2016.02.08-13.38.41:629][246]LogModuleManager: Shutting down and abandoning module FoliageEdit (190)
[2016.02.08-13.38.41:629][246]LogModuleManager: Shutting down and abandoning module LandscapeEditor (189)
[2016.02.08-13.38.41:629][246]LogModuleManager: Shutting down and abandoning module ActorPickerMode (188)
[2016.02.08-13.38.41:629][246]LogModuleManager: Shutting down and abandoning module GeometryMode (187)
[2016.02.08-13.38.41:630][246]LogModuleManager: Shutting down and abandoning module TextureAlignMode (186)
[2016.02.08-13.38.41:630][246]LogModuleManager: Shutting down and abandoning module BspMode (185)
[2016.02.08-13.38.41:630][246]LogModuleManager: Shutting down and abandoning module PlacementMode (184)
[2016.02.08-13.38.41:630][246]LogModuleManager: Shutting down and abandoning module AutomationWorker (183)
[2016.02.08-13.38.41:630][246]LogModuleManager: Shutting down and abandoning module CharacterAI (182)
[2016.02.08-13.38.41:630][246]LogModuleManager: Shutting down and abandoning module SmartSnapping (181)
[2016.02.08-13.38.41:630][246]LogModuleManager: Shutting down and abandoning module ViewportSnapping (180)
[2016.02.08-13.38.41:630][246]LogModuleManager: Shutting down and abandoning module LogVisualizer (179)
[2016.02.08-13.38.41:630][246]LogModuleManager: Shutting down and abandoning module GameProjectGeneration (178)
[2016.02.08-13.38.41:630][246]LogModuleManager: Shutting down and abandoning module IntroTutorials (177)
[2016.02.08-13.38.41:630][246]LogModuleManager: Shutting down and abandoning module EditorLiveStreaming (176)
[2016.02.08-13.38.41:630][246]LogModuleManager: Shutting down and abandoning module IOSPlatformEditor (175)
[2016.02.08-13.38.41:630][246]LogModuleManager: Shutting down and abandoning module HTML5PlatformEditor (174)
[2016.02.08-13.38.41:630][246]LogModuleManager: Shutting down and abandoning module AndroidDeviceDetection (173)
[2016.02.08-13.38.42:453][246]LogModuleManager: Shutting down and abandoning module AndroidPlatformEditor (172)
[2016.02.08-13.38.42:453][246]LogModuleManager: Shutting down and abandoning module IOSRuntimeSettings (171)
[2016.02.08-13.38.42:453][246]LogModuleManager: Shutting down and abandoning module AndroidRuntimeSettings (170)
[2016.02.08-13.38.42:453][246]LogModuleManager: Shutting down and abandoning module MergeActors (169)
[2016.02.08-13.38.42:453][246]LogModuleManager: Shutting down and abandoning module SizeMap (168)
[2016.02.08-13.38.42:453][246]LogModuleManager: Shutting down and abandoning module TreeMap (167)
[2016.02.08-13.38.42:453][246]LogModuleManager: Shutting down and abandoning module ReferenceViewer (166)
[2016.02.08-13.38.42:453][246]LogModuleManager: Shutting down and abandoning module LocalizationService (165)
[2016.02.08-13.38.42:453][246]LogModuleManager: Shutting down and abandoning module LocalizationDashboard (164)
[2016.02.08-13.38.42:453][246]LogModuleManager: Shutting down and abandoning module HardwareTargeting (163)
[2016.02.08-13.38.42:454][246]LogModuleManager: Shutting down and abandoning module DeviceProfileEditor (162)
[2016.02.08-13.38.42:454][246]LogModuleManager: Shutting down and abandoning module UndoHistory (161)
[2016.02.08-13.38.42:454][246]LogModuleManager: Shutting down and abandoning module GameplayTagsEditor (160)
[2016.02.08-13.38.42:454][246]LogModuleManager: Shutting down and abandoning module UserFeedback (159)
[2016.02.08-13.38.42:454][246]LogModuleManager: Shutting down and abandoning module XmlParser (158)
[2016.02.08-13.38.42:454][246]LogModuleManager: Shutting down and abandoning module Blutility (157)
[2016.02.08-13.38.42:454][246]LogModuleManager: Shutting down and abandoning module ProjectTargetPlatformEditor (156)
[2016.02.08-13.38.42:454][246]LogModuleManager: Shutting down and abandoning module ProjectSettingsViewer (155)
[2016.02.08-13.38.42:454][246]LogModuleManager: Shutting down and abandoning module InputBindingEditor (154)
[2016.02.08-13.38.42:455][246]LogModuleManager: Shutting down and abandoning module EditorSettingsViewer (153)
[2016.02.08-13.38.42:455][246]LogModuleManager: Shutting down and abandoning module SettingsEditor (152)
[2016.02.08-13.38.42:455][246]LogModuleManager: Shutting down and abandoning module ProjectLauncher (151)
[2016.02.08-13.38.42:455][246]LogModuleManager: Shutting down and abandoning module SessionFrontend (150)
[2016.02.08-13.38.42:455][246]LogModuleManager: Shutting down and abandoning module ProfilerClient (149)
[2016.02.08-13.38.42:455][246]LogModuleManager: Shutting down and abandoning module TargetDeviceServices (148)
[2016.02.08-13.38.42:455][246]LogModuleManager: Shutting down and abandoning module DeviceManager (147)
[2016.02.08-13.38.42:455][246]LogModuleManager: Shutting down and abandoning module AutomationController (146)
[2016.02.08-13.38.42:455][246]LogModuleManager: Shutting down and abandoning module AutomationWindow (145)
[2016.02.08-13.38.42:455][246]LogModuleManager: Shutting down and abandoning module Layers (144)
[2016.02.08-13.38.42:455][246]LogModuleManager: Shutting down and abandoning module ComponentVisualizers (143)
[2016.02.08-13.38.42:455][246]LogModuleManager: Shutting down and abandoning module DetailCustomizations (142)
[2016.02.08-13.38.42:456][246]LogModuleManager: Shutting down and abandoning module PackagesDialog (141)
[2016.02.08-13.38.42:456][246]LogModuleManager: Shutting down and abandoning module Persona (140)
[2016.02.08-13.38.42:456][246]LogModuleManager: Shutting down and abandoning module Kismet (139)
[2016.02.08-13.38.42:456][246]LogModuleManager: Shutting down and abandoning module GraphEditor (138)
[2016.02.08-13.38.42:457][246]LogModuleManager: Shutting down and abandoning module ClassViewer (137)
[2016.02.08-13.38.42:457][246]LogModuleManager: Shutting down and abandoning module Toolbox (136)
[2016.02.08-13.38.42:457][246]LogModuleManager: Shutting down and abandoning module ModuleUI (135)
[2016.02.08-13.38.42:457][246]LogModuleManager: Shutting down and abandoning module MovieSceneTools (134)
[2016.02.08-13.38.42:457][246]LogModuleManager: Shutting down and abandoning module OutputLog (133)
[2016.02.08-13.38.42:457][246]LogModuleManager: Shutting down and abandoning module GammaUI (132)
[2016.02.08-13.38.42:457][246]LogModuleManager: Shutting down and abandoning module Documentation (131)
[2016.02.08-13.38.42:457][246]LogModuleManager: Shutting down and abandoning module GameLiveStreaming (130)
[2016.02.08-13.38.42:457][246]LogModuleManager: Shutting down and abandoning module StreamingPauseRendering (129)
[2016.02.08-13.38.42:457][246]LogModuleManager: Shutting down and abandoning module AnalyticsET (128)
[2016.02.08-13.38.42:457][246]LogModuleManager: Shutting down and abandoning module Analytics (127)
[2016.02.08-13.38.42:457][246]LogModuleManager: Shutting down and abandoning module AITestSuite (126)
[2016.02.08-13.38.42:457][246]LogModuleManager: Shutting down and abandoning module GameplayDebugger (125)
[2016.02.08-13.38.42:457][246]LogModuleManager: Shutting down and abandoning module AIModule (124)
[2016.02.08-13.38.42:457][246]LogModuleManager: Shutting down and abandoning module ProfilerService (123)
[2016.02.08-13.38.42:617][246]LogModuleManager: Shutting down and abandoning module TaskGraph (122)
[2016.02.08-13.38.42:617][246]LogModuleManager: Shutting down and abandoning module SlateRemote (121)
[2016.02.08-13.38.42:618][246]LogModuleManager: Shutting down and abandoning module SteamVRController (120)
[2016.02.08-13.38.42:618][246]LogModuleManager: Shutting down and abandoning module SteamVR (119)
[2016.02.08-13.38.42:618][246]LogModuleManager: Shutting down and abandoning module ProceduralMeshComponent (118)
[2016.02.08-13.38.42:618][246]LogModuleManager: Shutting down and abandoning module OculusLibrary (117)
[2016.02.08-13.38.42:618][246]LogModuleManager: Shutting down and abandoning module OculusInput (116)
[2016.02.08-13.38.42:618][246]LogModuleManager: Shutting down and abandoning module LeapMotionController (115)
[2016.02.08-13.38.42:650][246]LogModuleManager: Shutting down and abandoning module CustomMeshComponent (114)
[2016.02.08-13.38.42:651][246]LogModuleManager: Shutting down and abandoning module CableComponent (113)
[2016.02.08-13.38.42:651][246]LogModuleManager: Shutting down and abandoning module ArchVisCharacter (112)
[2016.02.08-13.38.42:651][246]LogModuleManager: Shutting down and abandoning module MessagingDebugger (111)
[2016.02.08-13.38.42:651][246]LogModuleManager: Shutting down and abandoning module MediaPlayerEditor (110)
[2016.02.08-13.38.42:651][246]LogModuleManager: Shutting down and abandoning module HTML5Networking (109)
[2016.02.08-13.38.42:651][246]LogModuleManager: Shutting down and abandoning module SpeedTreeImporter (108)
[2016.02.08-13.38.42:651][246]LogModuleManager: Shutting down and abandoning module PluginBrowser (107)
[2016.02.08-13.38.42:651][246]LogModuleManager: Shutting down and abandoning module EpicSurvey (106)
[2016.02.08-13.38.42:651][246]LogModuleManager: Shutting down and abandoning module DesktopPlatform (105)
[2016.02.08-13.38.42:651][246]LogModuleManager: Shutting down and abandoning module VisualStudioSourceCodeAccess (104)
[2016.02.08-13.38.42:651][246]LogModuleManager: Shutting down and abandoning module UObjectPlugin (103)
[2016.02.08-13.38.42:651][246]LogModuleManager: Shutting down and abandoning module SubversionSourceControl (102)
[2016.02.08-13.38.42:651][246]LogModuleManager: Shutting down and abandoning module PerforceSourceControl (101)
[2016.02.08-13.38.42:651][246]LogModuleManager: Shutting down and abandoning module SourceControl (100)
[2016.02.08-13.38.42:651][246]LogModuleManager: Shutting down and abandoning module GitSourceControl (99)
[2016.02.08-13.38.42:651][246]LogModuleManager: Shutting down and abandoning module LightPropagationVolumeEditor (98)
[2016.02.08-13.38.42:651][246]LogModuleManager: Shutting down and abandoning module PaperTiledImporter (97)
[2016.02.08-13.38.42:651][246]LogModuleManager: Shutting down and abandoning module PaperSpriteSheetImporter (96)
[2016.02.08-13.38.42:651][246]LogModuleManager: Shutting down and abandoning module MeshPaint (95)
[2016.02.08-13.38.42:651][246]LogModuleManager: Shutting down and abandoning module SlateReflector (94)
[2016.02.08-13.38.42:651][246]LogModuleManager: Shutting down and abandoning module HotReload (93)
[2016.02.08-13.38.42:651][246]LogModuleManager: Shutting down and abandoning module MainFrame (92)
[2016.02.08-13.38.42:651][246]LogModuleManager: Shutting down and abandoning module LevelEditor (91)
[2016.02.08-13.38.42:652][246]LogModuleManager: Shutting down and abandoning module DirectoryWatcher (90)
[2016.02.08-13.38.42:655][246]LogModuleManager: Shutting down and abandoning module AssetRegistry (89)
[2016.02.08-13.38.42:691][246]LogModuleManager: Shutting down and abandoning module ContentBrowser (88)
[2016.02.08-13.38.42:692][246]LogModuleManager: Shutting down and abandoning module Paper2DEditor (87)
[2016.02.08-13.38.42:692][246]LogModuleManager: Shutting down and abandoning module UdpMessaging (86)
[2016.02.08-13.38.42:793][246]LogModuleManager: Shutting down and abandoning module LightPropagationVolumeRuntime (85)
[2016.02.08-13.38.42:793][246]LogModuleManager: Shutting down and abandoning module Paper2D (84)
[2016.02.08-13.38.42:793][246]LogModuleManager: Shutting down and abandoning module WindowsMoviePlayer (83)
[2016.02.08-13.38.42:803][246]LogModuleManager: Shutting down and abandoning module Media (82)
[2016.02.08-13.38.42:804][246]LogModuleManager: Shutting down and abandoning module WmfMedia (81)
[2016.02.08-13.38.42:804][246]LogModuleManager: Shutting down and abandoning module OnlineBlueprintSupport (80)
[2016.02.08-13.38.42:804][246]LogModuleManager: Shutting down and abandoning module GameplayTasksEditor (79)
[2016.02.08-13.38.42:804][246]LogModuleManager: Shutting down and abandoning module PropertyEditor (78)
[2016.02.08-13.38.42:804][246]LogModuleManager: Shutting down and abandoning module BehaviorTreeEditor (77)
[2016.02.08-13.38.42:804][246]LogModuleManager: Shutting down and abandoning module FunctionalTesting (76)
[2016.02.08-13.38.42:804][246]LogModuleManager: Shutting down and abandoning module CollisionAnalyzer (75)
[2016.02.08-13.38.42:804][246]LogModuleManager: Shutting down and abandoning module WorkspaceMenuStructure (74)
[2016.02.08-13.38.42:804][246]LogModuleManager: Shutting down and abandoning module MessageLog (73)
[2016.02.08-13.38.42:804][246]LogModuleManager: Shutting down and abandoning module Sequencer (72)
[2016.02.08-13.38.42:805][246]LogModuleManager: Shutting down and abandoning module AssetTools (71)
[2016.02.08-13.38.42:805][246]LogModuleManager: Shutting down and abandoning module UMGEditor (70)
[2016.02.08-13.38.42:805][246]LogModuleManager: Shutting down and abandoning module UMG (69)
[2016.02.08-13.38.42:805][246]LogModuleManager: Shutting down and abandoning module Slate (68)
[2016.02.08-13.38.42:805][246]LogModuleManager: Shutting down and abandoning module EditorStyle (67)
[2016.02.08-13.38.42:815][246]LogModuleManager: Shutting down and abandoning module SessionServices (66)
[2016.02.08-13.38.42:815][246]LogModuleManager: Shutting down and abandoning module SourceCodeAccess (65)
[2016.02.08-13.38.42:815][246]LogModuleManager: Shutting down and abandoning module HeadMountedDisplay (64)
[2016.02.08-13.38.42:815][246]LogModuleManager: Shutting down and abandoning module XAudio2 (63)
[2016.02.08-13.38.42:815][246]LogModuleManager: Shutting down and abandoning module Networking (61)
[2016.02.08-13.38.42:815][246]LogModuleManager: Shutting down and abandoning module Core (60)
[2016.02.08-13.38.42:815][246]LogModuleManager: Shutting down and abandoning module KismetCompiler (59)
[2016.02.08-13.38.42:815][246]LogModuleManager: Shutting down and abandoning module PhysXFormats (58)
[2016.02.08-13.38.42:815][246]LogModuleManager: Shutting down and abandoning module MeshUtilities (57)
[2016.02.08-13.38.42:815][246]LogModuleManager: Shutting down and abandoning module DerivedDataCache (56)
[2016.02.08-13.38.42:911][246]LogDerivedDataCache: Shutdown
[2016.02.08-13.38.42:911][246]LogModuleManager: Shutting down and abandoning module ShaderFormatOpenGL (55)
[2016.02.08-13.38.42:911][246]LogModuleManager: Shutting down and abandoning module ShaderFormatD3D (54)
[2016.02.08-13.38.42:911][246]LogModuleManager: Shutting down and abandoning module MetalShaderFormat (53)
[2016.02.08-13.38.42:912][246]LogModuleManager: Shutting down and abandoning module TextureFormatUncompressed (52)
[2016.02.08-13.38.42:912][246]LogModuleManager: Shutting down and abandoning module TextureFormatPVR (51)
[2016.02.08-13.38.42:912][246]LogModuleManager: Shutting down and abandoning module TextureFormatIntelISPCTexComp (50)
[2016.02.08-13.38.42:912][246]LogModuleManager: Shutting down and abandoning module TextureFormatDXT (49)
[2016.02.08-13.38.42:912][246]LogModuleManager: Shutting down and abandoning module ImageWrapper (48)
[2016.02.08-13.38.42:912][246]LogModuleManager: Shutting down and abandoning module TextureFormatASTC (47)
[2016.02.08-13.38.42:912][246]LogModuleManager: Shutting down and abandoning module TextureFormatAndroid (46)
[2016.02.08-13.38.42:912][246]LogModuleManager: Shutting down and abandoning module AudioFormatOpus (45)
[2016.02.08-13.38.42:912][246]LogModuleManager: Shutting down and abandoning module AudioFormatOgg (44)
[2016.02.08-13.38.42:912][246]LogModuleManager: Shutting down and abandoning module AudioFormatADPCM (43)
[2016.02.08-13.38.42:912][246]LogModuleManager: Shutting down and abandoning module LinuxTargetPlatform (42)
[2016.02.08-13.38.42:912][246]LogModuleManager: Shutting down and abandoning module LinuxServerTargetPlatform (41)
[2016.02.08-13.38.42:912][246]LogModuleManager: Shutting down and abandoning module LinuxNoEditorTargetPlatform (40)
[2016.02.08-13.38.42:912][246]LogModuleManager: Shutting down and abandoning module Messaging (39)
[2016.02.08-13.38.42:912][246]LogModuleManager: Shutting down and abandoning module IOSTargetPlatform (38)
[2016.02.08-13.38.42:912][246]LogModuleManager: Shutting down and abandoning module HTML5TargetPlatform (37)
[2016.02.08-13.38.42:912][246]LogModuleManager: Shutting down and abandoning module Android_PVRTCTargetPlatform (36)
[2016.02.08-13.38.42:912][246]LogModuleManager: Shutting down and abandoning module Android_MultiTargetPlatform (35)
[2016.02.08-13.38.42:913][246]LogModuleManager: Shutting down and abandoning module Android_ETC2TargetPlatform (34)
[2016.02.08-13.38.42:913][246]LogModuleManager: Shutting down and abandoning module Android_ETC1TargetPlatform (33)
[2016.02.08-13.38.42:913][246]LogModuleManager: Shutting down and abandoning module Android_DXTTargetPlatform (32)
[2016.02.08-13.38.42:913][246]LogModuleManager: Shutting down and abandoning module Android_ATCTargetPlatform (31)
[2016.02.08-13.38.42:913][246]LogModuleManager: Shutting down and abandoning module Android_ASTCTargetPlatform (30)
[2016.02.08-13.38.42:913][246]LogModuleManager: Shutting down and abandoning module AndroidTargetPlatform (29)
[2016.02.08-13.38.42:913][246]LogModuleManager: Shutting down and abandoning module WindowsTargetPlatform (28)
[2016.02.08-13.38.42:913][246]LogModuleManager: Shutting down and abandoning module WindowsServerTargetPlatform (27)
[2016.02.08-13.38.42:913][246]LogModuleManager: Shutting down and abandoning module WindowsNoEditorTargetPlatform (26)
[2016.02.08-13.38.42:913][246]LogModuleManager: Shutting down and abandoning module WindowsClientTargetPlatform (25)
[2016.02.08-13.38.42:913][246]LogModuleManager: Shutting down and abandoning module AllDesktopTargetPlatform (24)
[2016.02.08-13.38.42:913][246]LogModuleManager: Shutting down and abandoning module TargetPlatform (23)
[2016.02.08-13.38.42:913][246]LogModuleManager: Shutting down and abandoning module InputCore (22)
[2016.02.08-13.38.42:914][246]LogModuleManager: Shutting down and abandoning module Settings (21)
[2016.02.08-13.38.42:914][246]LogModuleManager: Shutting down and abandoning module OnlineSubsystem (19)
[2016.02.08-13.38.42:914][246]LogModuleManager: Shutting down and abandoning module HTTP (18)
[2016.02.08-13.38.46:919][246]LogModuleManager: Shutting down and abandoning module XMPP (17)
[2016.02.08-13.38.46:919][246]LogModuleManager: Shutting down and abandoning module OculusRift (16)
[2016.02.08-13.38.46:919][246]LogModuleManager: Shutting down and abandoning module ExampleDeviceProfileSelector (15)
[2016.02.08-13.38.46:919][246]LogModuleManager: Shutting down and abandoning module TextureCompressor (14)
[2016.02.08-13.38.46:919][246]LogModuleManager: Shutting down and abandoning module ShaderCore (13)
[2016.02.08-13.38.46:919][246]LogModuleManager: Shutting down and abandoning module Landscape (12)
[2016.02.08-13.38.46:919][246]LogModuleManager: Shutting down and abandoning module SlateRHIRenderer (11)
[2016.02.08-13.38.46:928][246]LogModuleManager: Shutting down and abandoning module OpenGLDrv (10)
[2016.02.08-13.38.46:928][246]LogModuleManager: Shutting down and abandoning module D3D11RHI (9)
[2016.02.08-13.38.46:928][246]LogModuleManager: Shutting down and abandoning module AnimGraphRuntime (8)
[2016.02.08-13.38.46:928][246]LogModuleManager: Shutting down and abandoning module Renderer (7)
[2016.02.08-13.38.46:928][246]LogModuleManager: Shutting down and abandoning module Engine (6)
[2016.02.08-13.38.46:928][246]LogModuleManager: Shutting down and abandoning module CoreUObject (5)
[2016.02.08-13.38.46:928][246]LogModuleManager: Shutting down and abandoning module NetworkFile (4)
[2016.02.08-13.38.46:928][246]LogModuleManager: Shutting down and abandoning module StreamingFile (3)
[2016.02.08-13.38.46:928][246]LogModuleManager: Shutting down and abandoning module SandboxFile (2)
[2016.02.08-13.38.46:928][246]LogModuleManager: Shutting down and abandoning module PakFile (1)
[2016.02.08-13.38.46:929][246]LogExit: Exiting.
[2016.02.08-13.38.46:930][246]Log file closed, 02/08/16 22:38:46
