[2016.02.07-10.40.38:211][  0]Log file open, 02/07/16 19:40:38
[2016.02.07-10.40.38:211][  0]LogInit:Display: Running engine for game: DJYamabiko
[2016.02.07-10.40.38:211][  0]LogPlatformFile: Not using cached read wrapper
[2016.02.07-10.40.38:211][  0]LogInit:Display: RandInit(1852910422) SRandInit(1852910424).
[2016.02.07-10.40.38:211][  0]LogTaskGraph: Started task graph with 4 named threads and 5 total threads.
[2016.02.07-10.40.38:211][  0]LogStats: Stats thread started at 0.055888
[2016.02.07-10.40.38:211][  0]LogInit: Version: 4.10.2-2818068+++depot+UE4-Releases+4.10
[2016.02.07-10.40.38:211][  0]LogInit: API Version: 2758231
[2016.02.07-10.40.38:211][  0]LogInit: Compiled (64-bit): Jan  6 2016 17:36:42
[2016.02.07-10.40.38:211][  0]LogInit: Compiled with Visual C++: 19.00.23026.00
[2016.02.07-10.40.38:211][  0]LogInit: Build Configuration: Development
[2016.02.07-10.40.38:211][  0]LogInit: Branch Name: ++depot+UE4-Releases+4.10
[2016.02.07-10.40.38:211][  0]LogInit: Command line: 
[2016.02.07-10.40.38:211][  0]LogInit: Base directory: C:/Program Files (x86)/Epic Games/4.10/Engine/Binaries/Win64/
[2016.02.07-10.40.38:211][  0]LogInit: Rocket: 1
[2016.02.07-10.40.38:216][  0]LogInit: Using libcurl 7.41.0
[2016.02.07-10.40.38:216][  0]LogInit:  - built for x86_64-pc-win32
[2016.02.07-10.40.38:216][  0]LogInit:  - supports SSL with WinSSL
[2016.02.07-10.40.38:216][  0]LogInit:  - other features:
[2016.02.07-10.40.38:216][  0]LogInit:      CURL_VERSION_SSL
[2016.02.07-10.40.38:216][  0]LogInit:      CURL_VERSION_IPV6
[2016.02.07-10.40.38:216][  0]LogInit:      CURL_VERSION_ASYNCHDNS
[2016.02.07-10.40.38:216][  0]LogInit:      CURL_VERSION_LARGEFILE
[2016.02.07-10.40.38:216][  0]LogInit:      CURL_VERSION_IDN
[2016.02.07-10.40.38:216][  0]LogInit:  CurlRequestOptions (configurable via config and command line):
[2016.02.07-10.40.38:216][  0]LogInit:  - bVerifyPeer = true  - Libcurl will verify peer certificate
[2016.02.07-10.40.38:216][  0]LogInit:  - bUseHttpProxy = false  - Libcurl will NOT use HTTP proxy
[2016.02.07-10.40.38:216][  0]LogInit:  - bDontReuseConnections = false  - Libcurl will reuse connections
[2016.02.07-10.40.38:216][  0]LogInit:  - CertBundlePath = nullptr  - Libcurl will use whatever was configured at build time.
[2016.02.07-10.40.38:223][  0]LogInit: Presizing for 0 objects not considered by GC, pre-allocating 0 bytes.
[2016.02.07-10.40.38:231][  0]LogInit: Object subsystem initialized
[2016.02.07-10.40.38:232][  0]LogInit: Selected Device Profile: [Windows]
[2016.02.07-10.40.38:232][  0]LogInit: Applying CVar settings loaded from the selected device profile: [Windows]
[2016.02.07-10.40.38:244][  0]LogInit: Computer: DESKTOP-6H4BEHG
[2016.02.07-10.40.38:244][  0]LogInit: User: kotaoue
[2016.02.07-10.40.38:244][  0]LogInit: CPU Page size=4096, Cores=2
[2016.02.07-10.40.38:244][  0]LogInit: High frequency timer resolution =2.742192 MHz
[2016.02.07-10.40.38:244][  0]LogMemory: Memory total: Physical=7.9GB (8GB approx)
[2016.02.07-10.40.38:244][  0]LogMemory: Platform Memory Stats for Windows
[2016.02.07-10.40.38:244][  0]LogMemory: Process Physical Memory: 55.93 MB used, 55.93 MB peak
[2016.02.07-10.40.38:244][  0]LogMemory: Process Virtual Memory: 57.61 MB used, 57.61 MB peak
[2016.02.07-10.40.38:244][  0]LogMemory: Physical Memory: 5468.03 MB used, 8115.96 MB total
[2016.02.07-10.40.38:244][  0]LogMemory: Virtual Memory: 382.29 MB used, 134217728.00 MB total
[2016.02.07-10.40.38:274][  0]LogTextLocalizationManager: No specific translations for ('ja-JP') exist, so ('ja') translations will be used.
[2016.02.07-10.40.38:360][  0]LogTextLocalizationManager:Warning: Loaded localization resources contain conflicting entries for (Namespace:K2Node, Key:false):
Localization Resource: (C:/Program Files (x86)/Epic Games/4.10/Engine/Content/Localization/EditorTutorials/ja/EditorTutorials.locres) Source String Hash: (816077464) Localized String: (偽)
Localization Resource: (C:/Program Files (x86)/Epic Games/4.10/Engine/Content/Localization/Engine/ja/Engine.locres) Source String Hash: (816077464) Localized String: (false)
[2016.02.07-10.40.38:360][  0]LogTextLocalizationManager:Warning: Loaded localization resources contain conflicting entries for (Namespace:K2Node, Key:true):
Localization Resource: (C:/Program Files (x86)/Epic Games/4.10/Engine/Content/Localization/EditorTutorials/ja/EditorTutorials.locres) Source String Hash: (-942328987) Localized String: (真)
Localization Resource: (C:/Program Files (x86)/Epic Games/4.10/Engine/Content/Localization/Engine/ja/Engine.locres) Source String Hash: (-942328987) Localized String: (true)
[2016.02.07-10.40.38:361][  0]LogTextLocalizationManager:Warning: Loaded localization resources contain conflicting entries for (Namespace:UObjectToolTips, Key:AnimNode_BlendSpacePlayer:bLoop):
Localization Resource: (C:/Program Files (x86)/Epic Games/4.10/Engine/Content/Localization/EditorTutorials/ja/EditorTutorials.locres) Source String Hash: (2133979316) Localized String: (再生が最後まで終わった後、ロープ再生するようにしますか？)
Localization Resource: (C:/Program Files (x86)/Epic Games/4.10/Engine/Content/Localization/ToolTips/ja/ToolTips.locres) Source String Hash: (2133979316) Localized String: (ループが最後まで到達した時に、アニメーションのループを継続するべきか？)
[2016.02.07-10.40.38:361][  0]LogTextLocalizationManager:Warning: Loaded localization resources contain conflicting entries for (Namespace:UObjectToolTips, Key:AnimNode_BlendSpacePlayer:X):
Localization Resource: (C:/Program Files (x86)/Epic Games/4.10/Engine/Content/Localization/EditorTutorials/ja/EditorTutorials.locres) Source String Hash: (2060772590) Localized String: (ブレンドスペースで値を取得するX座標)
Localization Resource: (C:/Program Files (x86)/Epic Games/4.10/Engine/Content/Localization/ToolTips/ja/ToolTips.locres) Source String Hash: (2060772590) Localized String: (ブレンドスペースでサンプリングするX座標)
[2016.02.07-10.40.38:361][  0]LogTextLocalizationManager:Warning: Loaded localization resources contain conflicting entries for (Namespace:UObjectToolTips, Key:AnimNode_BlendSpacePlayer:Y):
Localization Resource: (C:/Program Files (x86)/Epic Games/4.10/Engine/Content/Localization/EditorTutorials/ja/EditorTutorials.locres) Source String Hash: (-1719607538) Localized String: (ブレンドスペースで値を取得するY座標)
Localization Resource: (C:/Program Files (x86)/Epic Games/4.10/Engine/Content/Localization/ToolTips/ja/ToolTips.locres) Source String Hash: (-1719607538) Localized String: (ブレンドスペースでサンプリングするY座標)
[2016.02.07-10.40.38:361][  0]LogTextLocalizationManager:Warning: Loaded localization resources contain conflicting entries for (Namespace:UObjectToolTips, Key:AnimNode_BlendSpacePlayer:Z):
Localization Resource: (C:/Program Files (x86)/Epic Games/4.10/Engine/Content/Localization/EditorTutorials/ja/EditorTutorials.locres) Source String Hash: (1728943471) Localized String: (ブレンドスペースで値を取得するZ座標)
Localization Resource: (C:/Program Files (x86)/Epic Games/4.10/Engine/Content/Localization/ToolTips/ja/ToolTips.locres) Source String Hash: (1728943471) Localized String: (ブレンドスペースでサンプリングするZ座標)
[2016.02.07-10.40.38:361][  0]LogTextLocalizationManager:Warning: Loaded localization resources contain conflicting entries for (Namespace:UObjectToolTips, Key:AnimNode_BlendSpacePlayer:BlendSpace):
Localization Resource: (C:/Program Files (x86)/Epic Games/4.10/Engine/Content/Localization/EditorTutorials/ja/EditorTutorials.locres) Source String Hash: (1599043277) Localized String: (再生するブレンドスペースのアセット)
Localization Resource: (C:/Program Files (x86)/Epic Games/4.10/Engine/Content/Localization/ToolTips/ja/ToolTips.locres) Source String Hash: (1599043277) Localized String: (再生するブレンド空間アセット)
[2016.02.07-10.40.38:361][  0]LogTextLocalizationManager:Warning: Loaded localization resources contain conflicting entries for (Namespace:UObjectToolTips, Key:AnimNode_StateMachine:MaxTransitionsPerFrame):
Localization Resource: (C:/Program Files (x86)/Epic Games/4.10/Engine/Content/Localization/EditorTutorials/ja/EditorTutorials.locres) Source String Hash: (1567650430) Localized String: (このマシーンで1フレームあたりに同時に処理できるトランジションの最大数)
Localization Resource: (C:/Program Files (x86)/Epic Games/4.10/Engine/Content/Localization/ToolTips/ja/ToolTips.locres) Source String Hash: (1567650430) Localized String: (単一フレームでマシーンが「同時」に受け取れる遷移の最大数)
[2016.02.07-10.40.38:361][  0]LogTextLocalizationManager:Warning: Loaded localization resources contain conflicting entries for (Namespace:UObjectToolTips, Key:AnimNode_BlendSpacePlayer:PlayRate):
Localization Resource: (C:/Program Files (x86)/Epic Games/4.10/Engine/Content/Localization/EditorTutorials/ja/EditorTutorials.locres) Source String Hash: (-1274923958) Localized String: (再生速度の倍率です。負の数値も使う事ができます。その場合逆再生になります。)
Localization Resource: (C:/Program Files (x86)/Epic Games/4.10/Engine/Content/Localization/ToolTips/ja/ToolTips.locres) Source String Hash: (-1274923958) Localized String: (再生レート乗数。アニメーションを逆再生する負の値にすることができます。)
[2016.02.07-10.40.38:599][  0]LogD3D11RHI: Found D3D11 adapter 0: Intel(R) HD Graphics 520 (Feature Level 11_0)
[2016.02.07-10.40.38:599][  0]LogD3D11RHI: Adapter has 128MB of dedicated video memory, 0MB of dedicated system memory, and 4057MB of shared system memory, 1 output[s]
[2016.02.07-10.40.38:601][  0]LogD3D11RHI: Found D3D11 adapter 1: Microsoft Basic Render Driver (Feature Level 11_0)
[2016.02.07-10.40.38:601][  0]LogD3D11RHI: Adapter has 0MB of dedicated video memory, 0MB of dedicated system memory, and 4057MB of shared system memory, 0 output[s]
[2016.02.07-10.40.38:601][  0]LogD3D11RHI: Chosen D3D11 Adapter Id = 0
[2016.02.07-10.40.38:605][  0]LogD3D11RHI: !Direct3DDevice
[2016.02.07-10.40.38:605][  0]LogRHI: Texture pool is 1361 MB (70% of 1945 MB)
[2016.02.07-10.40.38:610][  0]LogD3D11RHI: Async texture creation enabled
[2016.02.07-10.40.38:615][  0]LogShaderCompilers: Guid format shader working directory is -20 characters bigger than the processId version (../../../../../../Users/kotaoue/Documents/Unreal Projects/DJYamabiko/Intermediate/Shaders/WorkingDirectory/5912/).
[2016.02.07-10.40.38:615][  0]LogShaderCompilers: Cleaned the shader compiler working directory 'C:/Users/kotaoue/AppData/Local/Temp/UnrealShaderWorkingDir/919C96D1416E6E934276F299ECB448D2/'.
[2016.02.07-10.40.38:616][  0]LogShaderCompilers:Display: Using Local Shader Compiler.
[2016.02.07-10.40.39:530][  0]LogTemp:Display: Loaded TP AllDesktopTargetPlatform
[2016.02.07-10.40.39:535][  0]LogTemp:Display: Loaded TP WindowsClientTargetPlatform
[2016.02.07-10.40.39:541][  0]LogTemp:Display: Loaded TP WindowsNoEditorTargetPlatform
[2016.02.07-10.40.39:546][  0]LogTemp:Display: Loaded TP WindowsServerTargetPlatform
[2016.02.07-10.40.39:551][  0]LogTemp:Display: Loaded TP WindowsTargetPlatform
[2016.02.07-10.40.39:555][  0]LogTemp:Display: Loaded TP AndroidTargetPlatform
[2016.02.07-10.40.39:559][  0]LogTemp:Display: Loaded TP Android_ASTCTargetPlatform
[2016.02.07-10.40.39:563][  0]LogTemp:Display: Loaded TP Android_ATCTargetPlatform
[2016.02.07-10.40.39:580][  0]LogTemp:Display: Loaded TP Android_DXTTargetPlatform
[2016.02.07-10.40.39:586][  0]LogTemp:Display: Loaded TP Android_ETC1TargetPlatform
[2016.02.07-10.40.39:592][  0]LogTemp:Display: Loaded TP Android_ETC2TargetPlatform
[2016.02.07-10.40.39:605][  0]LogTemp:Display: Loaded TP Android_MultiTargetPlatform
[2016.02.07-10.40.39:605][  0]LogTemp:Display: Loaded TP Android_PVRTCTargetPlatform
[2016.02.07-10.40.39:607][  0]LogTemp:Display: Loaded TP HTML5TargetPlatform
[2016.02.07-10.40.39:625][  0]LogTemp:Display: Loaded TP IOSTargetPlatform
[2016.02.07-10.40.39:629][  0]LogTemp:Display: Loaded TP LinuxNoEditorTargetPlatform
[2016.02.07-10.40.39:632][  0]LogTemp:Display: Loaded TP LinuxServerTargetPlatform
[2016.02.07-10.40.39:636][  0]LogTemp:Display: Loaded TP LinuxTargetPlatform
[2016.02.07-10.40.39:636][  0]LogTargetPlatformManager:Display: Building Assets For Windows
[2016.02.07-10.40.39:708][  0]LogDerivedDataCache:Display: Max Cache Size: 512 MB
[2016.02.07-10.40.39:763][  0]LogDerivedDataCache: Loaded boot cache 0.05s 41MB C:/Users/kotaoue/AppData/Local/UnrealEngine/4.10/DerivedDataCache/Boot.ddc.
[2016.02.07-10.40.39:763][  0]LogDerivedDataCache:Display: Loaded Boot cache: C:/Users/kotaoue/AppData/Local/UnrealEngine/4.10/DerivedDataCache/Boot.ddc
[2016.02.07-10.40.39:763][  0]LogDerivedDataCache: FDerivedDataBackendGraph:  Pak pak cache file ../../../../../../Users/kotaoue/Documents/Unreal Projects/DJYamabiko/DerivedDataCache/DDC.ddp not found, will not use a pak cache.
[2016.02.07-10.40.39:763][  0]LogDerivedDataCache: Unable to find inner node Pak for hierarchical cache Hierarchy.
[2016.02.07-10.40.39:763][  0]LogDerivedDataCache: FDerivedDataBackendGraph:  CompressedPak pak cache file ../../../../../../Users/kotaoue/Documents/Unreal Projects/DJYamabiko/DerivedDataCache/Compressed.ddp not found, will not use a pak cache.
[2016.02.07-10.40.39:763][  0]LogDerivedDataCache: Unable to find inner node CompressedPak for hierarchical cache Hierarchy.
[2016.02.07-10.40.39:817][  0]LogDerivedDataCache:Display: Pak cache opened for reading ../../../Engine/DerivedDataCache/Compressed.ddp.
[2016.02.07-10.40.39:830][  0]LogDerivedDataCache: Using Local data cache path C:/Users/kotaoue/AppData/Local/UnrealEngine/Common/DerivedDataCache: Writable
[2016.02.07-10.40.40:039][  0]LogInit: Selected Device Profile: [Windows]
[2016.02.07-10.40.40:042][  0]LogContentStreaming: Texture pool size is 0.000000MB
[2016.02.07-10.40.40:149][  0]LogMeshUtilities: No automatic mesh reduction module available
[2016.02.07-10.40.40:149][  0]LogMeshUtilities: No automatic mesh merging module available
[2016.02.07-10.40.40:403][  0]LogInit: WinSock: version 1.1 (2.2), MaxSocks=32767, MaxUdp=65467
[2016.02.07-10.40.41:099][  0]UdpMessaging: Initializing bridge on interface 0.0.0.0:0 to multicast group 230.0.0.1:6666.
[2016.02.07-10.40.41:191][  0]LogAssetRegistry: FAssetRegistry took 0.0111 seconds to start up
[2016.02.07-10.40.41:378][  0]SourceControl: 情報 ソースコントロールは無効です
[2016.02.07-10.40.41:379][  0]SourceControl: 情報 ソースコントロールは無効です
[2016.02.07-10.40.41:389][  0]SourceControl: 情報 ソースコントロールは無効です
[2016.02.07-10.40.41:398][  0]SourceControl: 情報 ソースコントロールは無効です
[2016.02.07-10.40.41:585][  0]LogObj: 28633 objects as part of root set at end of initial load.
[2016.02.07-10.40.41:585][  0]LogUObjectAllocator: 6099752 out of 0 bytes used by permanent object pool.
[2016.02.07-10.40.41:639][  0]LogEngine: Initializing Engine...
[2016.02.07-10.40.41:641][  0]LogHMD: Can't find Oculus library dev build: is proper Runtime installed? Version: 0.8.0.0
[2016.02.07-10.40.41:642][  0]LogHMD: SteamVR failed to initialize.  Err: 110
[2016.02.07-10.40.41:758][  0]LogAIModule: Creating AISystem for world NewWorld
[2016.02.07-10.40.41:761][  0]LogInit: XAudio2 using 'スピーカー (Realtek High Definition Audio(SST))' : 2 channels at 48 kHz using 32 bits per sample (channel mask 0x3)
[2016.02.07-10.40.41:769][  0]LogInit: FAudioDevice initialized.
[2016.02.07-10.40.41:816][  0]LogDerivedDataCache: Saved boot cache 0.05s 41MB C:/Users/kotaoue/AppData/Local/UnrealEngine/4.10/DerivedDataCache/Boot.ddc.
[2016.02.07-10.40.41:822][  0]LogInit: Texture streaming: Enabled
[2016.02.07-10.40.41:826][  0]LogAnalytics: Creating configured Analytics provider AnalyticsET
[2016.02.07-10.40.41:826][  0]LogAnalytics: [UEEditor.Rocket.Release] APIServer = http://et2.epicgames.com/ET2/. AppVersion = 4.10.2-2818068+++depot+UE4-Releases+4.10
[2016.02.07-10.40.41:826][  0]LogAnalytics: [UEEditor.Rocket.Release] SetUserId e6a45628499ebad7e50ee59e90a624e2|e9f0bced813a41ad9e36b4a9379bc38d|b25a5126-ec2c-468a-9d1d-b80f0e81c3bf
[2016.02.07-10.40.41:826][  0]LogAnalytics: [UEEditor.Rocket.Release] AnalyticsET::StartSession
[2016.02.07-10.40.41:834][  0]LogInit: Transaction tracking system initialized
[2016.02.07-10.40.41:856][  0]BlueprintLog: New page: エディタの読み込み
[2016.02.07-10.40.41:916][  0]LocalizationService: 情報 ローカライズのサービスが無効になりました
[2016.02.07-10.40.41:979][  0]LogConsoleResponse:Display: 
[2016.02.07-10.40.42:095][  0]LogCook:Display: Done creating registry. It took  0.00s.
[2016.02.07-10.40.42:143][  0]LogFileCache: Scanning file cache for directory 'C:/Users/kotaoue/Documents/Unreal Projects/DJYamabiko/Content/' took 0.01s
[2016.02.07-10.40.42:143][  0]SourceControl: 情報 ソースコントロールは無効です
[2016.02.07-10.40.42:144][  0]Cmd: MAP LOAD FILE="../../../../../../Users/kotaoue/Documents/Unreal Projects/DJYamabiko/Content/RollingBP/Maps/RollingBPExampleMap.umap" TEMPLATE=0 SHOWPROGRESS=1 FEATURELEVEL=3
[2016.02.07-10.40.42:144][  0]LightingResults: New page: ライティングのビルド
[2016.02.07-10.40.42:146][  0]MapCheck: New page: マップをチェック
[2016.02.07-10.40.42:146][  0]LightingResults: New page: <何も選択されていません>
[2016.02.07-10.40.42:165][  0]LogParticles: Destroying 0 GPU particle simulations for FXSystem 0x0000018D63E0F740
[2016.02.07-10.40.42:780][  0]LogAIModule: Creating AISystem for world RollingBPExampleMap
[2016.02.07-10.40.42:789][  0]LogEditorServer: Finished looking for orphan Actors (0.000 secs)
[2016.02.07-10.40.42:789][  0]Cmd: MAP CHECKDEP NOCLEARLOG
[2016.02.07-10.40.42:865][  0]MapCheck: 情報 マップチェックが完了: 0 エラー、 0 警告、完了に 75.763ミリ秒かかりました。
[2016.02.07-10.40.42:865][  0]LogFileHelpers: Loading map 'RollingBPExampleMap' took 0.722
[2016.02.07-10.40.42:988][  0]LogCollectionManager: Loaded 0 collections in 0.001547 seconds
[2016.02.07-10.40.43:027][  0]LogFileCache: Scanning file cache for directory 'C:/Users/kotaoue/Documents/Unreal Projects/DJYamabiko/Saved/Collections/' took 0.01s
[2016.02.07-10.40.43:027][  0]LogFileCache: Scanning file cache for directory 'C:/Users/kotaoue/Documents/Unreal Projects/DJYamabiko/Content/Developers/kotaoue/Collections/' took 0.01s
[2016.02.07-10.40.43:027][  0]LogFileCache: Scanning file cache for directory 'C:/Users/kotaoue/Documents/Unreal Projects/DJYamabiko/Content/Collections/' took 0.01s
[2016.02.07-10.40.43:027][  0]LogCollectionManager: Rebuilt the GUID cache for 0 collections in 0.000002 seconds
[2016.02.07-10.40.43:035][  0]LogContentBrowser: Native class hierarchy populated in 0.0073 seconds. Added 1893 classes and 338 folders.
[2016.02.07-10.40.43:040][  0]LogContentBrowser: Native class hierarchy updated for 'WidgetCarousel' in 0.0003 seconds. Added 0 classes and 0 folders.
[2016.02.07-10.40.43:076][  0]LogContentBrowser: Native class hierarchy updated for 'AddContentDialog' in 0.0003 seconds. Added 0 classes and 0 folders.
[2016.02.07-10.40.43:079][  0]LogContentBrowser: Native class hierarchy updated for 'SceneOutliner' in 0.0003 seconds. Added 1 classes and 2 folders.
[2016.02.07-10.40.43:123][  0]LogCrashTracker: Crashtracker disabled due to settings.
[2016.02.07-10.40.43:129][  0]LogUObjectGlobals:Warning: オブジェクト 'Class なし.' が見つかりませんでした
[2016.02.07-10.40.43:153][  0]LogLoad: Full Startup: 5.32 seconds (BP compile: 0.06 seconds)
[2016.02.07-10.40.43:185][  0]LogWindowsTextInputMethodSystem:Display: IME system now activated using TSF (Microsoft IME).
[2016.02.07-10.40.43:185][  0]LogWindowsTextInputMethodSystem:Display: IME system now activated using TSF (Microsoft IME).
[2016.02.07-10.40.43:193][  0]LogOcInput: Can't find Oculus library dev build: is proper Runtime installed? Version: 0.8.0.0
[2016.02.07-10.40.43:239][  0]LogContentStreaming: Texture pool size now 1000 MB
[2016.02.07-10.40.43:365][  0]LogRenderer: Reallocating scene render targets to support 944x520 (Frame:2).
[2016.02.07-10.40.44:537][  4]LogAssetRegistry: Asset discovery search completed in 3.3572 seconds
[2016.02.07-10.40.44:537][  4]LogCollectionManager: Rebuilt the object cache for 0 collections in 0.000001 seconds (found 0 objects)
[2016.02.07-10.40.44:537][  4]LogCollectionManager: Fixed up redirectors for 0 collections in 0.000025 seconds (updated 0 objects)
[2016.02.07-10.40.45:142][ 39]LogBlueprintUserMessages: Early PlayInEditor Detection: Level '/Game/RollingBP/Maps/RollingBPExampleMap.RollingBPExampleMap:PersistentLevel' has LevelScriptBlueprint '/Game/RollingBP/Maps/RollingBPExampleMap.RollingBPExampleMap:PersistentLevel.RollingBPExampleMap' with GeneratedClass '/Game/RollingBP/Maps/RollingBPExampleMap.RollingBPExampleMap_C' with ClassGeneratedBy '/Game/RollingBP/Maps/RollingBPExampleMap.RollingBPExampleMap:PersistentLevel.RollingBPExampleMap'
[2016.02.07-10.40.45:142][ 39]LogPlayLevel: PlayLevel: No blueprints needed recompiling
[2016.02.07-10.40.45:143][ 39]PIE: New page: PIEセッション: RollingBPExampleMap (2016/02/08 4:40:45)
[2016.02.07-10.40.45:143][ 39]LogPlayLevel: Creating play world package: /Game/RollingBP/Maps/UEDPIE_0_RollingBPExampleMap
[2016.02.07-10.40.45:180][ 39]LogPlayLevel: PIE: StaticDuplicateObject took: (0.037175s)
[2016.02.07-10.40.45:181][ 39]LogAIModule: Creating AISystem for world RollingBPExampleMap
[2016.02.07-10.40.45:181][ 39]LogPlayLevel: PIE: World Init took: (0.001037s)
[2016.02.07-10.40.45:181][ 39]LogPlayLevel: PIE: Created PIE world by copying editor world from /Game/RollingBP/Maps/RollingBPExampleMap.RollingBPExampleMap to /Game/RollingBP/Maps/UEDPIE_0_RollingBPExampleMap.RollingBPExampleMap (0.038541s)
[2016.02.07-10.40.45:210][ 39]LogInit: XAudio2 using 'スピーカー (Realtek High Definition Audio(SST))' : 2 channels at 48 kHz using 32 bits per sample (channel mask 0x3)
[2016.02.07-10.40.45:215][ 39]LogInit: FAudioDevice initialized.
[2016.02.07-10.40.45:261][ 39]LogWorld: Game class is 'RollingGameMode_C'
[2016.02.07-10.40.45:269][ 39]LogWorld: Bringing World /Game/RollingBP/Maps/UEDPIE_0_RollingBPExampleMap.RollingBPExampleMap up for play (max tick rate 60) at 2016.02.07-19.40.45
[2016.02.07-10.40.45:270][ 39]LogActor:Warning: GameSession /Game/RollingBP/Maps/UEDPIE_0_RollingBPExampleMap.RollingBPExampleMap:PersistentLevel.GameSession_0 has natively added scene component(s), but none of them were set as the actor's RootComponent - picking one arbitrarily
[2016.02.07-10.40.45:270][ 39]LogActor:Warning: GameNetworkManager /Game/RollingBP/Maps/UEDPIE_0_RollingBPExampleMap.RollingBPExampleMap:PersistentLevel.GameNetworkManager_0 has natively added scene component(s), but none of them were set as the actor's RootComponent - picking one arbitrarily
[2016.02.07-10.40.45:270][ 39]LogWorld: Bringing up level for play took: 0.008342
[2016.02.07-10.40.45:274][ 39]PIE: 情報 /Game/RollingBP/Maps/UEDPIE_0_RollingBPExampleMap -0.734のプレイ イン エディタの開始時間
[2016.02.07-10.40.45:274][ 39]LogBlueprintUserMessages: Late PlayInEditor Detection: Level '/Game/RollingBP/Maps/RollingBPExampleMap.RollingBPExampleMap:PersistentLevel' has LevelScriptBlueprint '/Game/RollingBP/Maps/RollingBPExampleMap.RollingBPExampleMap:PersistentLevel.RollingBPExampleMap' with GeneratedClass '/Game/RollingBP/Maps/RollingBPExampleMap.RollingBPExampleMap_C' with ClassGeneratedBy '/Game/RollingBP/Maps/RollingBPExampleMap.RollingBPExampleMap:PersistentLevel.RollingBPExampleMap'
[2016.02.07-10.40.52:923][289]LogBlueprintUserMessages: Early EndPlayMap Detection: Level '/Game/RollingBP/Maps/RollingBPExampleMap.RollingBPExampleMap:PersistentLevel' has LevelScriptBlueprint '/Game/RollingBP/Maps/RollingBPExampleMap.RollingBPExampleMap:PersistentLevel.RollingBPExampleMap' with GeneratedClass '/Game/RollingBP/Maps/RollingBPExampleMap.RollingBPExampleMap_C' with ClassGeneratedBy '/Game/RollingBP/Maps/RollingBPExampleMap.RollingBPExampleMap:PersistentLevel.RollingBPExampleMap'
[2016.02.07-10.40.52:973][289]LogBlueprintUserMessages: Late EndPlayMap Detection: Level '/Game/RollingBP/Maps/RollingBPExampleMap.RollingBPExampleMap:PersistentLevel' has LevelScriptBlueprint '/Game/RollingBP/Maps/RollingBPExampleMap.RollingBPExampleMap:PersistentLevel.RollingBPExampleMap' with GeneratedClass '/Game/RollingBP/Maps/RollingBPExampleMap.RollingBPExampleMap_C' with ClassGeneratedBy '/Game/RollingBP/Maps/RollingBPExampleMap.RollingBPExampleMap:PersistentLevel.RollingBPExampleMap'
[2016.02.07-10.40.53:025][289]LogParticles: Destroying 0 GPU particle simulations for FXSystem 0x0000018D7E683060
[2016.02.07-10.40.55:961][460]Cmd: STAT FPS
[2016.02.07-10.40.58:377][524]LogBlueprintUserMessages: Early PlayInEditor Detection: Level '/Game/RollingBP/Maps/RollingBPExampleMap.RollingBPExampleMap:PersistentLevel' has LevelScriptBlueprint '/Game/RollingBP/Maps/RollingBPExampleMap.RollingBPExampleMap:PersistentLevel.RollingBPExampleMap' with GeneratedClass '/Game/RollingBP/Maps/RollingBPExampleMap.RollingBPExampleMap_C' with ClassGeneratedBy '/Game/RollingBP/Maps/RollingBPExampleMap.RollingBPExampleMap:PersistentLevel.RollingBPExampleMap'
[2016.02.07-10.40.58:377][524]LogPlayLevel: PlayLevel: No blueprints needed recompiling
[2016.02.07-10.40.58:377][524]PIE: New page: PIEセッション: RollingBPExampleMap (2016/02/08 4:40:58)
[2016.02.07-10.40.58:377][524]LogPlayLevel: Creating play world package: /Game/RollingBP/Maps/UEDPIE_0_RollingBPExampleMap
[2016.02.07-10.40.58:416][524]LogPlayLevel: PIE: StaticDuplicateObject took: (0.038580s)
[2016.02.07-10.40.58:417][524]LogAIModule: Creating AISystem for world RollingBPExampleMap
[2016.02.07-10.40.58:417][524]LogPlayLevel: PIE: World Init took: (0.000937s)
[2016.02.07-10.40.58:417][524]LogPlayLevel: PIE: Created PIE world by copying editor world from /Game/RollingBP/Maps/RollingBPExampleMap.RollingBPExampleMap to /Game/RollingBP/Maps/UEDPIE_0_RollingBPExampleMap.RollingBPExampleMap (0.039813s)
[2016.02.07-10.40.58:444][524]LogInit: XAudio2 using 'スピーカー (Realtek High Definition Audio(SST))' : 2 channels at 48 kHz using 32 bits per sample (channel mask 0x3)
[2016.02.07-10.40.58:450][524]LogInit: FAudioDevice initialized.
[2016.02.07-10.40.58:482][524]LogWorld: Game class is 'RollingGameMode_C'
[2016.02.07-10.40.58:491][524]LogWorld: Bringing World /Game/RollingBP/Maps/UEDPIE_0_RollingBPExampleMap.RollingBPExampleMap up for play (max tick rate 60) at 2016.02.07-19.40.58
[2016.02.07-10.40.58:491][524]LogActor:Warning: GameSession /Game/RollingBP/Maps/UEDPIE_0_RollingBPExampleMap.RollingBPExampleMap:PersistentLevel.GameSession_1 has natively added scene component(s), but none of them were set as the actor's RootComponent - picking one arbitrarily
[2016.02.07-10.40.58:491][524]LogActor:Warning: GameNetworkManager /Game/RollingBP/Maps/UEDPIE_0_RollingBPExampleMap.RollingBPExampleMap:PersistentLevel.GameNetworkManager_1 has natively added scene component(s), but none of them were set as the actor's RootComponent - picking one arbitrarily
[2016.02.07-10.40.58:492][524]LogWorld: Bringing up level for play took: 0.008842
[2016.02.07-10.40.58:493][524]PIE: 情報 /Game/RollingBP/Maps/UEDPIE_0_RollingBPExampleMap 0.484のプレイ イン エディタの開始時間
[2016.02.07-10.40.58:493][524]LogBlueprintUserMessages: Late PlayInEditor Detection: Level '/Game/RollingBP/Maps/RollingBPExampleMap.RollingBPExampleMap:PersistentLevel' has LevelScriptBlueprint '/Game/RollingBP/Maps/RollingBPExampleMap.RollingBPExampleMap:PersistentLevel.RollingBPExampleMap' with GeneratedClass '/Game/RollingBP/Maps/RollingBPExampleMap.RollingBPExampleMap_C' with ClassGeneratedBy '/Game/RollingBP/Maps/RollingBPExampleMap.RollingBPExampleMap:PersistentLevel.RollingBPExampleMap'
[2016.02.07-10.41.24:070][409]LogBlueprintUserMessages: Early EndPlayMap Detection: Level '/Game/RollingBP/Maps/RollingBPExampleMap.RollingBPExampleMap:PersistentLevel' has LevelScriptBlueprint '/Game/RollingBP/Maps/RollingBPExampleMap.RollingBPExampleMap:PersistentLevel.RollingBPExampleMap' with GeneratedClass '/Game/RollingBP/Maps/RollingBPExampleMap.RollingBPExampleMap_C' with ClassGeneratedBy '/Game/RollingBP/Maps/RollingBPExampleMap.RollingBPExampleMap:PersistentLevel.RollingBPExampleMap'
[2016.02.07-10.41.24:106][409]LogBlueprintUserMessages: Late EndPlayMap Detection: Level '/Game/RollingBP/Maps/RollingBPExampleMap.RollingBPExampleMap:PersistentLevel' has LevelScriptBlueprint '/Game/RollingBP/Maps/RollingBPExampleMap.RollingBPExampleMap:PersistentLevel.RollingBPExampleMap' with GeneratedClass '/Game/RollingBP/Maps/RollingBPExampleMap.RollingBPExampleMap_C' with ClassGeneratedBy '/Game/RollingBP/Maps/RollingBPExampleMap.RollingBPExampleMap:PersistentLevel.RollingBPExampleMap'
[2016.02.07-10.41.24:164][410]LogParticles: Destroying 0 GPU particle simulations for FXSystem 0x0000018D5398D760
[2016.02.07-10.41.46:075][680]LogWindowsTextInputMethodSystem:Display: IME system now activated using TSF (Microsoft IME).
[2016.02.07-10.41.46:075][680]LogWindowsTextInputMethodSystem:Display: IME system now activated using TSF (Microsoft IME).
[2016.02.07-10.41.46:096][680]LogWindowsTextInputMethodSystem:Display: IME system now activated using TSF (Microsoft IME).
[2016.02.07-10.41.46:096][680]LogWindowsTextInputMethodSystem:Display: IME system now activated using TSF (Microsoft IME).
[2016.02.07-10.41.46:523][681]Cmd: QUIT_EDITOR
[2016.02.07-10.41.47:483][681]LogWindowsTextInputMethodSystem:Display: IME system now activated using TSF (Microsoft IME).
[2016.02.07-10.41.47:485][681]LogWindowsTextInputMethodSystem:Display: IME system now activated using TSF (Microsoft IME).
[2016.02.07-10.41.47:589][681]LogExit: Preparing to exit.
[2016.02.07-10.41.48:373][681]LogExit: Editor shut down
[2016.02.07-10.41.48:374][681]LogExit: Transaction tracking system shut down
[2016.02.07-10.41.48:398][681]LogParticles: Destroying 0 GPU particle simulations for FXSystem 0x0000018D553FF9C0
[2016.02.07-10.41.48:405][681]LogParticles: Destroying 0 GPU particle simulations for FXSystem 0x0000018D68D97880
[2016.02.07-10.41.48:406][681]LogParticles: Destroying 0 GPU particle simulations for FXSystem 0x0000018D6D023100
[2016.02.07-10.41.48:555][681]LogExit: Object subsystem successfully closed.
[2016.02.07-10.41.48:569][681]LogD3D11RHI: Shutdown
[2016.02.07-10.41.48:569][681]LogD3D11RHI: CleanupD3DDevice
[2016.02.07-10.41.48:747][681]LogD3D11RHI: ~FD3D11DynamicRHI
[2016.02.07-10.41.48:766][681]LogModuleManager: Shutting down and abandoning module CrashTracker (198)
[2016.02.07-10.41.48:766][681]LogModuleManager: Shutting down and abandoning module SceneOutliner (197)
[2016.02.07-10.41.48:766][681]LogModuleManager: Shutting down and abandoning module SuperSearch (196)
[2016.02.07-10.41.48:766][681]LogModuleManager: Shutting down and abandoning module WidgetCarousel (195)
[2016.02.07-10.41.48:766][681]LogModuleManager: Shutting down and abandoning module AddContentDialog (194)
[2016.02.07-10.41.48:767][681]LogModuleManager: Shutting down and abandoning module EditorWidgets (193)
[2016.02.07-10.41.48:767][681]LogModuleManager: Shutting down and abandoning module CollectionManager (192)
[2016.02.07-10.41.48:767][681]LogModuleManager: Shutting down and abandoning module StatsViewer (191)
[2016.02.07-10.41.48:767][681]LogModuleManager: Shutting down and abandoning module FoliageEdit (190)
[2016.02.07-10.41.48:767][681]LogModuleManager: Shutting down and abandoning module LandscapeEditor (189)
[2016.02.07-10.41.48:767][681]LogModuleManager: Shutting down and abandoning module ActorPickerMode (188)
[2016.02.07-10.41.48:767][681]LogModuleManager: Shutting down and abandoning module GeometryMode (187)
[2016.02.07-10.41.48:767][681]LogModuleManager: Shutting down and abandoning module TextureAlignMode (186)
[2016.02.07-10.41.48:767][681]LogModuleManager: Shutting down and abandoning module BspMode (185)
[2016.02.07-10.41.48:767][681]LogModuleManager: Shutting down and abandoning module PlacementMode (184)
[2016.02.07-10.41.48:768][681]LogModuleManager: Shutting down and abandoning module AutomationWorker (183)
[2016.02.07-10.41.48:768][681]LogModuleManager: Shutting down and abandoning module CharacterAI (182)
[2016.02.07-10.41.48:768][681]LogModuleManager: Shutting down and abandoning module SmartSnapping (181)
[2016.02.07-10.41.48:768][681]LogModuleManager: Shutting down and abandoning module ViewportSnapping (180)
[2016.02.07-10.41.48:768][681]LogModuleManager: Shutting down and abandoning module LogVisualizer (179)
[2016.02.07-10.41.48:768][681]LogModuleManager: Shutting down and abandoning module GameProjectGeneration (178)
[2016.02.07-10.41.48:768][681]LogModuleManager: Shutting down and abandoning module IntroTutorials (177)
[2016.02.07-10.41.48:768][681]LogModuleManager: Shutting down and abandoning module EditorLiveStreaming (176)
[2016.02.07-10.41.48:768][681]LogModuleManager: Shutting down and abandoning module IOSPlatformEditor (175)
[2016.02.07-10.41.48:768][681]LogModuleManager: Shutting down and abandoning module HTML5PlatformEditor (174)
[2016.02.07-10.41.48:768][681]LogModuleManager: Shutting down and abandoning module AndroidDeviceDetection (173)
[2016.02.07-10.41.49:181][681]LogModuleManager: Shutting down and abandoning module AndroidPlatformEditor (172)
[2016.02.07-10.41.49:181][681]LogModuleManager: Shutting down and abandoning module IOSRuntimeSettings (171)
[2016.02.07-10.41.49:181][681]LogModuleManager: Shutting down and abandoning module AndroidRuntimeSettings (170)
[2016.02.07-10.41.49:181][681]LogModuleManager: Shutting down and abandoning module MergeActors (169)
[2016.02.07-10.41.49:181][681]LogModuleManager: Shutting down and abandoning module SizeMap (168)
[2016.02.07-10.41.49:181][681]LogModuleManager: Shutting down and abandoning module TreeMap (167)
[2016.02.07-10.41.49:181][681]LogModuleManager: Shutting down and abandoning module ReferenceViewer (166)
[2016.02.07-10.41.49:181][681]LogModuleManager: Shutting down and abandoning module LocalizationService (165)
[2016.02.07-10.41.49:181][681]LogModuleManager: Shutting down and abandoning module LocalizationDashboard (164)
[2016.02.07-10.41.49:182][681]LogModuleManager: Shutting down and abandoning module HardwareTargeting (163)
[2016.02.07-10.41.49:182][681]LogModuleManager: Shutting down and abandoning module DeviceProfileEditor (162)
[2016.02.07-10.41.49:182][681]LogModuleManager: Shutting down and abandoning module UndoHistory (161)
[2016.02.07-10.41.49:182][681]LogModuleManager: Shutting down and abandoning module GameplayTagsEditor (160)
[2016.02.07-10.41.49:182][681]LogModuleManager: Shutting down and abandoning module UserFeedback (159)
[2016.02.07-10.41.49:182][681]LogModuleManager: Shutting down and abandoning module XmlParser (158)
[2016.02.07-10.41.49:182][681]LogModuleManager: Shutting down and abandoning module Blutility (157)
[2016.02.07-10.41.49:182][681]LogModuleManager: Shutting down and abandoning module ProjectTargetPlatformEditor (156)
[2016.02.07-10.41.49:183][681]LogModuleManager: Shutting down and abandoning module ProjectSettingsViewer (155)
[2016.02.07-10.41.49:183][681]LogModuleManager: Shutting down and abandoning module InputBindingEditor (154)
[2016.02.07-10.41.49:184][681]LogModuleManager: Shutting down and abandoning module EditorSettingsViewer (153)
[2016.02.07-10.41.49:184][681]LogModuleManager: Shutting down and abandoning module SettingsEditor (152)
[2016.02.07-10.41.49:184][681]LogModuleManager: Shutting down and abandoning module ProjectLauncher (151)
[2016.02.07-10.41.49:184][681]LogModuleManager: Shutting down and abandoning module SessionFrontend (150)
[2016.02.07-10.41.49:184][681]LogModuleManager: Shutting down and abandoning module ProfilerClient (149)
[2016.02.07-10.41.49:184][681]LogModuleManager: Shutting down and abandoning module TargetDeviceServices (148)
[2016.02.07-10.41.49:185][681]LogModuleManager: Shutting down and abandoning module DeviceManager (147)
[2016.02.07-10.41.49:185][681]LogModuleManager: Shutting down and abandoning module AutomationController (146)
[2016.02.07-10.41.49:185][681]LogModuleManager: Shutting down and abandoning module AutomationWindow (145)
[2016.02.07-10.41.49:185][681]LogModuleManager: Shutting down and abandoning module Layers (144)
[2016.02.07-10.41.49:185][681]LogModuleManager: Shutting down and abandoning module ComponentVisualizers (143)
[2016.02.07-10.41.49:185][681]LogModuleManager: Shutting down and abandoning module DetailCustomizations (142)
[2016.02.07-10.41.49:186][681]LogModuleManager: Shutting down and abandoning module PackagesDialog (141)
[2016.02.07-10.41.49:186][681]LogModuleManager: Shutting down and abandoning module Persona (140)
[2016.02.07-10.41.49:186][681]LogModuleManager: Shutting down and abandoning module Kismet (139)
[2016.02.07-10.41.49:186][681]LogModuleManager: Shutting down and abandoning module GraphEditor (138)
[2016.02.07-10.41.49:186][681]LogModuleManager: Shutting down and abandoning module ClassViewer (137)
[2016.02.07-10.41.49:186][681]LogModuleManager: Shutting down and abandoning module Toolbox (136)
[2016.02.07-10.41.49:186][681]LogModuleManager: Shutting down and abandoning module ModuleUI (135)
[2016.02.07-10.41.49:187][681]LogModuleManager: Shutting down and abandoning module MovieSceneTools (134)
[2016.02.07-10.41.49:187][681]LogModuleManager: Shutting down and abandoning module OutputLog (133)
[2016.02.07-10.41.49:187][681]LogModuleManager: Shutting down and abandoning module GammaUI (132)
[2016.02.07-10.41.49:187][681]LogModuleManager: Shutting down and abandoning module Documentation (131)
[2016.02.07-10.41.49:187][681]LogModuleManager: Shutting down and abandoning module GameLiveStreaming (130)
[2016.02.07-10.41.49:187][681]LogModuleManager: Shutting down and abandoning module StreamingPauseRendering (129)
[2016.02.07-10.41.49:187][681]LogModuleManager: Shutting down and abandoning module AnalyticsET (128)
[2016.02.07-10.41.49:187][681]LogModuleManager: Shutting down and abandoning module Analytics (127)
[2016.02.07-10.41.49:187][681]LogModuleManager: Shutting down and abandoning module AITestSuite (126)
[2016.02.07-10.41.49:187][681]LogModuleManager: Shutting down and abandoning module GameplayDebugger (125)
[2016.02.07-10.41.49:187][681]LogModuleManager: Shutting down and abandoning module AIModule (124)
[2016.02.07-10.41.49:187][681]LogModuleManager: Shutting down and abandoning module ProfilerService (123)
[2016.02.07-10.41.49:437][681]LogModuleManager: Shutting down and abandoning module TaskGraph (122)
[2016.02.07-10.41.49:437][681]LogModuleManager: Shutting down and abandoning module SlateRemote (121)
[2016.02.07-10.41.49:437][681]LogModuleManager: Shutting down and abandoning module SteamVRController (120)
[2016.02.07-10.41.49:437][681]LogModuleManager: Shutting down and abandoning module SteamVR (119)
[2016.02.07-10.41.49:438][681]LogModuleManager: Shutting down and abandoning module ProceduralMeshComponent (118)
[2016.02.07-10.41.49:438][681]LogModuleManager: Shutting down and abandoning module OculusLibrary (117)
[2016.02.07-10.41.49:438][681]LogModuleManager: Shutting down and abandoning module OculusInput (116)
[2016.02.07-10.41.49:438][681]LogModuleManager: Shutting down and abandoning module LeapMotionController (115)
[2016.02.07-10.41.49:526][681]LogModuleManager: Shutting down and abandoning module CustomMeshComponent (114)
[2016.02.07-10.41.49:526][681]LogModuleManager: Shutting down and abandoning module CableComponent (113)
[2016.02.07-10.41.49:526][681]LogModuleManager: Shutting down and abandoning module ArchVisCharacter (112)
[2016.02.07-10.41.49:526][681]LogModuleManager: Shutting down and abandoning module MessagingDebugger (111)
[2016.02.07-10.41.49:526][681]LogModuleManager: Shutting down and abandoning module MediaPlayerEditor (110)
[2016.02.07-10.41.49:526][681]LogModuleManager: Shutting down and abandoning module HTML5Networking (109)
[2016.02.07-10.41.49:526][681]LogModuleManager: Shutting down and abandoning module SpeedTreeImporter (108)
[2016.02.07-10.41.49:526][681]LogModuleManager: Shutting down and abandoning module PluginBrowser (107)
[2016.02.07-10.41.49:526][681]LogModuleManager: Shutting down and abandoning module EpicSurvey (106)
[2016.02.07-10.41.49:526][681]LogModuleManager: Shutting down and abandoning module DesktopPlatform (105)
[2016.02.07-10.41.49:526][681]LogModuleManager: Shutting down and abandoning module VisualStudioSourceCodeAccess (104)
[2016.02.07-10.41.49:526][681]LogModuleManager: Shutting down and abandoning module UObjectPlugin (103)
[2016.02.07-10.41.49:526][681]LogModuleManager: Shutting down and abandoning module SubversionSourceControl (102)
[2016.02.07-10.41.49:526][681]LogModuleManager: Shutting down and abandoning module PerforceSourceControl (101)
[2016.02.07-10.41.49:526][681]LogModuleManager: Shutting down and abandoning module SourceControl (100)
[2016.02.07-10.41.49:526][681]LogModuleManager: Shutting down and abandoning module GitSourceControl (99)
[2016.02.07-10.41.49:526][681]LogModuleManager: Shutting down and abandoning module LightPropagationVolumeEditor (98)
[2016.02.07-10.41.49:526][681]LogModuleManager: Shutting down and abandoning module PaperTiledImporter (97)
[2016.02.07-10.41.49:526][681]LogModuleManager: Shutting down and abandoning module PaperSpriteSheetImporter (96)
[2016.02.07-10.41.49:526][681]LogModuleManager: Shutting down and abandoning module MeshPaint (95)
[2016.02.07-10.41.49:526][681]LogModuleManager: Shutting down and abandoning module SlateReflector (94)
[2016.02.07-10.41.49:526][681]LogModuleManager: Shutting down and abandoning module HotReload (93)
[2016.02.07-10.41.49:527][681]LogModuleManager: Shutting down and abandoning module MainFrame (92)
[2016.02.07-10.41.49:527][681]LogModuleManager: Shutting down and abandoning module LevelEditor (91)
[2016.02.07-10.41.49:528][681]LogModuleManager: Shutting down and abandoning module DirectoryWatcher (90)
[2016.02.07-10.41.49:529][681]LogModuleManager: Shutting down and abandoning module AssetRegistry (89)
[2016.02.07-10.41.49:643][681]LogModuleManager: Shutting down and abandoning module ContentBrowser (88)
[2016.02.07-10.41.49:644][681]LogModuleManager: Shutting down and abandoning module Paper2DEditor (87)
[2016.02.07-10.41.49:644][681]LogModuleManager: Shutting down and abandoning module UdpMessaging (86)
[2016.02.07-10.41.49:745][681]LogModuleManager: Shutting down and abandoning module LightPropagationVolumeRuntime (85)
[2016.02.07-10.41.49:745][681]LogModuleManager: Shutting down and abandoning module Paper2D (84)
[2016.02.07-10.41.49:745][681]LogModuleManager: Shutting down and abandoning module WindowsMoviePlayer (83)
[2016.02.07-10.41.49:748][681]LogModuleManager: Shutting down and abandoning module Media (82)
[2016.02.07-10.41.49:748][681]LogModuleManager: Shutting down and abandoning module WmfMedia (81)
[2016.02.07-10.41.49:748][681]LogModuleManager: Shutting down and abandoning module OnlineBlueprintSupport (80)
[2016.02.07-10.41.49:748][681]LogModuleManager: Shutting down and abandoning module GameplayTasksEditor (79)
[2016.02.07-10.41.49:748][681]LogModuleManager: Shutting down and abandoning module PropertyEditor (78)
[2016.02.07-10.41.49:748][681]LogModuleManager: Shutting down and abandoning module BehaviorTreeEditor (77)
[2016.02.07-10.41.49:748][681]LogModuleManager: Shutting down and abandoning module FunctionalTesting (76)
[2016.02.07-10.41.49:748][681]LogModuleManager: Shutting down and abandoning module CollisionAnalyzer (75)
[2016.02.07-10.41.49:748][681]LogModuleManager: Shutting down and abandoning module WorkspaceMenuStructure (74)
[2016.02.07-10.41.49:748][681]LogModuleManager: Shutting down and abandoning module MessageLog (73)
[2016.02.07-10.41.49:748][681]LogModuleManager: Shutting down and abandoning module Sequencer (72)
[2016.02.07-10.41.49:748][681]LogModuleManager: Shutting down and abandoning module AssetTools (71)
[2016.02.07-10.41.49:748][681]LogModuleManager: Shutting down and abandoning module UMGEditor (70)
[2016.02.07-10.41.49:748][681]LogModuleManager: Shutting down and abandoning module UMG (69)
[2016.02.07-10.41.49:748][681]LogModuleManager: Shutting down and abandoning module Slate (68)
[2016.02.07-10.41.49:748][681]LogModuleManager: Shutting down and abandoning module EditorStyle (67)
[2016.02.07-10.41.49:750][681]LogModuleManager: Shutting down and abandoning module SessionServices (66)
[2016.02.07-10.41.49:750][681]LogModuleManager: Shutting down and abandoning module SourceCodeAccess (65)
[2016.02.07-10.41.49:750][681]LogModuleManager: Shutting down and abandoning module HeadMountedDisplay (64)
[2016.02.07-10.41.49:750][681]LogModuleManager: Shutting down and abandoning module XAudio2 (63)
[2016.02.07-10.41.49:750][681]LogModuleManager: Shutting down and abandoning module Networking (61)
[2016.02.07-10.41.49:750][681]LogModuleManager: Shutting down and abandoning module Core (60)
[2016.02.07-10.41.49:750][681]LogModuleManager: Shutting down and abandoning module KismetCompiler (59)
[2016.02.07-10.41.49:750][681]LogModuleManager: Shutting down and abandoning module PhysXFormats (58)
[2016.02.07-10.41.49:750][681]LogModuleManager: Shutting down and abandoning module MeshUtilities (57)
[2016.02.07-10.41.49:750][681]LogModuleManager: Shutting down and abandoning module DerivedDataCache (56)
[2016.02.07-10.41.49:899][681]LogDerivedDataCache: Shutdown
[2016.02.07-10.41.49:899][681]LogModuleManager: Shutting down and abandoning module ShaderFormatOpenGL (55)
[2016.02.07-10.41.49:899][681]LogModuleManager: Shutting down and abandoning module ShaderFormatD3D (54)
[2016.02.07-10.41.49:899][681]LogModuleManager: Shutting down and abandoning module MetalShaderFormat (53)
[2016.02.07-10.41.49:899][681]LogModuleManager: Shutting down and abandoning module TextureFormatUncompressed (52)
[2016.02.07-10.41.49:899][681]LogModuleManager: Shutting down and abandoning module TextureFormatPVR (51)
[2016.02.07-10.41.49:899][681]LogModuleManager: Shutting down and abandoning module TextureFormatIntelISPCTexComp (50)
[2016.02.07-10.41.49:899][681]LogModuleManager: Shutting down and abandoning module TextureFormatDXT (49)
[2016.02.07-10.41.49:899][681]LogModuleManager: Shutting down and abandoning module ImageWrapper (48)
[2016.02.07-10.41.49:899][681]LogModuleManager: Shutting down and abandoning module TextureFormatASTC (47)
[2016.02.07-10.41.49:899][681]LogModuleManager: Shutting down and abandoning module TextureFormatAndroid (46)
[2016.02.07-10.41.49:899][681]LogModuleManager: Shutting down and abandoning module AudioFormatOpus (45)
[2016.02.07-10.41.49:899][681]LogModuleManager: Shutting down and abandoning module AudioFormatOgg (44)
[2016.02.07-10.41.49:899][681]LogModuleManager: Shutting down and abandoning module AudioFormatADPCM (43)
[2016.02.07-10.41.49:899][681]LogModuleManager: Shutting down and abandoning module LinuxTargetPlatform (42)
[2016.02.07-10.41.49:899][681]LogModuleManager: Shutting down and abandoning module LinuxServerTargetPlatform (41)
[2016.02.07-10.41.49:899][681]LogModuleManager: Shutting down and abandoning module LinuxNoEditorTargetPlatform (40)
[2016.02.07-10.41.49:899][681]LogModuleManager: Shutting down and abandoning module Messaging (39)
[2016.02.07-10.41.49:899][681]LogModuleManager: Shutting down and abandoning module IOSTargetPlatform (38)
[2016.02.07-10.41.49:899][681]LogModuleManager: Shutting down and abandoning module HTML5TargetPlatform (37)
[2016.02.07-10.41.49:899][681]LogModuleManager: Shutting down and abandoning module Android_PVRTCTargetPlatform (36)
[2016.02.07-10.41.49:899][681]LogModuleManager: Shutting down and abandoning module Android_MultiTargetPlatform (35)
[2016.02.07-10.41.49:899][681]LogModuleManager: Shutting down and abandoning module Android_ETC2TargetPlatform (34)
[2016.02.07-10.41.49:899][681]LogModuleManager: Shutting down and abandoning module Android_ETC1TargetPlatform (33)
[2016.02.07-10.41.49:899][681]LogModuleManager: Shutting down and abandoning module Android_DXTTargetPlatform (32)
[2016.02.07-10.41.49:899][681]LogModuleManager: Shutting down and abandoning module Android_ATCTargetPlatform (31)
[2016.02.07-10.41.49:899][681]LogModuleManager: Shutting down and abandoning module Android_ASTCTargetPlatform (30)
[2016.02.07-10.41.49:899][681]LogModuleManager: Shutting down and abandoning module AndroidTargetPlatform (29)
[2016.02.07-10.41.49:899][681]LogModuleManager: Shutting down and abandoning module WindowsTargetPlatform (28)
[2016.02.07-10.41.49:899][681]LogModuleManager: Shutting down and abandoning module WindowsServerTargetPlatform (27)
[2016.02.07-10.41.49:899][681]LogModuleManager: Shutting down and abandoning module WindowsNoEditorTargetPlatform (26)
[2016.02.07-10.41.49:899][681]LogModuleManager: Shutting down and abandoning module WindowsClientTargetPlatform (25)
[2016.02.07-10.41.49:899][681]LogModuleManager: Shutting down and abandoning module AllDesktopTargetPlatform (24)
[2016.02.07-10.41.49:899][681]LogModuleManager: Shutting down and abandoning module TargetPlatform (23)
[2016.02.07-10.41.49:899][681]LogModuleManager: Shutting down and abandoning module InputCore (22)
[2016.02.07-10.41.49:899][681]LogModuleManager: Shutting down and abandoning module Settings (21)
[2016.02.07-10.41.49:900][681]LogModuleManager: Shutting down and abandoning module OnlineSubsystem (19)
[2016.02.07-10.41.49:900][681]LogModuleManager: Shutting down and abandoning module HTTP (18)
[2016.02.07-10.41.50:901][681]LogModuleManager: Shutting down and abandoning module XMPP (17)
[2016.02.07-10.41.50:901][681]LogModuleManager: Shutting down and abandoning module OculusRift (16)
[2016.02.07-10.41.50:901][681]LogModuleManager: Shutting down and abandoning module ExampleDeviceProfileSelector (15)
[2016.02.07-10.41.50:901][681]LogModuleManager: Shutting down and abandoning module TextureCompressor (14)
[2016.02.07-10.41.50:901][681]LogModuleManager: Shutting down and abandoning module ShaderCore (13)
[2016.02.07-10.41.50:901][681]LogModuleManager: Shutting down and abandoning module Landscape (12)
[2016.02.07-10.41.50:901][681]LogModuleManager: Shutting down and abandoning module SlateRHIRenderer (11)
[2016.02.07-10.41.50:902][681]LogModuleManager: Shutting down and abandoning module OpenGLDrv (10)
[2016.02.07-10.41.50:902][681]LogModuleManager: Shutting down and abandoning module D3D11RHI (9)
[2016.02.07-10.41.50:902][681]LogModuleManager: Shutting down and abandoning module AnimGraphRuntime (8)
[2016.02.07-10.41.50:902][681]LogModuleManager: Shutting down and abandoning module Renderer (7)
[2016.02.07-10.41.50:902][681]LogModuleManager: Shutting down and abandoning module Engine (6)
[2016.02.07-10.41.50:902][681]LogModuleManager: Shutting down and abandoning module CoreUObject (5)
[2016.02.07-10.41.50:902][681]LogModuleManager: Shutting down and abandoning module NetworkFile (4)
[2016.02.07-10.41.50:902][681]LogModuleManager: Shutting down and abandoning module StreamingFile (3)
[2016.02.07-10.41.50:902][681]LogModuleManager: Shutting down and abandoning module SandboxFile (2)
[2016.02.07-10.41.50:902][681]LogModuleManager: Shutting down and abandoning module PakFile (1)
[2016.02.07-10.41.50:903][681]LogExit: Exiting.
[2016.02.07-10.41.50:904][681]Log file closed, 02/07/16 19:41:50
