[2016.02.09-04.36.18:903][  0]Log file open, 02/09/16 13:36:18
[2016.02.09-04.36.18:903][  0]LogInit:Display: Running engine for game: DJYamabiko
[2016.02.09-04.36.18:903][  0]LogPlatformFile: Not using cached read wrapper
[2016.02.09-04.36.18:903][  0]LogInit:Display: RandInit(609785815) SRandInit(609785819).
[2016.02.09-04.36.18:903][  0]LogTaskGraph: Started task graph with 4 named threads and 5 total threads.
[2016.02.09-04.36.18:903][  0]LogStats: Stats thread started at 0.066382
[2016.02.09-04.36.18:903][  0]LogInit: Version: 4.10.2-2818068+++depot+UE4-Releases+4.10
[2016.02.09-04.36.18:903][  0]LogInit: API Version: 2758231
[2016.02.09-04.36.18:903][  0]LogInit: Compiled (64-bit): Jan  6 2016 17:36:42
[2016.02.09-04.36.18:903][  0]LogInit: Compiled with Visual C++: 19.00.23026.00
[2016.02.09-04.36.18:903][  0]LogInit: Build Configuration: Development
[2016.02.09-04.36.18:903][  0]LogInit: Branch Name: ++depot+UE4-Releases+4.10
[2016.02.09-04.36.18:903][  0]LogInit: Command line: 
[2016.02.09-04.36.18:903][  0]LogInit: Base directory: C:/Program Files (x86)/Epic Games/4.10/Engine/Binaries/Win64/
[2016.02.09-04.36.18:903][  0]LogInit: Rocket: 1
[2016.02.09-04.36.18:910][  0]LogInit: Using libcurl 7.41.0
[2016.02.09-04.36.18:910][  0]LogInit:  - built for x86_64-pc-win32
[2016.02.09-04.36.18:910][  0]LogInit:  - supports SSL with WinSSL
[2016.02.09-04.36.18:910][  0]LogInit:  - other features:
[2016.02.09-04.36.18:910][  0]LogInit:      CURL_VERSION_SSL
[2016.02.09-04.36.18:910][  0]LogInit:      CURL_VERSION_IPV6
[2016.02.09-04.36.18:910][  0]LogInit:      CURL_VERSION_ASYNCHDNS
[2016.02.09-04.36.18:910][  0]LogInit:      CURL_VERSION_LARGEFILE
[2016.02.09-04.36.18:910][  0]LogInit:      CURL_VERSION_IDN
[2016.02.09-04.36.18:910][  0]LogInit:  CurlRequestOptions (configurable via config and command line):
[2016.02.09-04.36.18:910][  0]LogInit:  - bVerifyPeer = true  - Libcurl will verify peer certificate
[2016.02.09-04.36.18:910][  0]LogInit:  - bUseHttpProxy = false  - Libcurl will NOT use HTTP proxy
[2016.02.09-04.36.18:910][  0]LogInit:  - bDontReuseConnections = false  - Libcurl will reuse connections
[2016.02.09-04.36.18:910][  0]LogInit:  - CertBundlePath = nullptr  - Libcurl will use whatever was configured at build time.
[2016.02.09-04.36.18:920][  0]LogInit: Presizing for 0 objects not considered by GC, pre-allocating 0 bytes.
[2016.02.09-04.36.18:930][  0]LogInit: Object subsystem initialized
[2016.02.09-04.36.18:932][  0]LogInit: Selected Device Profile: [Windows]
[2016.02.09-04.36.18:932][  0]LogInit: Applying CVar settings loaded from the selected device profile: [Windows]
[2016.02.09-04.36.18:952][  0]LogInit: Computer: DESKTOP-6H4BEHG
[2016.02.09-04.36.18:952][  0]LogInit: User: kotaoue
[2016.02.09-04.36.18:952][  0]LogInit: CPU Page size=4096, Cores=2
[2016.02.09-04.36.18:952][  0]LogInit: High frequency timer resolution =2.742193 MHz
[2016.02.09-04.36.18:952][  0]LogMemory: Memory total: Physical=7.9GB (8GB approx)
[2016.02.09-04.36.18:952][  0]LogMemory: Platform Memory Stats for Windows
[2016.02.09-04.36.18:952][  0]LogMemory: Process Physical Memory: 55.87 MB used, 55.87 MB peak
[2016.02.09-04.36.18:952][  0]LogMemory: Process Virtual Memory: 57.54 MB used, 57.54 MB peak
[2016.02.09-04.36.18:952][  0]LogMemory: Physical Memory: 3071.04 MB used, 8115.96 MB total
[2016.02.09-04.36.18:952][  0]LogMemory: Virtual Memory: 382.29 MB used, 134217728.00 MB total
[2016.02.09-04.36.18:992][  0]LogTextLocalizationManager: No specific translations for ('ja-JP') exist, so ('ja') translations will be used.
[2016.02.09-04.36.19:124][  0]LogTextLocalizationManager:Warning: Loaded localization resources contain conflicting entries for (Namespace:K2Node, Key:false):
Localization Resource: (C:/Program Files (x86)/Epic Games/4.10/Engine/Content/Localization/EditorTutorials/ja/EditorTutorials.locres) Source String Hash: (816077464) Localized String: (偽)
Localization Resource: (C:/Program Files (x86)/Epic Games/4.10/Engine/Content/Localization/Engine/ja/Engine.locres) Source String Hash: (816077464) Localized String: (false)
[2016.02.09-04.36.19:125][  0]LogTextLocalizationManager:Warning: Loaded localization resources contain conflicting entries for (Namespace:K2Node, Key:true):
Localization Resource: (C:/Program Files (x86)/Epic Games/4.10/Engine/Content/Localization/EditorTutorials/ja/EditorTutorials.locres) Source String Hash: (-942328987) Localized String: (真)
Localization Resource: (C:/Program Files (x86)/Epic Games/4.10/Engine/Content/Localization/Engine/ja/Engine.locres) Source String Hash: (-942328987) Localized String: (true)
[2016.02.09-04.36.19:125][  0]LogTextLocalizationManager:Warning: Loaded localization resources contain conflicting entries for (Namespace:UObjectToolTips, Key:AnimNode_BlendSpacePlayer:bLoop):
Localization Resource: (C:/Program Files (x86)/Epic Games/4.10/Engine/Content/Localization/EditorTutorials/ja/EditorTutorials.locres) Source String Hash: (2133979316) Localized String: (再生が最後まで終わった後、ロープ再生するようにしますか？)
Localization Resource: (C:/Program Files (x86)/Epic Games/4.10/Engine/Content/Localization/ToolTips/ja/ToolTips.locres) Source String Hash: (2133979316) Localized String: (ループが最後まで到達した時に、アニメーションのループを継続するべきか？)
[2016.02.09-04.36.19:125][  0]LogTextLocalizationManager:Warning: Loaded localization resources contain conflicting entries for (Namespace:UObjectToolTips, Key:AnimNode_BlendSpacePlayer:X):
Localization Resource: (C:/Program Files (x86)/Epic Games/4.10/Engine/Content/Localization/EditorTutorials/ja/EditorTutorials.locres) Source String Hash: (2060772590) Localized String: (ブレンドスペースで値を取得するX座標)
Localization Resource: (C:/Program Files (x86)/Epic Games/4.10/Engine/Content/Localization/ToolTips/ja/ToolTips.locres) Source String Hash: (2060772590) Localized String: (ブレンドスペースでサンプリングするX座標)
[2016.02.09-04.36.19:125][  0]LogTextLocalizationManager:Warning: Loaded localization resources contain conflicting entries for (Namespace:UObjectToolTips, Key:AnimNode_BlendSpacePlayer:Y):
Localization Resource: (C:/Program Files (x86)/Epic Games/4.10/Engine/Content/Localization/EditorTutorials/ja/EditorTutorials.locres) Source String Hash: (-1719607538) Localized String: (ブレンドスペースで値を取得するY座標)
Localization Resource: (C:/Program Files (x86)/Epic Games/4.10/Engine/Content/Localization/ToolTips/ja/ToolTips.locres) Source String Hash: (-1719607538) Localized String: (ブレンドスペースでサンプリングするY座標)
[2016.02.09-04.36.19:125][  0]LogTextLocalizationManager:Warning: Loaded localization resources contain conflicting entries for (Namespace:UObjectToolTips, Key:AnimNode_BlendSpacePlayer:Z):
Localization Resource: (C:/Program Files (x86)/Epic Games/4.10/Engine/Content/Localization/EditorTutorials/ja/EditorTutorials.locres) Source String Hash: (1728943471) Localized String: (ブレンドスペースで値を取得するZ座標)
Localization Resource: (C:/Program Files (x86)/Epic Games/4.10/Engine/Content/Localization/ToolTips/ja/ToolTips.locres) Source String Hash: (1728943471) Localized String: (ブレンドスペースでサンプリングするZ座標)
[2016.02.09-04.36.19:125][  0]LogTextLocalizationManager:Warning: Loaded localization resources contain conflicting entries for (Namespace:UObjectToolTips, Key:AnimNode_BlendSpacePlayer:BlendSpace):
Localization Resource: (C:/Program Files (x86)/Epic Games/4.10/Engine/Content/Localization/EditorTutorials/ja/EditorTutorials.locres) Source String Hash: (1599043277) Localized String: (再生するブレンドスペースのアセット)
Localization Resource: (C:/Program Files (x86)/Epic Games/4.10/Engine/Content/Localization/ToolTips/ja/ToolTips.locres) Source String Hash: (1599043277) Localized String: (再生するブレンド空間アセット)
[2016.02.09-04.36.19:125][  0]LogTextLocalizationManager:Warning: Loaded localization resources contain conflicting entries for (Namespace:UObjectToolTips, Key:AnimNode_StateMachine:MaxTransitionsPerFrame):
Localization Resource: (C:/Program Files (x86)/Epic Games/4.10/Engine/Content/Localization/EditorTutorials/ja/EditorTutorials.locres) Source String Hash: (1567650430) Localized String: (このマシーンで1フレームあたりに同時に処理できるトランジションの最大数)
Localization Resource: (C:/Program Files (x86)/Epic Games/4.10/Engine/Content/Localization/ToolTips/ja/ToolTips.locres) Source String Hash: (1567650430) Localized String: (単一フレームでマシーンが「同時」に受け取れる遷移の最大数)
[2016.02.09-04.36.19:125][  0]LogTextLocalizationManager:Warning: Loaded localization resources contain conflicting entries for (Namespace:UObjectToolTips, Key:AnimNode_BlendSpacePlayer:PlayRate):
Localization Resource: (C:/Program Files (x86)/Epic Games/4.10/Engine/Content/Localization/EditorTutorials/ja/EditorTutorials.locres) Source String Hash: (-1274923958) Localized String: (再生速度の倍率です。負の数値も使う事ができます。その場合逆再生になります。)
Localization Resource: (C:/Program Files (x86)/Epic Games/4.10/Engine/Content/Localization/ToolTips/ja/ToolTips.locres) Source String Hash: (-1274923958) Localized String: (再生レート乗数。アニメーションを逆再生する負の値にすることができます。)
[2016.02.09-04.36.19:481][  0]LogD3D11RHI: Found D3D11 adapter 0: NVIDIA GeForce GPU (Feature Level 11_0)
[2016.02.09-04.36.19:481][  0]LogD3D11RHI: Adapter has 975MB of dedicated video memory, 0MB of dedicated system memory, and 4057MB of shared system memory, 1 output[s]
[2016.02.09-04.36.19:491][  0]LogD3D11RHI: Found D3D11 adapter 1: Intel(R) HD Graphics 520 (Feature Level 11_0)
[2016.02.09-04.36.19:491][  0]LogD3D11RHI: Adapter has 128MB of dedicated video memory, 0MB of dedicated system memory, and 4057MB of shared system memory, 0 output[s]
[2016.02.09-04.36.19:493][  0]LogD3D11RHI: Found D3D11 adapter 2: Microsoft Basic Render Driver (Feature Level 11_0)
[2016.02.09-04.36.19:493][  0]LogD3D11RHI: Adapter has 0MB of dedicated video memory, 0MB of dedicated system memory, and 4057MB of shared system memory, 0 output[s]
[2016.02.09-04.36.19:493][  0]LogD3D11RHI: Chosen D3D11 Adapter Id = 0
[2016.02.09-04.36.19:498][  0]LogD3D11RHI: !Direct3DDevice
[2016.02.09-04.36.19:499][  0]LogRHI: Texture pool is 683 MB (70% of 975 MB)
[2016.02.09-04.36.19:518][  0]LogD3D11RHI: Async texture creation enabled
[2016.02.09-04.36.19:533][  0]LogShaderCompilers: Guid format shader working directory is -20 characters bigger than the processId version (../../../../../../Users/kotaoue/Documents/Unreal Projects/DJYamabiko/Intermediate/Shaders/WorkingDirectory/3080/).
[2016.02.09-04.36.19:534][  0]LogShaderCompilers: Cleaned the shader compiler working directory 'C:/Users/kotaoue/AppData/Local/Temp/UnrealShaderWorkingDir/1D7816F245D91464394122A66E71BA70/'.
[2016.02.09-04.36.19:534][  0]LogShaderCompilers:Display: Using Local Shader Compiler.
[2016.02.09-04.36.20:702][  0]LogTemp:Display: Loaded TP AllDesktopTargetPlatform
[2016.02.09-04.36.20:708][  0]LogTemp:Display: Loaded TP WindowsClientTargetPlatform
[2016.02.09-04.36.20:714][  0]LogTemp:Display: Loaded TP WindowsNoEditorTargetPlatform
[2016.02.09-04.36.20:720][  0]LogTemp:Display: Loaded TP WindowsServerTargetPlatform
[2016.02.09-04.36.20:726][  0]LogTemp:Display: Loaded TP WindowsTargetPlatform
[2016.02.09-04.36.20:731][  0]LogTemp:Display: Loaded TP AndroidTargetPlatform
[2016.02.09-04.36.20:735][  0]LogTemp:Display: Loaded TP Android_ASTCTargetPlatform
[2016.02.09-04.36.20:739][  0]LogTemp:Display: Loaded TP Android_ATCTargetPlatform
[2016.02.09-04.36.20:743][  0]LogTemp:Display: Loaded TP Android_DXTTargetPlatform
[2016.02.09-04.36.20:747][  0]LogTemp:Display: Loaded TP Android_ETC1TargetPlatform
[2016.02.09-04.36.20:752][  0]LogTemp:Display: Loaded TP Android_ETC2TargetPlatform
[2016.02.09-04.36.20:760][  0]LogTemp:Display: Loaded TP Android_MultiTargetPlatform
[2016.02.09-04.36.20:760][  0]LogTemp:Display: Loaded TP Android_PVRTCTargetPlatform
[2016.02.09-04.36.20:761][  0]LogTemp:Display: Loaded TP HTML5TargetPlatform
[2016.02.09-04.36.20:779][  0]LogTemp:Display: Loaded TP IOSTargetPlatform
[2016.02.09-04.36.20:783][  0]LogTemp:Display: Loaded TP LinuxNoEditorTargetPlatform
[2016.02.09-04.36.20:787][  0]LogTemp:Display: Loaded TP LinuxServerTargetPlatform
[2016.02.09-04.36.20:791][  0]LogTemp:Display: Loaded TP LinuxTargetPlatform
[2016.02.09-04.36.20:791][  0]LogTargetPlatformManager:Display: Building Assets For Windows
[2016.02.09-04.36.20:877][  0]LogDerivedDataCache:Display: Max Cache Size: 512 MB
[2016.02.09-04.36.20:939][  0]LogDerivedDataCache: Loaded boot cache 0.06s 41MB C:/Users/kotaoue/AppData/Local/UnrealEngine/4.10/DerivedDataCache/Boot.ddc.
[2016.02.09-04.36.20:939][  0]LogDerivedDataCache:Display: Loaded Boot cache: C:/Users/kotaoue/AppData/Local/UnrealEngine/4.10/DerivedDataCache/Boot.ddc
[2016.02.09-04.36.20:939][  0]LogDerivedDataCache: FDerivedDataBackendGraph:  Pak pak cache file ../../../../../../Users/kotaoue/Documents/Unreal Projects/DJYamabiko/DerivedDataCache/DDC.ddp not found, will not use a pak cache.
[2016.02.09-04.36.20:939][  0]LogDerivedDataCache: Unable to find inner node Pak for hierarchical cache Hierarchy.
[2016.02.09-04.36.20:940][  0]LogDerivedDataCache: FDerivedDataBackendGraph:  CompressedPak pak cache file ../../../../../../Users/kotaoue/Documents/Unreal Projects/DJYamabiko/DerivedDataCache/Compressed.ddp not found, will not use a pak cache.
[2016.02.09-04.36.20:940][  0]LogDerivedDataCache: Unable to find inner node CompressedPak for hierarchical cache Hierarchy.
[2016.02.09-04.36.21:025][  0]LogDerivedDataCache:Display: Pak cache opened for reading ../../../Engine/DerivedDataCache/Compressed.ddp.
[2016.02.09-04.36.21:037][  0]LogDerivedDataCache: Using Local data cache path C:/Users/kotaoue/AppData/Local/UnrealEngine/Common/DerivedDataCache: Writable
[2016.02.09-04.36.21:276][  0]LogInit: Selected Device Profile: [Windows]
[2016.02.09-04.36.21:279][  0]LogContentStreaming: Texture pool size is 0.000000MB
[2016.02.09-04.36.21:429][  0]LogMeshUtilities: No automatic mesh reduction module available
[2016.02.09-04.36.21:429][  0]LogMeshUtilities: No automatic mesh merging module available
[2016.02.09-04.36.21:733][  0]LogInit: WinSock: version 1.1 (2.2), MaxSocks=32767, MaxUdp=65467
[2016.02.09-04.36.22:692][  0]UdpMessaging: Initializing bridge on interface 0.0.0.0:0 to multicast group 230.0.0.1:6666.
[2016.02.09-04.36.22:818][  0]LogAssetRegistry: FAssetRegistry took 0.0110 seconds to start up
[2016.02.09-04.36.23:037][  0]SourceControl: 情報 ソースコントロールは無効です
[2016.02.09-04.36.23:039][  0]SourceControl: 情報 ソースコントロールは無効です
[2016.02.09-04.36.23:052][  0]SourceControl: 情報 ソースコントロールは無効です
[2016.02.09-04.36.23:065][  0]SourceControl: 情報 ソースコントロールは無効です
[2016.02.09-04.36.23:324][  0]LogObj: 28633 objects as part of root set at end of initial load.
[2016.02.09-04.36.23:324][  0]LogUObjectAllocator: 6099752 out of 0 bytes used by permanent object pool.
[2016.02.09-04.36.23:401][  0]LogEngine: Initializing Engine...
[2016.02.09-04.36.23:404][  0]LogHMD: Can't find Oculus library dev build: is proper Runtime installed? Version: 0.8.0.0
[2016.02.09-04.36.23:405][  0]LogHMD: SteamVR failed to initialize.  Err: 110
[2016.02.09-04.36.23:568][  0]LogAIModule: Creating AISystem for world NewWorld
[2016.02.09-04.36.23:573][  0]LogInit: XAudio2 using 'スピーカー (Realtek High Definition Audio(SST))' : 2 channels at 48 kHz using 32 bits per sample (channel mask 0x3)
[2016.02.09-04.36.23:660][  0]LogInit: FAudioDevice initialized.
[2016.02.09-04.36.23:691][  0]LogDerivedDataCache: Saved boot cache 0.03s 41MB C:/Users/kotaoue/AppData/Local/UnrealEngine/4.10/DerivedDataCache/Boot.ddc.
[2016.02.09-04.36.23:698][  0]LogInit: Texture streaming: Enabled
[2016.02.09-04.36.23:705][  0]LogAnalytics: Creating configured Analytics provider AnalyticsET
[2016.02.09-04.36.23:705][  0]LogAnalytics: [UEEditor.Rocket.Release] APIServer = http://et2.epicgames.com/ET2/. AppVersion = 4.10.2-2818068+++depot+UE4-Releases+4.10
[2016.02.09-04.36.23:705][  0]LogAnalytics: [UEEditor.Rocket.Release] SetUserId e6a45628499ebad7e50ee59e90a624e2|e9f0bced813a41ad9e36b4a9379bc38d|b25a5126-ec2c-468a-9d1d-b80f0e81c3bf
[2016.02.09-04.36.23:705][  0]LogAnalytics: [UEEditor.Rocket.Release] AnalyticsET::StartSession
[2016.02.09-04.36.23:717][  0]LogInit: Transaction tracking system initialized
[2016.02.09-04.36.23:748][  0]BlueprintLog: New page: エディタの読み込み
[2016.02.09-04.36.23:856][  0]LocalizationService: 情報 ローカライズのサービスが無効になりました
[2016.02.09-04.36.23:949][  0]LogConsoleResponse:Display: 
[2016.02.09-04.36.24:135][  0]LogCook:Display: Done creating registry. It took  0.00s.
[2016.02.09-04.36.24:198][  0]LogFileCache: Scanning file cache for directory 'C:/Users/kotaoue/Documents/Unreal Projects/DJYamabiko/Content/' took 0.02s
[2016.02.09-04.36.24:198][  0]SourceControl: 情報 ソースコントロールは無効です
[2016.02.09-04.36.24:199][  0]Cmd: MAP LOAD FILE="../../../../../../Users/kotaoue/Documents/Unreal Projects/DJYamabiko/Content/RollingBP/Maps/RollingBPExampleMap.umap" TEMPLATE=0 SHOWPROGRESS=1 FEATURELEVEL=3
[2016.02.09-04.36.24:205][  0]LightingResults: New page: ライティングのビルド
[2016.02.09-04.36.24:208][  0]MapCheck: New page: マップをチェック
[2016.02.09-04.36.24:208][  0]LightingResults: New page: <何も選択されていません>
[2016.02.09-04.36.24:234][  0]LogParticles: Destroying 0 GPU particle simulations for FXSystem 0x000001A2AB4DF740
[2016.02.09-04.36.25:098][  0]LogTexture:Display: テクスチャをビルド中: HQ_Lightmap0_11 (AutoDXT)
[2016.02.09-04.36.25:235][  0]LogTexture:Display: テクスチャをビルド中: HQ_Lightmap0_13 (AutoDXT)
[2016.02.09-04.36.25:318][  0]LogTexture:Display: テクスチャをビルド中: HQ_Lightmap0_14 (AutoDXT)
[2016.02.09-04.36.25:411][  0]LogTexture:Display: テクスチャをビルド中: HQ_Lightmap0_16 (AutoDXT)
[2016.02.09-04.36.25:653][  0]LogTexture:Display: テクスチャをビルド中: HQ_Lightmap0_17 (AutoDXT)
[2016.02.09-04.36.25:745][  0]LogTexture:Display: テクスチャをビルド中: HQ_Lightmap0_18 (AutoDXT)
[2016.02.09-04.36.25:819][  0]LogTexture:Display: テクスチャをビルド中: HQ_Lightmap0_19 (AutoDXT)
[2016.02.09-04.36.26:036][  0]LogTexture:Display: テクスチャをビルド中: HQ_Lightmap0_20 (AutoDXT)
[2016.02.09-04.36.26:145][  0]LogTexture:Display: テクスチャをビルド中: HQ_Lightmap0_21 (AutoDXT)
[2016.02.09-04.36.26:218][  0]LogTexture:Display: テクスチャをビルド中: HQ_Lightmap0_9 (AutoDXT)
[2016.02.09-04.36.26:569][  0]LogTexture:Display: テクスチャをビルド中: HQ_Lightmap1_1 (AutoDXT)
[2016.02.09-04.36.29:174][  0]LogTexture:Display: テクスチャをビルド中: HQ_Lightmap1_10 (AutoDXT)
[2016.02.09-04.36.29:354][  0]LogTexture:Display: テクスチャをビルド中: HQ_Lightmap1_12 (AutoDXT)
[2016.02.09-04.36.29:540][  0]LogTexture:Display: テクスチャをビルド中: HQ_Lightmap1_15 (AutoDXT)
[2016.02.09-04.36.29:674][  0]LogTexture:Display: テクスチャをビルド中: HQ_Lightmap1_2 (AutoDXT)
[2016.02.09-04.36.31:645][  0]LogTexture:Display: テクスチャをビルド中: HQ_Lightmap1_22 (AutoDXT)
[2016.02.09-04.36.31:688][  0]LogTexture:Display: テクスチャをビルド中: HQ_Lightmap1_3 (AutoDXT)
[2016.02.09-04.36.33:797][  0]LogTexture:Display: テクスチャをビルド中: HQ_Lightmap1_4 (AutoDXT)
[2016.02.09-04.36.35:601][  0]LogTexture:Display: テクスチャをビルド中: HQ_Lightmap1_5 (AutoDXT)
[2016.02.09-04.36.37:615][  0]LogTexture:Display: テクスチャをビルド中: HQ_Lightmap1_6 (AutoDXT)
[2016.02.09-04.36.39:612][  0]LogTexture:Display: テクスチャをビルド中: HQ_Lightmap1_7 (AutoDXT)
[2016.02.09-04.36.41:665][  0]LogTexture:Display: テクスチャをビルド中: HQ_Lightmap1_8 (AutoDXT)
[2016.02.09-04.36.43:032][  0]LogTexture:Display: テクスチャをビルド中: LQ_Lightmap_0_11 (DXT1)
[2016.02.09-04.36.43:089][  0]LogTexture:Display: テクスチャをビルド中: LQ_Lightmap_0_13 (DXT1)
[2016.02.09-04.36.43:138][  0]LogTexture:Display: テクスチャをビルド中: LQ_Lightmap_0_14 (DXT1)
[2016.02.09-04.36.43:186][  0]LogTexture:Display: テクスチャをビルド中: LQ_Lightmap_0_16 (DXT1)
[2016.02.09-04.36.43:286][  0]LogTexture:Display: テクスチャをビルド中: LQ_Lightmap_0_17 (DXT1)
[2016.02.09-04.36.43:336][  0]LogTexture:Display: テクスチャをビルド中: LQ_Lightmap_0_18 (DXT1)
[2016.02.09-04.36.43:376][  0]LogTexture:Display: テクスチャをビルド中: LQ_Lightmap_0_19 (DXT1)
[2016.02.09-04.36.43:450][  0]LogTexture:Display: テクスチャをビルド中: LQ_Lightmap_0_20 (DXT1)
[2016.02.09-04.36.43:496][  0]LogTexture:Display: テクスチャをビルド中: LQ_Lightmap_0_21 (DXT1)
[2016.02.09-04.36.43:533][  0]LogTexture:Display: テクスチャをビルド中: LQ_Lightmap_0_9 (DXT1)
[2016.02.09-04.36.43:776][  0]LogTexture:Display: テクスチャをビルド中: LQ_Lightmap_1_1 (DXT1)
[2016.02.09-04.36.44:792][  0]LogTexture:Display: テクスチャをビルド中: LQ_Lightmap_1_10 (DXT1)
[2016.02.09-04.36.44:872][  0]LogTexture:Display: テクスチャをビルド中: LQ_Lightmap_1_12 (DXT1)
[2016.02.09-04.36.44:931][  0]LogTexture:Display: テクスチャをビルド中: LQ_Lightmap_1_15 (DXT1)
[2016.02.09-04.36.45:007][  0]LogTexture:Display: テクスチャをビルド中: LQ_Lightmap_1_2 (DXT1)
[2016.02.09-04.36.45:669][  0]LogTexture:Display: テクスチャをビルド中: LQ_Lightmap_1_22 (DXT1)
[2016.02.09-04.36.45:707][  0]LogTexture:Display: テクスチャをビルド中: LQ_Lightmap_1_3 (DXT1)
[2016.02.09-04.36.46:476][  0]LogTexture:Display: テクスチャをビルド中: LQ_Lightmap_1_4 (DXT1)
[2016.02.09-04.36.47:290][  0]LogTexture:Display: テクスチャをビルド中: LQ_Lightmap_1_5 (DXT1)
[2016.02.09-04.36.47:960][  0]LogTexture:Display: テクスチャをビルド中: LQ_Lightmap_1_6 (DXT1)
[2016.02.09-04.36.48:667][  0]LogTexture:Display: テクスチャをビルド中: LQ_Lightmap_1_7 (DXT1)
[2016.02.09-04.36.49:576][  0]LogTexture:Display: テクスチャをビルド中: LQ_Lightmap_1_8 (DXT1)
[2016.02.09-04.36.50:127][  0]LogTexture:Display: テクスチャをビルド中: SkyOcclusion0_11 (AutoDXT)
[2016.02.09-04.36.50:179][  0]LogTexture:Display: テクスチャをビルド中: SkyOcclusion0_13 (AutoDXT)
[2016.02.09-04.36.50:225][  0]LogTexture:Display: テクスチャをビルド中: SkyOcclusion0_14 (AutoDXT)
[2016.02.09-04.36.50:270][  0]LogTexture:Display: テクスチャをビルド中: SkyOcclusion0_16 (AutoDXT)
[2016.02.09-04.36.50:375][  0]LogTexture:Display: テクスチャをビルド中: SkyOcclusion0_17 (AutoDXT)
[2016.02.09-04.36.50:425][  0]LogTexture:Display: テクスチャをビルド中: SkyOcclusion0_18 (AutoDXT)
[2016.02.09-04.36.50:465][  0]LogTexture:Display: テクスチャをビルド中: SkyOcclusion0_19 (AutoDXT)
[2016.02.09-04.36.50:536][  0]LogTexture:Display: テクスチャをビルド中: SkyOcclusion0_20 (AutoDXT)
[2016.02.09-04.36.50:597][  0]LogTexture:Display: テクスチャをビルド中: SkyOcclusion0_21 (AutoDXT)
[2016.02.09-04.36.50:632][  0]LogTexture:Display: テクスチャをビルド中: SkyOcclusion0_9 (AutoDXT)
[2016.02.09-04.36.50:784][  0]LogTexture:Display: テクスチャをビルド中: SkyOcclusion1_1 (AutoDXT)
[2016.02.09-04.36.52:418][  0]LogTexture:Display: テクスチャをビルド中: SkyOcclusion1_10 (AutoDXT)
[2016.02.09-04.36.52:499][  0]LogTexture:Display: テクスチャをビルド中: SkyOcclusion1_12 (AutoDXT)
[2016.02.09-04.36.52:565][  0]LogTexture:Display: テクスチャをビルド中: SkyOcclusion1_15 (AutoDXT)
[2016.02.09-04.36.52:623][  0]LogTexture:Display: テクスチャをビルド中: SkyOcclusion1_2 (AutoDXT)
[2016.02.09-04.36.53:409][  0]LogTexture:Display: テクスチャをビルド中: SkyOcclusion1_22 (AutoDXT)
[2016.02.09-04.36.53:429][  0]LogTexture:Display: テクスチャをビルド中: SkyOcclusion1_3 (AutoDXT)
[2016.02.09-04.36.54:319][  0]LogTexture:Display: テクスチャをビルド中: SkyOcclusion1_4 (AutoDXT)
[2016.02.09-04.36.55:018][  0]LogTexture:Display: テクスチャをビルド中: SkyOcclusion1_5 (AutoDXT)
[2016.02.09-04.36.55:783][  0]LogTexture:Display: テクスチャをビルド中: SkyOcclusion1_6 (AutoDXT)
[2016.02.09-04.36.56:607][  0]LogTexture:Display: テクスチャをビルド中: SkyOcclusion1_7 (AutoDXT)
[2016.02.09-04.36.57:446][  0]LogTexture:Display: テクスチャをビルド中: SkyOcclusion1_8 (AutoDXT)
[2016.02.09-04.36.58:222][  0]LogAIModule: Creating AISystem for world RollingBPExampleMap
[2016.02.09-04.36.58:259][  0]LogEditorServer: Finished looking for orphan Actors (0.000 secs)
[2016.02.09-04.36.58:261][  0]Cmd: MAP CHECKDEP NOCLEARLOG
[2016.02.09-04.36.58:316][  0]MapCheck: 情報 マップチェックが完了: 0 エラー、 0 警告、完了に 55.762ミリ秒かかりました。
[2016.02.09-04.36.58:316][  0]LogFileHelpers: Loading map 'RollingBPExampleMap' took 34.118
[2016.02.09-04.36.58:506][  0]LogCollectionManager: Loaded 0 collections in 0.002152 seconds
[2016.02.09-04.36.58:573][  0]LogFileCache: Scanning file cache for directory 'C:/Users/kotaoue/Documents/Unreal Projects/DJYamabiko/Saved/Collections/' took 0.01s
[2016.02.09-04.36.58:573][  0]LogFileCache: Scanning file cache for directory 'C:/Users/kotaoue/Documents/Unreal Projects/DJYamabiko/Content/Developers/kotaoue/Collections/' took 0.01s
[2016.02.09-04.36.58:573][  0]LogFileCache: Scanning file cache for directory 'C:/Users/kotaoue/Documents/Unreal Projects/DJYamabiko/Content/Collections/' took 0.01s
[2016.02.09-04.36.58:573][  0]LogCollectionManager: Rebuilt the GUID cache for 0 collections in 0.000002 seconds
[2016.02.09-04.36.58:586][  0]LogContentBrowser: Native class hierarchy populated in 0.0117 seconds. Added 1893 classes and 338 folders.
[2016.02.09-04.36.58:601][  0]LogContentBrowser: Native class hierarchy updated for 'WidgetCarousel' in 0.0004 seconds. Added 0 classes and 0 folders.
[2016.02.09-04.36.59:001][  0]LogContentBrowser: Native class hierarchy updated for 'AddContentDialog' in 0.0005 seconds. Added 0 classes and 0 folders.
[2016.02.09-04.36.59:015][  0]LogContentBrowser: Native class hierarchy updated for 'SceneOutliner' in 0.0005 seconds. Added 1 classes and 2 folders.
[2016.02.09-04.36.59:126][  0]LogCrashTracker: Crashtracker disabled due to settings.
[2016.02.09-04.36.59:144][  0]LogUObjectGlobals:Warning: オブジェクト 'Class なし.' が見つかりませんでした
[2016.02.09-04.36.59:168][  0]LogLoad: Full Startup: 40.83 seconds (BP compile: 0.08 seconds)
[2016.02.09-04.36.59:205][  0]LogWindowsTextInputMethodSystem:Display: IME system now activated using TSF (Microsoft IME).
[2016.02.09-04.36.59:206][  0]LogWindowsTextInputMethodSystem:Display: IME system now activated using TSF (Microsoft IME).
[2016.02.09-04.36.59:216][  0]LogOcInput: Can't find Oculus library dev build: is proper Runtime installed? Version: 0.8.0.0
[2016.02.09-04.36.59:364][  0]LogContentStreaming: Texture pool size now 1000 MB
[2016.02.09-04.36.59:571][  0]LogRenderer: Reallocating scene render targets to support 944x520 (Frame:2).
[2016.02.09-04.37.00:354][  4]LogAssetRegistry: Asset discovery search completed in 37.5467 seconds
[2016.02.09-04.37.00:354][  4]LogCollectionManager: Rebuilt the object cache for 0 collections in 0.000001 seconds (found 0 objects)
[2016.02.09-04.37.00:354][  4]LogCollectionManager: Fixed up redirectors for 0 collections in 0.000024 seconds (updated 0 objects)
[2016.02.09-04.37.18:783][ 96]LogBlueprintUserMessages: Early PlayInEditor Detection: Level '/Game/RollingBP/Maps/RollingBPExampleMap.RollingBPExampleMap:PersistentLevel' has LevelScriptBlueprint '/Game/RollingBP/Maps/RollingBPExampleMap.RollingBPExampleMap:PersistentLevel.RollingBPExampleMap' with GeneratedClass '/Game/RollingBP/Maps/RollingBPExampleMap.RollingBPExampleMap_C' with ClassGeneratedBy '/Game/RollingBP/Maps/RollingBPExampleMap.RollingBPExampleMap:PersistentLevel.RollingBPExampleMap'
[2016.02.09-04.37.18:784][ 96]LogPlayLevel: PlayLevel: No blueprints needed recompiling
[2016.02.09-04.37.18:785][ 96]PIE: New page: PIEセッション: RollingBPExampleMap (2016/02/09 22:37:18)
[2016.02.09-04.37.18:785][ 96]LogPlayLevel: Creating play world package: /Game/RollingBP/Maps/UEDPIE_0_RollingBPExampleMap
[2016.02.09-04.37.18:830][ 96]LogPlayLevel: PIE: StaticDuplicateObject took: (0.045393s)
[2016.02.09-04.37.18:831][ 96]LogAIModule: Creating AISystem for world RollingBPExampleMap
[2016.02.09-04.37.18:832][ 96]LogPlayLevel: PIE: World Init took: (0.001355s)
[2016.02.09-04.37.18:832][ 96]LogPlayLevel: PIE: Created PIE world by copying editor world from /Game/RollingBP/Maps/RollingBPExampleMap.RollingBPExampleMap to /Game/RollingBP/Maps/UEDPIE_0_RollingBPExampleMap.RollingBPExampleMap (0.047220s)
[2016.02.09-04.37.18:882][ 96]LogInit: XAudio2 using 'スピーカー (Realtek High Definition Audio(SST))' : 2 channels at 48 kHz using 32 bits per sample (channel mask 0x3)
[2016.02.09-04.37.18:891][ 96]LogInit: FAudioDevice initialized.
[2016.02.09-04.37.18:950][ 96]LogWorld: Game class is 'RollingGameMode_C'
[2016.02.09-04.37.18:964][ 96]LogWorld: Bringing World /Game/RollingBP/Maps/UEDPIE_0_RollingBPExampleMap.RollingBPExampleMap up for play (max tick rate 60) at 2016.02.09-13.37.18
[2016.02.09-04.37.18:964][ 96]LogActor:Warning: GameSession /Game/RollingBP/Maps/UEDPIE_0_RollingBPExampleMap.RollingBPExampleMap:PersistentLevel.GameSession_0 has natively added scene component(s), but none of them were set as the actor's RootComponent - picking one arbitrarily
[2016.02.09-04.37.18:965][ 96]LogActor:Warning: GameNetworkManager /Game/RollingBP/Maps/UEDPIE_0_RollingBPExampleMap.RollingBPExampleMap:PersistentLevel.GameNetworkManager_0 has natively added scene component(s), but none of them were set as the actor's RootComponent - picking one arbitrarily
[2016.02.09-04.37.18:965][ 96]LogWorld: Bringing up level for play took: 0.012355
[2016.02.09-04.37.18:988][ 96]PIE: 情報 /Game/RollingBP/Maps/UEDPIE_0_RollingBPExampleMap 0.979のプレイ イン エディタの開始時間
[2016.02.09-04.37.18:988][ 96]LogBlueprintUserMessages: Late PlayInEditor Detection: Level '/Game/RollingBP/Maps/RollingBPExampleMap.RollingBPExampleMap:PersistentLevel' has LevelScriptBlueprint '/Game/RollingBP/Maps/RollingBPExampleMap.RollingBPExampleMap:PersistentLevel.RollingBPExampleMap' with GeneratedClass '/Game/RollingBP/Maps/RollingBPExampleMap.RollingBPExampleMap_C' with ClassGeneratedBy '/Game/RollingBP/Maps/RollingBPExampleMap.RollingBPExampleMap:PersistentLevel.RollingBPExampleMap'
[2016.02.09-04.49.02:062][200]LogBlueprintUserMessages: Early EndPlayMap Detection: Level '/Game/RollingBP/Maps/RollingBPExampleMap.RollingBPExampleMap:PersistentLevel' has LevelScriptBlueprint '/Game/RollingBP/Maps/RollingBPExampleMap.RollingBPExampleMap:PersistentLevel.RollingBPExampleMap' with GeneratedClass '/Game/RollingBP/Maps/RollingBPExampleMap.RollingBPExampleMap_C' with ClassGeneratedBy '/Game/RollingBP/Maps/RollingBPExampleMap.RollingBPExampleMap:PersistentLevel.RollingBPExampleMap'
[2016.02.09-04.49.02:137][200]LogBlueprintUserMessages: Late EndPlayMap Detection: Level '/Game/RollingBP/Maps/RollingBPExampleMap.RollingBPExampleMap:PersistentLevel' has LevelScriptBlueprint '/Game/RollingBP/Maps/RollingBPExampleMap.RollingBPExampleMap:PersistentLevel.RollingBPExampleMap' with GeneratedClass '/Game/RollingBP/Maps/RollingBPExampleMap.RollingBPExampleMap_C' with ClassGeneratedBy '/Game/RollingBP/Maps/RollingBPExampleMap.RollingBPExampleMap:PersistentLevel.RollingBPExampleMap'
[2016.02.09-04.49.02:168][200]LogParticles: Destroying 0 GPU particle simulations for FXSystem 0x000001A2B8BB1120
[2016.02.09-04.49.03:922][300]LogEditorViewport: Clicking on Actor (LMB): PhysicsBallBP_C (PhysicsBallBP)
[2016.02.09-04.51.39:591][ 58]LogBlueprintUserMessages: Early PlayInEditor Detection: Level '/Game/RollingBP/Maps/RollingBPExampleMap.RollingBPExampleMap:PersistentLevel' has LevelScriptBlueprint '/Game/RollingBP/Maps/RollingBPExampleMap.RollingBPExampleMap:PersistentLevel.RollingBPExampleMap' with GeneratedClass '/Game/RollingBP/Maps/RollingBPExampleMap.RollingBPExampleMap_C' with ClassGeneratedBy '/Game/RollingBP/Maps/RollingBPExampleMap.RollingBPExampleMap:PersistentLevel.RollingBPExampleMap'
[2016.02.09-04.51.39:591][ 58]LogPlayLevel: PlayLevel: No blueprints needed recompiling
[2016.02.09-04.51.39:592][ 58]PIE: New page: PIEセッション: RollingBPExampleMap (2016/02/09 22:51:39)
[2016.02.09-04.51.39:592][ 58]LogPlayLevel: Creating play world package: /Game/RollingBP/Maps/UEDPIE_0_RollingBPExampleMap
[2016.02.09-04.51.39:637][ 58]LogPlayLevel: PIE: StaticDuplicateObject took: (0.045065s)
[2016.02.09-04.51.39:638][ 58]LogAIModule: Creating AISystem for world RollingBPExampleMap
[2016.02.09-04.51.39:639][ 58]LogPlayLevel: PIE: World Init took: (0.001719s)
[2016.02.09-04.51.39:639][ 58]LogPlayLevel: PIE: Created PIE world by copying editor world from /Game/RollingBP/Maps/RollingBPExampleMap.RollingBPExampleMap to /Game/RollingBP/Maps/UEDPIE_0_RollingBPExampleMap.RollingBPExampleMap (0.047347s)
[2016.02.09-04.51.39:713][ 58]LogInit: XAudio2 using 'スピーカー (Realtek High Definition Audio(SST))' : 2 channels at 48 kHz using 32 bits per sample (channel mask 0x3)
[2016.02.09-04.51.39:721][ 58]LogInit: FAudioDevice initialized.
[2016.02.09-04.51.39:761][ 58]LogWorld: Game class is 'RollingGameMode_C'
[2016.02.09-04.51.39:773][ 58]LogWorld: Bringing World /Game/RollingBP/Maps/UEDPIE_0_RollingBPExampleMap.RollingBPExampleMap up for play (max tick rate 60) at 2016.02.09-13.51.39
[2016.02.09-04.51.39:773][ 58]LogActor:Warning: GameSession /Game/RollingBP/Maps/UEDPIE_0_RollingBPExampleMap.RollingBPExampleMap:PersistentLevel.GameSession_1 has natively added scene component(s), but none of them were set as the actor's RootComponent - picking one arbitrarily
[2016.02.09-04.51.39:773][ 58]LogActor:Warning: GameNetworkManager /Game/RollingBP/Maps/UEDPIE_0_RollingBPExampleMap.RollingBPExampleMap:PersistentLevel.GameNetworkManager_1 has natively added scene component(s), but none of them were set as the actor's RootComponent - picking one arbitrarily
[2016.02.09-04.51.39:773][ 58]LogWorld: Bringing up level for play took: 0.011767
[2016.02.09-04.51.39:775][ 58]PIE: 情報 /Game/RollingBP/Maps/UEDPIE_0_RollingBPExampleMap -0.234のプレイ イン エディタの開始時間
[2016.02.09-04.51.39:775][ 58]LogBlueprintUserMessages: Late PlayInEditor Detection: Level '/Game/RollingBP/Maps/RollingBPExampleMap.RollingBPExampleMap:PersistentLevel' has LevelScriptBlueprint '/Game/RollingBP/Maps/RollingBPExampleMap.RollingBPExampleMap:PersistentLevel.RollingBPExampleMap' with GeneratedClass '/Game/RollingBP/Maps/RollingBPExampleMap.RollingBPExampleMap_C' with ClassGeneratedBy '/Game/RollingBP/Maps/RollingBPExampleMap.RollingBPExampleMap:PersistentLevel.RollingBPExampleMap'
[2016.02.09-04.51.46:838][476]LogBlueprintUserMessages: Early EndPlayMap Detection: Level '/Game/RollingBP/Maps/RollingBPExampleMap.RollingBPExampleMap:PersistentLevel' has LevelScriptBlueprint '/Game/RollingBP/Maps/RollingBPExampleMap.RollingBPExampleMap:PersistentLevel.RollingBPExampleMap' with GeneratedClass '/Game/RollingBP/Maps/RollingBPExampleMap.RollingBPExampleMap_C' with ClassGeneratedBy '/Game/RollingBP/Maps/RollingBPExampleMap.RollingBPExampleMap:PersistentLevel.RollingBPExampleMap'
[2016.02.09-04.51.46:900][476]LogBlueprintUserMessages: Late EndPlayMap Detection: Level '/Game/RollingBP/Maps/RollingBPExampleMap.RollingBPExampleMap:PersistentLevel' has LevelScriptBlueprint '/Game/RollingBP/Maps/RollingBPExampleMap.RollingBPExampleMap:PersistentLevel.RollingBPExampleMap' with GeneratedClass '/Game/RollingBP/Maps/RollingBPExampleMap.RollingBPExampleMap_C' with ClassGeneratedBy '/Game/RollingBP/Maps/RollingBPExampleMap.RollingBPExampleMap:PersistentLevel.RollingBPExampleMap'
[2016.02.09-04.51.46:929][476]LogParticles: Destroying 0 GPU particle simulations for FXSystem 0x000001A29EA71800
[2016.02.09-04.52.50:025][862]LogBlueprintUserMessages: Early PlayInEditor Detection: Level '/Game/RollingBP/Maps/RollingBPExampleMap.RollingBPExampleMap:PersistentLevel' has LevelScriptBlueprint '/Game/RollingBP/Maps/RollingBPExampleMap.RollingBPExampleMap:PersistentLevel.RollingBPExampleMap' with GeneratedClass '/Game/RollingBP/Maps/RollingBPExampleMap.RollingBPExampleMap_C' with ClassGeneratedBy '/Game/RollingBP/Maps/RollingBPExampleMap.RollingBPExampleMap:PersistentLevel.RollingBPExampleMap'
[2016.02.09-04.52.50:025][862]LogPlayLevel: PlayLevel: No blueprints needed recompiling
[2016.02.09-04.52.50:025][862]PIE: New page: PIEセッション: RollingBPExampleMap (2016/02/09 22:52:50)
[2016.02.09-04.52.50:025][862]LogPlayLevel: Creating play world package: /Game/RollingBP/Maps/UEDPIE_0_RollingBPExampleMap
[2016.02.09-04.52.50:065][862]LogPlayLevel: PIE: StaticDuplicateObject took: (0.040018s)
[2016.02.09-04.52.50:067][862]LogAIModule: Creating AISystem for world RollingBPExampleMap
[2016.02.09-04.52.50:067][862]LogPlayLevel: PIE: World Init took: (0.001733s)
[2016.02.09-04.52.50:067][862]LogPlayLevel: PIE: Created PIE world by copying editor world from /Game/RollingBP/Maps/RollingBPExampleMap.RollingBPExampleMap to /Game/RollingBP/Maps/UEDPIE_0_RollingBPExampleMap.RollingBPExampleMap (0.042224s)
[2016.02.09-04.52.50:132][862]LogInit: XAudio2 using 'スピーカー (Realtek High Definition Audio(SST))' : 2 channels at 48 kHz using 32 bits per sample (channel mask 0x3)
[2016.02.09-04.52.50:139][862]LogInit: FAudioDevice initialized.
[2016.02.09-04.52.50:178][862]LogWorld: Game class is 'RollingGameMode_C'
[2016.02.09-04.52.50:190][862]LogWorld: Bringing World /Game/RollingBP/Maps/UEDPIE_0_RollingBPExampleMap.RollingBPExampleMap up for play (max tick rate 60) at 2016.02.09-13.52.50
[2016.02.09-04.52.50:190][862]LogActor:Warning: GameSession /Game/RollingBP/Maps/UEDPIE_0_RollingBPExampleMap.RollingBPExampleMap:PersistentLevel.GameSession_2 has natively added scene component(s), but none of them were set as the actor's RootComponent - picking one arbitrarily
[2016.02.09-04.52.50:190][862]LogActor:Warning: GameNetworkManager /Game/RollingBP/Maps/UEDPIE_0_RollingBPExampleMap.RollingBPExampleMap:PersistentLevel.GameNetworkManager_2 has natively added scene component(s), but none of them were set as the actor's RootComponent - picking one arbitrarily
[2016.02.09-04.52.50:191][862]LogWorld: Bringing up level for play took: 0.012056
[2016.02.09-04.52.50:192][862]PIE: 情報 /Game/RollingBP/Maps/UEDPIE_0_RollingBPExampleMap 0.183のプレイ イン エディタの開始時間
[2016.02.09-04.52.50:192][862]LogBlueprintUserMessages: Late PlayInEditor Detection: Level '/Game/RollingBP/Maps/RollingBPExampleMap.RollingBPExampleMap:PersistentLevel' has LevelScriptBlueprint '/Game/RollingBP/Maps/RollingBPExampleMap.RollingBPExampleMap:PersistentLevel.RollingBPExampleMap' with GeneratedClass '/Game/RollingBP/Maps/RollingBPExampleMap.RollingBPExampleMap_C' with ClassGeneratedBy '/Game/RollingBP/Maps/RollingBPExampleMap.RollingBPExampleMap:PersistentLevel.RollingBPExampleMap'
[2016.02.09-04.52.54:361][105]LogBlueprintUserMessages: Early EndPlayMap Detection: Level '/Game/RollingBP/Maps/RollingBPExampleMap.RollingBPExampleMap:PersistentLevel' has LevelScriptBlueprint '/Game/RollingBP/Maps/RollingBPExampleMap.RollingBPExampleMap:PersistentLevel.RollingBPExampleMap' with GeneratedClass '/Game/RollingBP/Maps/RollingBPExampleMap.RollingBPExampleMap_C' with ClassGeneratedBy '/Game/RollingBP/Maps/RollingBPExampleMap.RollingBPExampleMap:PersistentLevel.RollingBPExampleMap'
[2016.02.09-04.52.54:424][105]LogBlueprintUserMessages: Late EndPlayMap Detection: Level '/Game/RollingBP/Maps/RollingBPExampleMap.RollingBPExampleMap:PersistentLevel' has LevelScriptBlueprint '/Game/RollingBP/Maps/RollingBPExampleMap.RollingBPExampleMap:PersistentLevel.RollingBPExampleMap' with GeneratedClass '/Game/RollingBP/Maps/RollingBPExampleMap.RollingBPExampleMap_C' with ClassGeneratedBy '/Game/RollingBP/Maps/RollingBPExampleMap.RollingBPExampleMap:PersistentLevel.RollingBPExampleMap'
[2016.02.09-04.52.54:454][105]LogParticles: Destroying 0 GPU particle simulations for FXSystem 0x000001A29EA3D620
[2016.02.09-04.53.06:804][810]Cmd: TRANSACTION UNDO
[2016.02.09-04.53.06:804][810]LogEditorTransaction: Undo コンポーネントをクリック（ツリービュー）
[2016.02.09-04.53.09:181][936]Cmd: TRANSACTION UNDO
[2016.02.09-04.53.09:182][936]LogEditorTransaction: Undo Target Arm Length を編集
[2016.02.09-04.53.50:450][328]LogBlueprintUserMessages: Early PlayInEditor Detection: Level '/Game/RollingBP/Maps/RollingBPExampleMap.RollingBPExampleMap:PersistentLevel' has LevelScriptBlueprint '/Game/RollingBP/Maps/RollingBPExampleMap.RollingBPExampleMap:PersistentLevel.RollingBPExampleMap' with GeneratedClass '/Game/RollingBP/Maps/RollingBPExampleMap.RollingBPExampleMap_C' with ClassGeneratedBy '/Game/RollingBP/Maps/RollingBPExampleMap.RollingBPExampleMap:PersistentLevel.RollingBPExampleMap'
[2016.02.09-04.53.50:450][328]LogPlayLevel: PlayLevel: No blueprints needed recompiling
[2016.02.09-04.53.50:450][328]PIE: New page: PIEセッション: RollingBPExampleMap (2016/02/09 22:53:50)
[2016.02.09-04.53.50:450][328]LogPlayLevel: Creating play world package: /Game/RollingBP/Maps/UEDPIE_0_RollingBPExampleMap
[2016.02.09-04.53.50:490][328]LogPlayLevel: PIE: StaticDuplicateObject took: (0.039230s)
[2016.02.09-04.53.50:491][328]LogAIModule: Creating AISystem for world RollingBPExampleMap
[2016.02.09-04.53.50:491][328]LogPlayLevel: PIE: World Init took: (0.001392s)
[2016.02.09-04.53.50:492][328]LogPlayLevel: PIE: Created PIE world by copying editor world from /Game/RollingBP/Maps/RollingBPExampleMap.RollingBPExampleMap to /Game/RollingBP/Maps/UEDPIE_0_RollingBPExampleMap.RollingBPExampleMap (0.041048s)
[2016.02.09-04.53.50:563][328]LogInit: XAudio2 using 'スピーカー (Realtek High Definition Audio(SST))' : 2 channels at 48 kHz using 32 bits per sample (channel mask 0x3)
[2016.02.09-04.53.50:571][328]LogInit: FAudioDevice initialized.
[2016.02.09-04.53.50:610][328]LogWorld: Game class is 'RollingGameMode_C'
[2016.02.09-04.53.50:621][328]LogWorld: Bringing World /Game/RollingBP/Maps/UEDPIE_0_RollingBPExampleMap.RollingBPExampleMap up for play (max tick rate 60) at 2016.02.09-13.53.50
[2016.02.09-04.53.50:621][328]LogActor:Warning: GameSession /Game/RollingBP/Maps/UEDPIE_0_RollingBPExampleMap.RollingBPExampleMap:PersistentLevel.GameSession_3 has natively added scene component(s), but none of them were set as the actor's RootComponent - picking one arbitrarily
[2016.02.09-04.53.50:621][328]LogActor:Warning: GameNetworkManager /Game/RollingBP/Maps/UEDPIE_0_RollingBPExampleMap.RollingBPExampleMap:PersistentLevel.GameNetworkManager_3 has natively added scene component(s), but none of them were set as the actor's RootComponent - picking one arbitrarily
[2016.02.09-04.53.50:622][328]LogWorld: Bringing up level for play took: 0.011640
[2016.02.09-04.53.50:623][328]PIE: 情報 /Game/RollingBP/Maps/UEDPIE_0_RollingBPExampleMap 0.615のプレイ イン エディタの開始時間
[2016.02.09-04.53.50:623][328]LogBlueprintUserMessages: Late PlayInEditor Detection: Level '/Game/RollingBP/Maps/RollingBPExampleMap.RollingBPExampleMap:PersistentLevel' has LevelScriptBlueprint '/Game/RollingBP/Maps/RollingBPExampleMap.RollingBPExampleMap:PersistentLevel.RollingBPExampleMap' with GeneratedClass '/Game/RollingBP/Maps/RollingBPExampleMap.RollingBPExampleMap_C' with ClassGeneratedBy '/Game/RollingBP/Maps/RollingBPExampleMap.RollingBPExampleMap:PersistentLevel.RollingBPExampleMap'
[2016.02.09-04.53.58:086][770]LogBlueprintUserMessages: Early EndPlayMap Detection: Level '/Game/RollingBP/Maps/RollingBPExampleMap.RollingBPExampleMap:PersistentLevel' has LevelScriptBlueprint '/Game/RollingBP/Maps/RollingBPExampleMap.RollingBPExampleMap:PersistentLevel.RollingBPExampleMap' with GeneratedClass '/Game/RollingBP/Maps/RollingBPExampleMap.RollingBPExampleMap_C' with ClassGeneratedBy '/Game/RollingBP/Maps/RollingBPExampleMap.RollingBPExampleMap:PersistentLevel.RollingBPExampleMap'
[2016.02.09-04.53.58:142][770]LogBlueprintUserMessages: Late EndPlayMap Detection: Level '/Game/RollingBP/Maps/RollingBPExampleMap.RollingBPExampleMap:PersistentLevel' has LevelScriptBlueprint '/Game/RollingBP/Maps/RollingBPExampleMap.RollingBPExampleMap:PersistentLevel.RollingBPExampleMap' with GeneratedClass '/Game/RollingBP/Maps/RollingBPExampleMap.RollingBPExampleMap_C' with ClassGeneratedBy '/Game/RollingBP/Maps/RollingBPExampleMap.RollingBPExampleMap:PersistentLevel.RollingBPExampleMap'
[2016.02.09-04.53.58:172][770]LogParticles: Destroying 0 GPU particle simulations for FXSystem 0x000001A29B76B1A0
[2016.02.09-04.54.53:770][ 21]LogActorComponent: ~FComponentReregisterContext: (/Game/RollingBP/Maps/RollingBPExampleMap.RollingBPExampleMap:PersistentLevel.PhysicsBallBP_C_1.SpringArm) Component already registered.
[2016.02.09-04.54.59:038][320]LogActorComponent: ~FComponentReregisterContext: (/Game/RollingBP/Maps/RollingBPExampleMap.RollingBPExampleMap:PersistentLevel.PhysicsBallBP_C_1.SpringArm) Component already registered.
[2016.02.09-04.55.03:154][557]LogActorComponent: ~FComponentReregisterContext: (/Game/RollingBP/Maps/RollingBPExampleMap.RollingBPExampleMap:PersistentLevel.PhysicsBallBP_C_1.SpringArm) Component already registered.
[2016.02.09-04.55.05:530][693]Cmd: ACTOR SELECT ALL
[2016.02.09-04.55.09:328][914]LogActorComponent: ~FComponentReregisterContext: (/Game/RollingBP/Maps/RollingBPExampleMap.RollingBPExampleMap:PersistentLevel.PhysicsBallBP_C_1.SpringArm) Component already registered.
[2016.02.09-04.55.11:861][ 56]LogBlueprintUserMessages: Early PlayInEditor Detection: Level '/Game/RollingBP/Maps/RollingBPExampleMap.RollingBPExampleMap:PersistentLevel' has LevelScriptBlueprint '/Game/RollingBP/Maps/RollingBPExampleMap.RollingBPExampleMap:PersistentLevel.RollingBPExampleMap' with GeneratedClass '/Game/RollingBP/Maps/RollingBPExampleMap.RollingBPExampleMap_C' with ClassGeneratedBy '/Game/RollingBP/Maps/RollingBPExampleMap.RollingBPExampleMap:PersistentLevel.RollingBPExampleMap'
[2016.02.09-04.55.11:861][ 56]LogPlayLevel: PlayLevel: No blueprints needed recompiling
[2016.02.09-04.55.11:861][ 56]PIE: New page: PIEセッション: RollingBPExampleMap (2016/02/09 22:55:11)
[2016.02.09-04.55.11:861][ 56]LogPlayLevel: Creating play world package: /Game/RollingBP/Maps/UEDPIE_0_RollingBPExampleMap
[2016.02.09-04.55.11:901][ 56]LogPlayLevel: PIE: StaticDuplicateObject took: (0.039678s)
[2016.02.09-04.55.11:902][ 56]LogAIModule: Creating AISystem for world RollingBPExampleMap
[2016.02.09-04.55.11:902][ 56]LogPlayLevel: PIE: World Init took: (0.001302s)
[2016.02.09-04.55.11:903][ 56]LogPlayLevel: PIE: Created PIE world by copying editor world from /Game/RollingBP/Maps/RollingBPExampleMap.RollingBPExampleMap to /Game/RollingBP/Maps/UEDPIE_0_RollingBPExampleMap.RollingBPExampleMap (0.041349s)
[2016.02.09-04.55.11:969][ 56]LogInit: XAudio2 using 'スピーカー (Realtek High Definition Audio(SST))' : 2 channels at 48 kHz using 32 bits per sample (channel mask 0x3)
[2016.02.09-04.55.11:977][ 56]LogInit: FAudioDevice initialized.
[2016.02.09-04.55.12:013][ 56]LogWorld: Game class is 'RollingGameMode_C'
[2016.02.09-04.55.12:026][ 56]LogWorld: Bringing World /Game/RollingBP/Maps/UEDPIE_0_RollingBPExampleMap.RollingBPExampleMap up for play (max tick rate 60) at 2016.02.09-13.55.12
[2016.02.09-04.55.12:026][ 56]LogActor:Warning: GameSession /Game/RollingBP/Maps/UEDPIE_0_RollingBPExampleMap.RollingBPExampleMap:PersistentLevel.GameSession_4 has natively added scene component(s), but none of them were set as the actor's RootComponent - picking one arbitrarily
[2016.02.09-04.55.12:026][ 56]LogActor:Warning: GameNetworkManager /Game/RollingBP/Maps/UEDPIE_0_RollingBPExampleMap.RollingBPExampleMap:PersistentLevel.GameNetworkManager_4 has natively added scene component(s), but none of them were set as the actor's RootComponent - picking one arbitrarily
[2016.02.09-04.55.12:027][ 56]LogWorld: Bringing up level for play took: 0.012728
[2016.02.09-04.55.12:028][ 56]PIE: 情報 /Game/RollingBP/Maps/UEDPIE_0_RollingBPExampleMap 0.019のプレイ イン エディタの開始時間
[2016.02.09-04.55.12:028][ 56]LogBlueprintUserMessages: Late PlayInEditor Detection: Level '/Game/RollingBP/Maps/RollingBPExampleMap.RollingBPExampleMap:PersistentLevel' has LevelScriptBlueprint '/Game/RollingBP/Maps/RollingBPExampleMap.RollingBPExampleMap:PersistentLevel.RollingBPExampleMap' with GeneratedClass '/Game/RollingBP/Maps/RollingBPExampleMap.RollingBPExampleMap_C' with ClassGeneratedBy '/Game/RollingBP/Maps/RollingBPExampleMap.RollingBPExampleMap:PersistentLevel.RollingBPExampleMap'
[2016.02.09-04.55.28:912][ 63]LogBlueprintUserMessages: Early EndPlayMap Detection: Level '/Game/RollingBP/Maps/RollingBPExampleMap.RollingBPExampleMap:PersistentLevel' has LevelScriptBlueprint '/Game/RollingBP/Maps/RollingBPExampleMap.RollingBPExampleMap:PersistentLevel.RollingBPExampleMap' with GeneratedClass '/Game/RollingBP/Maps/RollingBPExampleMap.RollingBPExampleMap_C' with ClassGeneratedBy '/Game/RollingBP/Maps/RollingBPExampleMap.RollingBPExampleMap:PersistentLevel.RollingBPExampleMap'
[2016.02.09-04.55.28:974][ 63]LogBlueprintUserMessages: Late EndPlayMap Detection: Level '/Game/RollingBP/Maps/RollingBPExampleMap.RollingBPExampleMap:PersistentLevel' has LevelScriptBlueprint '/Game/RollingBP/Maps/RollingBPExampleMap.RollingBPExampleMap:PersistentLevel.RollingBPExampleMap' with GeneratedClass '/Game/RollingBP/Maps/RollingBPExampleMap.RollingBPExampleMap_C' with ClassGeneratedBy '/Game/RollingBP/Maps/RollingBPExampleMap.RollingBPExampleMap:PersistentLevel.RollingBPExampleMap'
[2016.02.09-04.55.29:004][ 63]LogParticles: Destroying 0 GPU particle simulations for FXSystem 0x000001A2DD58C220
[2016.02.09-04.55.34:766][405]LogEditorViewport: Clicking on Actor (LMB): StaticMeshActor (TemplateCube_Rounded)
[2016.02.09-04.56.24:917][257]LogEditorViewport: Clicking on Actor (LMB): PhysicsBallBP_C (PhysicsBallBP)
[2016.02.09-04.56.34:770][813]LogBlueprintUserMessages: Early PlayInEditor Detection: Level '/Game/RollingBP/Maps/RollingBPExampleMap.RollingBPExampleMap:PersistentLevel' has LevelScriptBlueprint '/Game/RollingBP/Maps/RollingBPExampleMap.RollingBPExampleMap:PersistentLevel.RollingBPExampleMap' with GeneratedClass '/Game/RollingBP/Maps/RollingBPExampleMap.RollingBPExampleMap_C' with ClassGeneratedBy '/Game/RollingBP/Maps/RollingBPExampleMap.RollingBPExampleMap:PersistentLevel.RollingBPExampleMap'
[2016.02.09-04.56.34:771][813]LogPlayLevel: PlayLevel: No blueprints needed recompiling
[2016.02.09-04.56.34:771][813]PIE: New page: PIEセッション: RollingBPExampleMap (2016/02/09 22:56:34)
[2016.02.09-04.56.34:771][813]LogPlayLevel: Creating play world package: /Game/RollingBP/Maps/UEDPIE_0_RollingBPExampleMap
[2016.02.09-04.56.34:816][813]LogPlayLevel: PIE: StaticDuplicateObject took: (0.045398s)
[2016.02.09-04.56.34:817][813]LogAIModule: Creating AISystem for world RollingBPExampleMap
[2016.02.09-04.56.34:818][813]LogPlayLevel: PIE: World Init took: (0.001434s)
[2016.02.09-04.56.34:818][813]LogPlayLevel: PIE: Created PIE world by copying editor world from /Game/RollingBP/Maps/RollingBPExampleMap.RollingBPExampleMap to /Game/RollingBP/Maps/UEDPIE_0_RollingBPExampleMap.RollingBPExampleMap (0.047239s)
[2016.02.09-04.56.34:891][813]LogInit: XAudio2 using 'スピーカー (Realtek High Definition Audio(SST))' : 2 channels at 48 kHz using 32 bits per sample (channel mask 0x3)
[2016.02.09-04.56.34:899][813]LogInit: FAudioDevice initialized.
[2016.02.09-04.56.34:946][813]LogWorld: Game class is 'RollingGameMode_C'
[2016.02.09-04.56.34:968][813]LogWorld: Bringing World /Game/RollingBP/Maps/UEDPIE_0_RollingBPExampleMap.RollingBPExampleMap up for play (max tick rate 60) at 2016.02.09-13.56.34
[2016.02.09-04.56.34:968][813]LogActor:Warning: GameSession /Game/RollingBP/Maps/UEDPIE_0_RollingBPExampleMap.RollingBPExampleMap:PersistentLevel.GameSession_5 has natively added scene component(s), but none of them were set as the actor's RootComponent - picking one arbitrarily
[2016.02.09-04.56.34:968][813]LogActor:Warning: GameNetworkManager /Game/RollingBP/Maps/UEDPIE_0_RollingBPExampleMap.RollingBPExampleMap:PersistentLevel.GameNetworkManager_5 has natively added scene component(s), but none of them were set as the actor's RootComponent - picking one arbitrarily
[2016.02.09-04.56.34:969][813]LogWorld: Bringing up level for play took: 0.022223
[2016.02.09-04.56.34:972][813]PIE: 情報 /Game/RollingBP/Maps/UEDPIE_0_RollingBPExampleMap 0.963のプレイ イン エディタの開始時間
[2016.02.09-04.56.34:972][813]LogBlueprintUserMessages: Late PlayInEditor Detection: Level '/Game/RollingBP/Maps/RollingBPExampleMap.RollingBPExampleMap:PersistentLevel' has LevelScriptBlueprint '/Game/RollingBP/Maps/RollingBPExampleMap.RollingBPExampleMap:PersistentLevel.RollingBPExampleMap' with GeneratedClass '/Game/RollingBP/Maps/RollingBPExampleMap.RollingBPExampleMap_C' with ClassGeneratedBy '/Game/RollingBP/Maps/RollingBPExampleMap.RollingBPExampleMap:PersistentLevel.RollingBPExampleMap'
[2016.02.09-04.56.41:774][215]LogBlueprintUserMessages: Early EndPlayMap Detection: Level '/Game/RollingBP/Maps/RollingBPExampleMap.RollingBPExampleMap:PersistentLevel' has LevelScriptBlueprint '/Game/RollingBP/Maps/RollingBPExampleMap.RollingBPExampleMap:PersistentLevel.RollingBPExampleMap' with GeneratedClass '/Game/RollingBP/Maps/RollingBPExampleMap.RollingBPExampleMap_C' with ClassGeneratedBy '/Game/RollingBP/Maps/RollingBPExampleMap.RollingBPExampleMap:PersistentLevel.RollingBPExampleMap'
[2016.02.09-04.56.41:835][215]LogBlueprintUserMessages: Late EndPlayMap Detection: Level '/Game/RollingBP/Maps/RollingBPExampleMap.RollingBPExampleMap:PersistentLevel' has LevelScriptBlueprint '/Game/RollingBP/Maps/RollingBPExampleMap.RollingBPExampleMap:PersistentLevel.RollingBPExampleMap' with GeneratedClass '/Game/RollingBP/Maps/RollingBPExampleMap.RollingBPExampleMap_C' with ClassGeneratedBy '/Game/RollingBP/Maps/RollingBPExampleMap.RollingBPExampleMap:PersistentLevel.RollingBPExampleMap'
[2016.02.09-04.56.41:866][215]LogParticles: Destroying 0 GPU particle simulations for FXSystem 0x000001A2E9E3A5C0
[2016.02.09-04.57.16:062][158]LogEditorViewport: Clicking on Actor (LMB): StaticMeshActor (Ground)
[2016.02.09-04.57.19:512][340]LogEditorViewport: Clicking on Actor (LMB): PhysicsBallBP_C (PhysicsBallBP)
[2016.02.09-04.57.23:702][583]LogEditorViewport: Clicking on Actor (LMB): StaticMeshActor (Ground)
[2016.02.09-04.57.25:189][664]Cmd: TRANSACTION UNDO
[2016.02.09-04.57.25:189][664]LogEditorTransaction: Undo アクタをクリック
[2016.02.09-04.57.26:279][711]LogEditorViewport: Clicking on Actor (LMB): StaticMeshActor (Ground)
[2016.02.09-04.57.28:605][842]Cmd: TRANSACTION UNDO
[2016.02.09-04.57.28:605][842]LogEditorTransaction: Undo アクタをクリック
[2016.02.09-04.57.29:755][894]LogEditorViewport: Clicking on Actor (LMB): StaticMeshActor (Ground)
[2016.02.09-04.57.30:944][958]Cmd: TRANSACTION UNDO
[2016.02.09-04.57.30:944][958]LogEditorTransaction: Undo アクタをクリック
[2016.02.09-04.57.31:394][979]Cmd: TRANSACTION UNDO
[2016.02.09-04.57.31:394][979]LogEditorTransaction: Undo アクタをクリック
[2016.02.09-04.57.31:878][  1]Cmd: TRANSACTION UNDO
[2016.02.09-04.57.31:878][  1]LogEditorTransaction: Undo アクタをクリック
[2016.02.09-04.57.32:306][ 21]Cmd: TRANSACTION UNDO
[2016.02.09-04.57.32:306][ 21]LogEditorTransaction: Undo コンポーネントをクリック（ツリービュー）
[2016.02.09-04.57.33:791][107]LogEditorViewport: Clicking on Actor (LMB): StaticMeshActor (Ground)
[2016.02.09-04.57.35:049][173]LogEditorViewport: Clicking on Actor (LMB): StaticMeshActor (Ground)
[2016.02.09-04.57.36:142][237]LogEditorViewport: Clicking on Actor (LMB): PhysicsBallBP_C (PhysicsBallBP)
[2016.02.09-04.57.38:016][339]LogBlueprintUserMessages: Early PlayInEditor Detection: Level '/Game/RollingBP/Maps/RollingBPExampleMap.RollingBPExampleMap:PersistentLevel' has LevelScriptBlueprint '/Game/RollingBP/Maps/RollingBPExampleMap.RollingBPExampleMap:PersistentLevel.RollingBPExampleMap' with GeneratedClass '/Game/RollingBP/Maps/RollingBPExampleMap.RollingBPExampleMap_C' with ClassGeneratedBy '/Game/RollingBP/Maps/RollingBPExampleMap.RollingBPExampleMap:PersistentLevel.RollingBPExampleMap'
[2016.02.09-04.57.38:016][339]LogPlayLevel: PlayLevel: No blueprints needed recompiling
[2016.02.09-04.57.38:016][339]PIE: New page: PIEセッション: RollingBPExampleMap (2016/02/09 22:57:38)
[2016.02.09-04.57.38:016][339]LogPlayLevel: Creating play world package: /Game/RollingBP/Maps/UEDPIE_0_RollingBPExampleMap
[2016.02.09-04.57.38:058][339]LogPlayLevel: PIE: StaticDuplicateObject took: (0.041331s)
[2016.02.09-04.57.38:060][339]LogAIModule: Creating AISystem for world RollingBPExampleMap
[2016.02.09-04.57.38:060][339]LogPlayLevel: PIE: World Init took: (0.001648s)
[2016.02.09-04.57.38:060][339]LogPlayLevel: PIE: Created PIE world by copying editor world from /Game/RollingBP/Maps/RollingBPExampleMap.RollingBPExampleMap to /Game/RollingBP/Maps/UEDPIE_0_RollingBPExampleMap.RollingBPExampleMap (0.043481s)
[2016.02.09-04.57.38:123][339]LogInit: XAudio2 using 'スピーカー (Realtek High Definition Audio(SST))' : 2 channels at 48 kHz using 32 bits per sample (channel mask 0x3)
[2016.02.09-04.57.38:131][339]LogInit: FAudioDevice initialized.
[2016.02.09-04.57.38:174][339]LogWorld: Game class is 'RollingGameMode_C'
[2016.02.09-04.57.38:191][339]LogWorld: Bringing World /Game/RollingBP/Maps/UEDPIE_0_RollingBPExampleMap.RollingBPExampleMap up for play (max tick rate 60) at 2016.02.09-13.57.38
[2016.02.09-04.57.38:191][339]LogActor:Warning: GameSession /Game/RollingBP/Maps/UEDPIE_0_RollingBPExampleMap.RollingBPExampleMap:PersistentLevel.GameSession_6 has natively added scene component(s), but none of them were set as the actor's RootComponent - picking one arbitrarily
[2016.02.09-04.57.38:192][339]LogActor:Warning: GameNetworkManager /Game/RollingBP/Maps/UEDPIE_0_RollingBPExampleMap.RollingBPExampleMap:PersistentLevel.GameNetworkManager_6 has natively added scene component(s), but none of them were set as the actor's RootComponent - picking one arbitrarily
[2016.02.09-04.57.38:193][339]LogWorld: Bringing up level for play took: 0.017392
[2016.02.09-04.57.38:194][339]PIE: 情報 /Game/RollingBP/Maps/UEDPIE_0_RollingBPExampleMap 0.186のプレイ イン エディタの開始時間
[2016.02.09-04.57.38:195][339]LogBlueprintUserMessages: Late PlayInEditor Detection: Level '/Game/RollingBP/Maps/RollingBPExampleMap.RollingBPExampleMap:PersistentLevel' has LevelScriptBlueprint '/Game/RollingBP/Maps/RollingBPExampleMap.RollingBPExampleMap:PersistentLevel.RollingBPExampleMap' with GeneratedClass '/Game/RollingBP/Maps/RollingBPExampleMap.RollingBPExampleMap_C' with ClassGeneratedBy '/Game/RollingBP/Maps/RollingBPExampleMap.RollingBPExampleMap:PersistentLevel.RollingBPExampleMap'
[2016.02.09-04.57.43:544][652]LogBlueprintUserMessages: Early EndPlayMap Detection: Level '/Game/RollingBP/Maps/RollingBPExampleMap.RollingBPExampleMap:PersistentLevel' has LevelScriptBlueprint '/Game/RollingBP/Maps/RollingBPExampleMap.RollingBPExampleMap:PersistentLevel.RollingBPExampleMap' with GeneratedClass '/Game/RollingBP/Maps/RollingBPExampleMap.RollingBPExampleMap_C' with ClassGeneratedBy '/Game/RollingBP/Maps/RollingBPExampleMap.RollingBPExampleMap:PersistentLevel.RollingBPExampleMap'
[2016.02.09-04.57.43:602][652]LogBlueprintUserMessages: Late EndPlayMap Detection: Level '/Game/RollingBP/Maps/RollingBPExampleMap.RollingBPExampleMap:PersistentLevel' has LevelScriptBlueprint '/Game/RollingBP/Maps/RollingBPExampleMap.RollingBPExampleMap:PersistentLevel.RollingBPExampleMap' with GeneratedClass '/Game/RollingBP/Maps/RollingBPExampleMap.RollingBPExampleMap_C' with ClassGeneratedBy '/Game/RollingBP/Maps/RollingBPExampleMap.RollingBPExampleMap:PersistentLevel.RollingBPExampleMap'
[2016.02.09-04.57.43:632][652]LogParticles: Destroying 0 GPU particle simulations for FXSystem 0x000001A29E311BC0
[2016.02.09-04.57.51:684][116]LogEditorViewport: Clicking on Actor (double click): StaticMeshActor (EditorCube11)
[2016.02.09-04.57.53:445][203]LogEditorViewport: Clicking on Actor (LMB): StaticMeshActor (Ground)
[2016.02.09-04.57.55:150][295]LogBlueprintUserMessages: Early PlayInEditor Detection: Level '/Game/RollingBP/Maps/RollingBPExampleMap.RollingBPExampleMap:PersistentLevel' has LevelScriptBlueprint '/Game/RollingBP/Maps/RollingBPExampleMap.RollingBPExampleMap:PersistentLevel.RollingBPExampleMap' with GeneratedClass '/Game/RollingBP/Maps/RollingBPExampleMap.RollingBPExampleMap_C' with ClassGeneratedBy '/Game/RollingBP/Maps/RollingBPExampleMap.RollingBPExampleMap:PersistentLevel.RollingBPExampleMap'
[2016.02.09-04.57.55:150][295]LogPlayLevel: PlayLevel: No blueprints needed recompiling
[2016.02.09-04.57.55:150][295]PIE: New page: PIEセッション: RollingBPExampleMap (2016/02/09 22:57:55)
[2016.02.09-04.57.55:150][295]LogPlayLevel: Creating play world package: /Game/RollingBP/Maps/UEDPIE_0_RollingBPExampleMap
[2016.02.09-04.57.55:190][295]LogPlayLevel: PIE: StaticDuplicateObject took: (0.040119s)
[2016.02.09-04.57.55:192][295]LogAIModule: Creating AISystem for world RollingBPExampleMap
[2016.02.09-04.57.55:192][295]LogPlayLevel: PIE: World Init took: (0.001684s)
[2016.02.09-04.57.55:193][295]LogPlayLevel: PIE: Created PIE world by copying editor world from /Game/RollingBP/Maps/RollingBPExampleMap.RollingBPExampleMap to /Game/RollingBP/Maps/UEDPIE_0_RollingBPExampleMap.RollingBPExampleMap (0.042268s)
[2016.02.09-04.57.55:232][295]LogInit: XAudio2 using 'スピーカー (Realtek High Definition Audio(SST))' : 2 channels at 48 kHz using 32 bits per sample (channel mask 0x3)
[2016.02.09-04.57.55:242][295]LogInit: FAudioDevice initialized.
[2016.02.09-04.57.55:282][295]LogWorld: Game class is 'RollingGameMode_C'
[2016.02.09-04.57.55:293][295]LogWorld: Bringing World /Game/RollingBP/Maps/UEDPIE_0_RollingBPExampleMap.RollingBPExampleMap up for play (max tick rate 60) at 2016.02.09-13.57.55
[2016.02.09-04.57.55:294][295]LogActor:Warning: GameSession /Game/RollingBP/Maps/UEDPIE_0_RollingBPExampleMap.RollingBPExampleMap:PersistentLevel.GameSession_7 has natively added scene component(s), but none of them were set as the actor's RootComponent - picking one arbitrarily
[2016.02.09-04.57.55:294][295]LogActor:Warning: GameNetworkManager /Game/RollingBP/Maps/UEDPIE_0_RollingBPExampleMap.RollingBPExampleMap:PersistentLevel.GameNetworkManager_7 has natively added scene component(s), but none of them were set as the actor's RootComponent - picking one arbitrarily
[2016.02.09-04.57.55:294][295]LogWorld: Bringing up level for play took: 0.011566
[2016.02.09-04.57.55:296][295]PIE: 情報 /Game/RollingBP/Maps/UEDPIE_0_RollingBPExampleMap -0.713のプレイ イン エディタの開始時間
[2016.02.09-04.57.55:296][295]LogBlueprintUserMessages: Late PlayInEditor Detection: Level '/Game/RollingBP/Maps/RollingBPExampleMap.RollingBPExampleMap:PersistentLevel' has LevelScriptBlueprint '/Game/RollingBP/Maps/RollingBPExampleMap.RollingBPExampleMap:PersistentLevel.RollingBPExampleMap' with GeneratedClass '/Game/RollingBP/Maps/RollingBPExampleMap.RollingBPExampleMap_C' with ClassGeneratedBy '/Game/RollingBP/Maps/RollingBPExampleMap.RollingBPExampleMap:PersistentLevel.RollingBPExampleMap'
[2016.02.09-04.57.57:963][448]LogBlueprintUserMessages: Early EndPlayMap Detection: Level '/Game/RollingBP/Maps/RollingBPExampleMap.RollingBPExampleMap:PersistentLevel' has LevelScriptBlueprint '/Game/RollingBP/Maps/RollingBPExampleMap.RollingBPExampleMap:PersistentLevel.RollingBPExampleMap' with GeneratedClass '/Game/RollingBP/Maps/RollingBPExampleMap.RollingBPExampleMap_C' with ClassGeneratedBy '/Game/RollingBP/Maps/RollingBPExampleMap.RollingBPExampleMap:PersistentLevel.RollingBPExampleMap'
[2016.02.09-04.57.58:052][448]LogBlueprintUserMessages: Late EndPlayMap Detection: Level '/Game/RollingBP/Maps/RollingBPExampleMap.RollingBPExampleMap:PersistentLevel' has LevelScriptBlueprint '/Game/RollingBP/Maps/RollingBPExampleMap.RollingBPExampleMap:PersistentLevel.RollingBPExampleMap' with GeneratedClass '/Game/RollingBP/Maps/RollingBPExampleMap.RollingBPExampleMap_C' with ClassGeneratedBy '/Game/RollingBP/Maps/RollingBPExampleMap.RollingBPExampleMap:PersistentLevel.RollingBPExampleMap'
[2016.02.09-04.57.58:134][449]LogParticles: Destroying 0 GPU particle simulations for FXSystem 0x000001A2DD558FE0
[2016.02.09-04.57.59:903][555]LogEditorViewport: Clicking on Actor (LMB): PhysicsBallBP_C (PhysicsBallBP)
[2016.02.09-04.58.10:334][743]LogSavePackage: Save=6841.250000ms
[2016.02.09-04.58.10:335][743]LogSavePackage: Moving '../../../../../../Users/kotaoue/Documents/Unreal Projects/DJYamabiko/Saved/RollingBPExampleMapBA28128A4A86E4F097F2D2955F891FCC.tmp' to '../../../../../../Users/kotaoue/Documents/Unreal Projects/DJYamabiko/Content/RollingBP/Maps/RollingBPExampleMap.umap'
[2016.02.09-04.58.10:351][743]LogSavePackage: Total save time: 6899.809752ms
[2016.02.09-04.58.10:351][743]LogSavePackage:Display: Finished SavePackage ../../../../../../Users/kotaoue/Documents/Unreal Projects/DJYamabiko/Content/RollingBP/Maps/RollingBPExampleMap.umap
[2016.02.09-04.58.10:396][743]LogFileHelpers: Saving map 'RollingBPExampleMap' took 7.037
[2016.02.09-05.00.49:137][289]Cmd: QUIT_EDITOR
[2016.02.09-05.00.49:869][289]LogWindowsTextInputMethodSystem:Display: IME system now activated using TSF (Microsoft IME).
[2016.02.09-05.00.49:870][289]LogWindowsTextInputMethodSystem:Display: IME system now activated using TSF (Microsoft IME).
[2016.02.09-05.00.50:031][289]LogExit: Preparing to exit.
[2016.02.09-05.00.50:439][289]LogExit: Editor shut down
[2016.02.09-05.00.50:439][289]LogExit: Transaction tracking system shut down
[2016.02.09-05.00.50:444][289]LogParticles: Destroying 0 GPU particle simulations for FXSystem 0x000001A29D1809A0
[2016.02.09-05.00.50:447][289]LogParticles: Destroying 0 GPU particle simulations for FXSystem 0x000001A2BCC3C7C0
[2016.02.09-05.00.50:447][289]LogParticles: Destroying 0 GPU particle simulations for FXSystem 0x000001A2DD5585E0
[2016.02.09-05.00.50:447][289]LogParticles: Destroying 0 GPU particle simulations for FXSystem 0x000001A2DD55B880
[2016.02.09-05.00.51:024][289]LogParticles: Destroying 0 GPU particle simulations for FXSystem 0x000001A2DD55BBA0
[2016.02.09-05.00.51:024][289]LogExit: Object subsystem successfully closed.
[2016.02.09-05.00.51:039][289]LogD3D11RHI: Shutdown
[2016.02.09-05.00.51:039][289]LogD3D11RHI: CleanupD3DDevice
[2016.02.09-05.00.51:235][289]LogD3D11RHI: ~FD3D11DynamicRHI
[2016.02.09-05.00.51:305][289]LogModuleManager: Shutting down and abandoning module CookingStats (199)
[2016.02.09-05.00.51:305][289]LogModuleManager: Shutting down and abandoning module CrashTracker (198)
[2016.02.09-05.00.51:305][289]LogModuleManager: Shutting down and abandoning module SceneOutliner (197)
[2016.02.09-05.00.51:305][289]LogModuleManager: Shutting down and abandoning module SuperSearch (196)
[2016.02.09-05.00.51:305][289]LogModuleManager: Shutting down and abandoning module WidgetCarousel (195)
[2016.02.09-05.00.51:305][289]LogModuleManager: Shutting down and abandoning module AddContentDialog (194)
[2016.02.09-05.00.51:337][289]LogModuleManager: Shutting down and abandoning module EditorWidgets (193)
[2016.02.09-05.00.51:337][289]LogModuleManager: Shutting down and abandoning module CollectionManager (192)
[2016.02.09-05.00.51:337][289]LogModuleManager: Shutting down and abandoning module StatsViewer (191)
[2016.02.09-05.00.51:337][289]LogModuleManager: Shutting down and abandoning module FoliageEdit (190)
[2016.02.09-05.00.51:337][289]LogModuleManager: Shutting down and abandoning module LandscapeEditor (189)
[2016.02.09-05.00.51:338][289]LogModuleManager: Shutting down and abandoning module ActorPickerMode (188)
[2016.02.09-05.00.51:338][289]LogModuleManager: Shutting down and abandoning module GeometryMode (187)
[2016.02.09-05.00.51:338][289]LogModuleManager: Shutting down and abandoning module TextureAlignMode (186)
[2016.02.09-05.00.51:338][289]LogModuleManager: Shutting down and abandoning module BspMode (185)
[2016.02.09-05.00.51:338][289]LogModuleManager: Shutting down and abandoning module PlacementMode (184)
[2016.02.09-05.00.51:338][289]LogModuleManager: Shutting down and abandoning module AutomationWorker (183)
[2016.02.09-05.00.51:338][289]LogModuleManager: Shutting down and abandoning module CharacterAI (182)
[2016.02.09-05.00.51:338][289]LogModuleManager: Shutting down and abandoning module SmartSnapping (181)
[2016.02.09-05.00.51:338][289]LogModuleManager: Shutting down and abandoning module ViewportSnapping (180)
[2016.02.09-05.00.51:338][289]LogModuleManager: Shutting down and abandoning module LogVisualizer (179)
[2016.02.09-05.00.51:338][289]LogModuleManager: Shutting down and abandoning module GameProjectGeneration (178)
[2016.02.09-05.00.51:338][289]LogModuleManager: Shutting down and abandoning module IntroTutorials (177)
[2016.02.09-05.00.51:339][289]LogModuleManager: Shutting down and abandoning module EditorLiveStreaming (176)
[2016.02.09-05.00.51:339][289]LogModuleManager: Shutting down and abandoning module IOSPlatformEditor (175)
[2016.02.09-05.00.51:339][289]LogModuleManager: Shutting down and abandoning module HTML5PlatformEditor (174)
[2016.02.09-05.00.51:339][289]LogModuleManager: Shutting down and abandoning module AndroidDeviceDetection (173)
[2016.02.09-05.00.52:184][289]LogModuleManager: Shutting down and abandoning module AndroidPlatformEditor (172)
[2016.02.09-05.00.52:185][289]LogModuleManager: Shutting down and abandoning module IOSRuntimeSettings (171)
[2016.02.09-05.00.52:185][289]LogModuleManager: Shutting down and abandoning module AndroidRuntimeSettings (170)
[2016.02.09-05.00.52:185][289]LogModuleManager: Shutting down and abandoning module MergeActors (169)
[2016.02.09-05.00.52:185][289]LogModuleManager: Shutting down and abandoning module SizeMap (168)
[2016.02.09-05.00.52:185][289]LogModuleManager: Shutting down and abandoning module TreeMap (167)
[2016.02.09-05.00.52:188][289]LogModuleManager: Shutting down and abandoning module ReferenceViewer (166)
[2016.02.09-05.00.52:317][289]LogModuleManager: Shutting down and abandoning module LocalizationService (165)
[2016.02.09-05.00.52:337][289]LogModuleManager: Shutting down and abandoning module LocalizationDashboard (164)
[2016.02.09-05.00.52:337][289]LogModuleManager: Shutting down and abandoning module HardwareTargeting (163)
[2016.02.09-05.00.52:337][289]LogModuleManager: Shutting down and abandoning module DeviceProfileEditor (162)
[2016.02.09-05.00.52:337][289]LogModuleManager: Shutting down and abandoning module UndoHistory (161)
[2016.02.09-05.00.52:337][289]LogModuleManager: Shutting down and abandoning module GameplayTagsEditor (160)
[2016.02.09-05.00.52:338][289]LogModuleManager: Shutting down and abandoning module UserFeedback (159)
[2016.02.09-05.00.52:338][289]LogModuleManager: Shutting down and abandoning module XmlParser (158)
[2016.02.09-05.00.52:338][289]LogModuleManager: Shutting down and abandoning module Blutility (157)
[2016.02.09-05.00.52:338][289]LogModuleManager: Shutting down and abandoning module ProjectTargetPlatformEditor (156)
[2016.02.09-05.00.52:338][289]LogModuleManager: Shutting down and abandoning module ProjectSettingsViewer (155)
[2016.02.09-05.00.52:338][289]LogModuleManager: Shutting down and abandoning module InputBindingEditor (154)
[2016.02.09-05.00.52:338][289]LogModuleManager: Shutting down and abandoning module EditorSettingsViewer (153)
[2016.02.09-05.00.52:339][289]LogModuleManager: Shutting down and abandoning module SettingsEditor (152)
[2016.02.09-05.00.52:339][289]LogModuleManager: Shutting down and abandoning module ProjectLauncher (151)
[2016.02.09-05.00.52:339][289]LogModuleManager: Shutting down and abandoning module SessionFrontend (150)
[2016.02.09-05.00.52:339][289]LogModuleManager: Shutting down and abandoning module ProfilerClient (149)
[2016.02.09-05.00.52:339][289]LogModuleManager: Shutting down and abandoning module TargetDeviceServices (148)
[2016.02.09-05.00.52:339][289]LogModuleManager: Shutting down and abandoning module DeviceManager (147)
[2016.02.09-05.00.52:339][289]LogModuleManager: Shutting down and abandoning module AutomationController (146)
[2016.02.09-05.00.52:339][289]LogModuleManager: Shutting down and abandoning module AutomationWindow (145)
[2016.02.09-05.00.52:339][289]LogModuleManager: Shutting down and abandoning module Layers (144)
[2016.02.09-05.00.52:339][289]LogModuleManager: Shutting down and abandoning module ComponentVisualizers (143)
[2016.02.09-05.00.52:339][289]LogModuleManager: Shutting down and abandoning module DetailCustomizations (142)
[2016.02.09-05.00.52:339][289]LogModuleManager: Shutting down and abandoning module PackagesDialog (141)
[2016.02.09-05.00.52:340][289]LogModuleManager: Shutting down and abandoning module Persona (140)
[2016.02.09-05.00.52:341][289]LogModuleManager: Shutting down and abandoning module Kismet (139)
[2016.02.09-05.00.52:341][289]LogModuleManager: Shutting down and abandoning module GraphEditor (138)
[2016.02.09-05.00.52:342][289]LogModuleManager: Shutting down and abandoning module ClassViewer (137)
[2016.02.09-05.00.52:346][289]LogModuleManager: Shutting down and abandoning module Toolbox (136)
[2016.02.09-05.00.52:346][289]LogModuleManager: Shutting down and abandoning module ModuleUI (135)
[2016.02.09-05.00.52:346][289]LogModuleManager: Shutting down and abandoning module MovieSceneTools (134)
[2016.02.09-05.00.52:346][289]LogModuleManager: Shutting down and abandoning module OutputLog (133)
[2016.02.09-05.00.52:346][289]LogModuleManager: Shutting down and abandoning module GammaUI (132)
[2016.02.09-05.00.52:346][289]LogModuleManager: Shutting down and abandoning module Documentation (131)
[2016.02.09-05.00.52:346][289]LogModuleManager: Shutting down and abandoning module GameLiveStreaming (130)
[2016.02.09-05.00.52:346][289]LogModuleManager: Shutting down and abandoning module StreamingPauseRendering (129)
[2016.02.09-05.00.52:346][289]LogModuleManager: Shutting down and abandoning module AnalyticsET (128)
[2016.02.09-05.00.52:346][289]LogModuleManager: Shutting down and abandoning module Analytics (127)
[2016.02.09-05.00.52:347][289]LogModuleManager: Shutting down and abandoning module AITestSuite (126)
[2016.02.09-05.00.52:347][289]LogModuleManager: Shutting down and abandoning module GameplayDebugger (125)
[2016.02.09-05.00.52:347][289]LogModuleManager: Shutting down and abandoning module AIModule (124)
[2016.02.09-05.00.52:347][289]LogModuleManager: Shutting down and abandoning module ProfilerService (123)
[2016.02.09-05.00.52:470][289]LogModuleManager: Shutting down and abandoning module TaskGraph (122)
[2016.02.09-05.00.52:471][289]LogModuleManager: Shutting down and abandoning module SlateRemote (121)
[2016.02.09-05.00.52:471][289]LogModuleManager: Shutting down and abandoning module SteamVRController (120)
[2016.02.09-05.00.52:472][289]LogModuleManager: Shutting down and abandoning module SteamVR (119)
[2016.02.09-05.00.52:472][289]LogModuleManager: Shutting down and abandoning module ProceduralMeshComponent (118)
[2016.02.09-05.00.52:472][289]LogModuleManager: Shutting down and abandoning module OculusLibrary (117)
[2016.02.09-05.00.52:472][289]LogModuleManager: Shutting down and abandoning module OculusInput (116)
[2016.02.09-05.00.52:472][289]LogModuleManager: Shutting down and abandoning module LeapMotionController (115)
[2016.02.09-05.00.52:520][289]LogModuleManager: Shutting down and abandoning module CustomMeshComponent (114)
[2016.02.09-05.00.52:520][289]LogModuleManager: Shutting down and abandoning module CableComponent (113)
[2016.02.09-05.00.52:521][289]LogModuleManager: Shutting down and abandoning module ArchVisCharacter (112)
[2016.02.09-05.00.52:521][289]LogModuleManager: Shutting down and abandoning module MessagingDebugger (111)
[2016.02.09-05.00.52:521][289]LogModuleManager: Shutting down and abandoning module MediaPlayerEditor (110)
[2016.02.09-05.00.52:521][289]LogModuleManager: Shutting down and abandoning module HTML5Networking (109)
[2016.02.09-05.00.52:521][289]LogModuleManager: Shutting down and abandoning module SpeedTreeImporter (108)
[2016.02.09-05.00.52:521][289]LogModuleManager: Shutting down and abandoning module PluginBrowser (107)
[2016.02.09-05.00.52:521][289]LogModuleManager: Shutting down and abandoning module EpicSurvey (106)
[2016.02.09-05.00.52:521][289]LogModuleManager: Shutting down and abandoning module DesktopPlatform (105)
[2016.02.09-05.00.52:521][289]LogModuleManager: Shutting down and abandoning module VisualStudioSourceCodeAccess (104)
[2016.02.09-05.00.52:521][289]LogModuleManager: Shutting down and abandoning module UObjectPlugin (103)
[2016.02.09-05.00.52:521][289]LogModuleManager: Shutting down and abandoning module SubversionSourceControl (102)
[2016.02.09-05.00.52:521][289]LogModuleManager: Shutting down and abandoning module PerforceSourceControl (101)
[2016.02.09-05.00.52:521][289]LogModuleManager: Shutting down and abandoning module SourceControl (100)
[2016.02.09-05.00.52:521][289]LogModuleManager: Shutting down and abandoning module GitSourceControl (99)
[2016.02.09-05.00.52:521][289]LogModuleManager: Shutting down and abandoning module LightPropagationVolumeEditor (98)
[2016.02.09-05.00.52:521][289]LogModuleManager: Shutting down and abandoning module PaperTiledImporter (97)
[2016.02.09-05.00.52:521][289]LogModuleManager: Shutting down and abandoning module PaperSpriteSheetImporter (96)
[2016.02.09-05.00.52:521][289]LogModuleManager: Shutting down and abandoning module MeshPaint (95)
[2016.02.09-05.00.52:521][289]LogModuleManager: Shutting down and abandoning module SlateReflector (94)
[2016.02.09-05.00.52:521][289]LogModuleManager: Shutting down and abandoning module HotReload (93)
[2016.02.09-05.00.52:522][289]LogModuleManager: Shutting down and abandoning module MainFrame (92)
[2016.02.09-05.00.52:522][289]LogModuleManager: Shutting down and abandoning module LevelEditor (91)
[2016.02.09-05.00.52:527][289]LogModuleManager: Shutting down and abandoning module DirectoryWatcher (90)
[2016.02.09-05.00.52:532][289]LogModuleManager: Shutting down and abandoning module AssetRegistry (89)
[2016.02.09-05.00.53:018][289]LogModuleManager: Shutting down and abandoning module ContentBrowser (88)
[2016.02.09-05.00.53:019][289]LogModuleManager: Shutting down and abandoning module Paper2DEditor (87)
[2016.02.09-05.00.53:020][289]LogModuleManager: Shutting down and abandoning module UdpMessaging (86)
[2016.02.09-05.00.53:157][289]LogModuleManager: Shutting down and abandoning module LightPropagationVolumeRuntime (85)
[2016.02.09-05.00.53:157][289]LogModuleManager: Shutting down and abandoning module Paper2D (84)
[2016.02.09-05.00.53:157][289]LogModuleManager: Shutting down and abandoning module WindowsMoviePlayer (83)
[2016.02.09-05.00.53:217][289]LogModuleManager: Shutting down and abandoning module Media (82)
[2016.02.09-05.00.53:217][289]LogModuleManager: Shutting down and abandoning module WmfMedia (81)
[2016.02.09-05.00.53:217][289]LogModuleManager: Shutting down and abandoning module OnlineBlueprintSupport (80)
[2016.02.09-05.00.53:217][289]LogModuleManager: Shutting down and abandoning module GameplayTasksEditor (79)
[2016.02.09-05.00.53:217][289]LogModuleManager: Shutting down and abandoning module PropertyEditor (78)
[2016.02.09-05.00.53:217][289]LogModuleManager: Shutting down and abandoning module BehaviorTreeEditor (77)
[2016.02.09-05.00.53:217][289]LogModuleManager: Shutting down and abandoning module FunctionalTesting (76)
[2016.02.09-05.00.53:217][289]LogModuleManager: Shutting down and abandoning module CollisionAnalyzer (75)
[2016.02.09-05.00.53:218][289]LogModuleManager: Shutting down and abandoning module WorkspaceMenuStructure (74)
[2016.02.09-05.00.53:218][289]LogModuleManager: Shutting down and abandoning module MessageLog (73)
[2016.02.09-05.00.53:218][289]LogModuleManager: Shutting down and abandoning module Sequencer (72)
[2016.02.09-05.00.53:218][289]LogModuleManager: Shutting down and abandoning module AssetTools (71)
[2016.02.09-05.00.53:218][289]LogModuleManager: Shutting down and abandoning module UMGEditor (70)
[2016.02.09-05.00.53:218][289]LogModuleManager: Shutting down and abandoning module UMG (69)
[2016.02.09-05.00.53:219][289]LogModuleManager: Shutting down and abandoning module Slate (68)
[2016.02.09-05.00.53:219][289]LogModuleManager: Shutting down and abandoning module EditorStyle (67)
[2016.02.09-05.00.53:226][289]LogModuleManager: Shutting down and abandoning module SessionServices (66)
[2016.02.09-05.00.53:226][289]LogModuleManager: Shutting down and abandoning module SourceCodeAccess (65)
[2016.02.09-05.00.53:226][289]LogModuleManager: Shutting down and abandoning module HeadMountedDisplay (64)
[2016.02.09-05.00.53:226][289]LogModuleManager: Shutting down and abandoning module XAudio2 (63)
[2016.02.09-05.00.53:226][289]LogModuleManager: Shutting down and abandoning module Networking (61)
[2016.02.09-05.00.53:226][289]LogModuleManager: Shutting down and abandoning module Core (60)
[2016.02.09-05.00.53:226][289]LogModuleManager: Shutting down and abandoning module KismetCompiler (59)
[2016.02.09-05.00.53:226][289]LogModuleManager: Shutting down and abandoning module PhysXFormats (58)
[2016.02.09-05.00.53:226][289]LogModuleManager: Shutting down and abandoning module MeshUtilities (57)
[2016.02.09-05.00.53:226][289]LogModuleManager: Shutting down and abandoning module DerivedDataCache (56)
[2016.02.09-05.00.53:257][289]LogDerivedDataCache: Shutdown
[2016.02.09-05.00.53:257][289]LogModuleManager: Shutting down and abandoning module ShaderFormatOpenGL (55)
[2016.02.09-05.00.53:257][289]LogModuleManager: Shutting down and abandoning module ShaderFormatD3D (54)
[2016.02.09-05.00.53:258][289]LogModuleManager: Shutting down and abandoning module MetalShaderFormat (53)
[2016.02.09-05.00.53:258][289]LogModuleManager: Shutting down and abandoning module TextureFormatUncompressed (52)
[2016.02.09-05.00.53:258][289]LogModuleManager: Shutting down and abandoning module TextureFormatPVR (51)
[2016.02.09-05.00.53:258][289]LogModuleManager: Shutting down and abandoning module TextureFormatIntelISPCTexComp (50)
[2016.02.09-05.00.53:258][289]LogModuleManager: Shutting down and abandoning module TextureFormatDXT (49)
[2016.02.09-05.00.53:258][289]LogModuleManager: Shutting down and abandoning module ImageWrapper (48)
[2016.02.09-05.00.53:258][289]LogModuleManager: Shutting down and abandoning module TextureFormatASTC (47)
[2016.02.09-05.00.53:258][289]LogModuleManager: Shutting down and abandoning module TextureFormatAndroid (46)
[2016.02.09-05.00.53:258][289]LogModuleManager: Shutting down and abandoning module AudioFormatOpus (45)
[2016.02.09-05.00.53:258][289]LogModuleManager: Shutting down and abandoning module AudioFormatOgg (44)
[2016.02.09-05.00.53:258][289]LogModuleManager: Shutting down and abandoning module AudioFormatADPCM (43)
[2016.02.09-05.00.53:258][289]LogModuleManager: Shutting down and abandoning module LinuxTargetPlatform (42)
[2016.02.09-05.00.53:261][289]LogModuleManager: Shutting down and abandoning module LinuxServerTargetPlatform (41)
[2016.02.09-05.00.53:261][289]LogModuleManager: Shutting down and abandoning module LinuxNoEditorTargetPlatform (40)
[2016.02.09-05.00.53:261][289]LogModuleManager: Shutting down and abandoning module Messaging (39)
[2016.02.09-05.00.53:261][289]LogModuleManager: Shutting down and abandoning module IOSTargetPlatform (38)
[2016.02.09-05.00.53:261][289]LogModuleManager: Shutting down and abandoning module HTML5TargetPlatform (37)
[2016.02.09-05.00.53:261][289]LogModuleManager: Shutting down and abandoning module Android_PVRTCTargetPlatform (36)
[2016.02.09-05.00.53:261][289]LogModuleManager: Shutting down and abandoning module Android_MultiTargetPlatform (35)
[2016.02.09-05.00.53:261][289]LogModuleManager: Shutting down and abandoning module Android_ETC2TargetPlatform (34)
[2016.02.09-05.00.53:261][289]LogModuleManager: Shutting down and abandoning module Android_ETC1TargetPlatform (33)
[2016.02.09-05.00.53:261][289]LogModuleManager: Shutting down and abandoning module Android_DXTTargetPlatform (32)
[2016.02.09-05.00.53:261][289]LogModuleManager: Shutting down and abandoning module Android_ATCTargetPlatform (31)
[2016.02.09-05.00.53:261][289]LogModuleManager: Shutting down and abandoning module Android_ASTCTargetPlatform (30)
[2016.02.09-05.00.53:261][289]LogModuleManager: Shutting down and abandoning module AndroidTargetPlatform (29)
[2016.02.09-05.00.53:262][289]LogModuleManager: Shutting down and abandoning module WindowsTargetPlatform (28)
[2016.02.09-05.00.53:262][289]LogModuleManager: Shutting down and abandoning module WindowsServerTargetPlatform (27)
[2016.02.09-05.00.53:262][289]LogModuleManager: Shutting down and abandoning module WindowsNoEditorTargetPlatform (26)
[2016.02.09-05.00.53:262][289]LogModuleManager: Shutting down and abandoning module WindowsClientTargetPlatform (25)
[2016.02.09-05.00.53:262][289]LogModuleManager: Shutting down and abandoning module AllDesktopTargetPlatform (24)
[2016.02.09-05.00.53:262][289]LogModuleManager: Shutting down and abandoning module TargetPlatform (23)
[2016.02.09-05.00.53:262][289]LogModuleManager: Shutting down and abandoning module InputCore (22)
[2016.02.09-05.00.53:262][289]LogModuleManager: Shutting down and abandoning module Settings (21)
[2016.02.09-05.00.53:264][289]LogModuleManager: Shutting down and abandoning module OnlineSubsystem (19)
[2016.02.09-05.00.53:264][289]LogModuleManager: Shutting down and abandoning module HTTP (18)
[2016.02.09-05.00.56:346][289]LogModuleManager: Shutting down and abandoning module XMPP (17)
[2016.02.09-05.00.56:346][289]LogModuleManager: Shutting down and abandoning module OculusRift (16)
[2016.02.09-05.00.56:346][289]LogModuleManager: Shutting down and abandoning module ExampleDeviceProfileSelector (15)
[2016.02.09-05.00.56:346][289]LogModuleManager: Shutting down and abandoning module TextureCompressor (14)
[2016.02.09-05.00.56:346][289]LogModuleManager: Shutting down and abandoning module ShaderCore (13)
[2016.02.09-05.00.56:346][289]LogModuleManager: Shutting down and abandoning module Landscape (12)
[2016.02.09-05.00.56:346][289]LogModuleManager: Shutting down and abandoning module SlateRHIRenderer (11)
[2016.02.09-05.00.56:353][289]LogModuleManager: Shutting down and abandoning module OpenGLDrv (10)
[2016.02.09-05.00.56:353][289]LogModuleManager: Shutting down and abandoning module D3D11RHI (9)
[2016.02.09-05.00.56:353][289]LogModuleManager: Shutting down and abandoning module AnimGraphRuntime (8)
[2016.02.09-05.00.56:353][289]LogModuleManager: Shutting down and abandoning module Renderer (7)
[2016.02.09-05.00.56:353][289]LogModuleManager: Shutting down and abandoning module Engine (6)
[2016.02.09-05.00.56:353][289]LogModuleManager: Shutting down and abandoning module CoreUObject (5)
[2016.02.09-05.00.56:353][289]LogModuleManager: Shutting down and abandoning module NetworkFile (4)
[2016.02.09-05.00.56:353][289]LogModuleManager: Shutting down and abandoning module StreamingFile (3)
[2016.02.09-05.00.56:353][289]LogModuleManager: Shutting down and abandoning module SandboxFile (2)
[2016.02.09-05.00.56:353][289]LogModuleManager: Shutting down and abandoning module PakFile (1)
[2016.02.09-05.00.56:355][289]LogExit: Exiting.
[2016.02.09-05.00.56:357][289]Log file closed, 02/09/16 14:00:56
